Archive member included to satisfy reference by file (symbol)

/home/atmatm6/devkitPro/libctru/lib/libctru.a(gfx.o)
                              main.o (gfxInitDefault)
/home/atmatm6/devkitPro/libctru/lib/libctru.a(console.o)
                              main.o (consoleInit)
/home/atmatm6/devkitPro/libctru/lib/libctru.a(gx.o)
                              /home/atmatm6/devkitPro/libctru/lib/libctru.a(gfx.o) (gxCmdBuf)
/home/atmatm6/devkitPro/libctru/lib/libctru.a(hid.o)
                              main.o (hidScanInput)
/home/atmatm6/devkitPro/libctru/lib/libctru.a(apt.o)
                              main.o (aptMainLoop)
/home/atmatm6/devkitPro/libctru/lib/libctru.a(news.o)
                              main.o (newsInit)
/home/atmatm6/devkitPro/libctru/lib/libctru.a(gspgpu.o)
                              /home/atmatm6/devkitPro/libctru/lib/libctru.a(gfx.o) (gspInit)
/home/atmatm6/devkitPro/libctru/lib/libctru.a(irrst.o)
                              /home/atmatm6/devkitPro/libctru/lib/libctru.a(hid.o) (irrstScanInput)
/home/atmatm6/devkitPro/libctru/lib/libctru.a(swkbd.o)
                              main.o (swkbdInit)
/home/atmatm6/devkitPro/libctru/lib/libctru.a(utf8_to_utf16.o)
                              /home/atmatm6/devkitPro/libctru/lib/libctru.a(swkbd.o) (utf8_to_utf16)
/home/atmatm6/devkitPro/libctru/lib/libctru.a(decode_utf8.o)
                              /home/atmatm6/devkitPro/libctru/lib/libctru.a(utf8_to_utf16.o) (decode_utf8)
/home/atmatm6/devkitPro/libctru/lib/libctru.a(utf16_to_utf8.o)
                              /home/atmatm6/devkitPro/libctru/lib/libctru.a(swkbd.o) (utf16_to_utf8)
/home/atmatm6/devkitPro/libctru/lib/libctru.a(encode_utf8.o)
                              /home/atmatm6/devkitPro/libctru/lib/libctru.a(utf16_to_utf8.o) (encode_utf8)
/home/atmatm6/devkitPro/libctru/lib/libctru.a(encode_utf16.o)
                              /home/atmatm6/devkitPro/libctru/lib/libctru.a(utf8_to_utf16.o) (encode_utf16)
/home/atmatm6/devkitPro/libctru/lib/libctru.a(initArgv.o)
                              /home/atmatm6/devkitPro/devkitARM/bin/../lib/gcc/arm-none-eabi/6.3.0/../../../../arm-none-eabi/lib/armv6k/fpu/3dsx_crt0.o (__system_argc)
/home/atmatm6/devkitPro/libctru/lib/libctru.a(initSystem.o)
                              /home/atmatm6/devkitPro/libctru/lib/libctru.a(apt.o) (__system_retAddr)
/home/atmatm6/devkitPro/libctru/lib/libctru.a(svc.o)
                              /home/atmatm6/devkitPro/libctru/lib/libctru.a(apt.o) (svcExitProcess)
/home/atmatm6/devkitPro/libctru/lib/libctru.a(stack_adjust.o)
                              /home/atmatm6/devkitPro/devkitARM/bin/../lib/gcc/arm-none-eabi/6.3.0/../../../../arm-none-eabi/lib/armv6k/fpu/3dsx_crt0.o (initSystem)
/home/atmatm6/devkitPro/libctru/lib/libctru.a(default_font.bin.o)
                              /home/atmatm6/devkitPro/libctru/lib/libctru.a(console.o) (default_font_bin)
/home/atmatm6/devkitPro/libctru/lib/libctru.a(linear.o)
                              /home/atmatm6/devkitPro/libctru/lib/libctru.a(gfx.o) (linearAlloc)
/home/atmatm6/devkitPro/libctru/lib/libctru.a(mappable.o)
                              /home/atmatm6/devkitPro/libctru/lib/libctru.a(gfx.o) (mappableAlloc)
/home/atmatm6/devkitPro/libctru/lib/libctru.a(vram.o)
                              /home/atmatm6/devkitPro/libctru/lib/libctru.a(gfx.o) (vramAlloc)
/home/atmatm6/devkitPro/libctru/lib/libctru.a(thread.o)
                              /home/atmatm6/devkitPro/libctru/lib/libctru.a(apt.o) (threadCreate)
/home/atmatm6/devkitPro/libctru/lib/libctru.a(srv.o)
                              /home/atmatm6/devkitPro/libctru/lib/libctru.a(apt.o) (srvInit)
/home/atmatm6/devkitPro/libctru/lib/libctru.a(os.o)
                              /home/atmatm6/devkitPro/libctru/lib/libctru.a(news.o) (osGetTime)
/home/atmatm6/devkitPro/libctru/lib/libctru.a(env.o)
                              /home/atmatm6/devkitPro/libctru/lib/libctru.a(irrst.o) (envGetHandle)
/home/atmatm6/devkitPro/libctru/lib/libctru.a(synchronization.o)
                              /home/atmatm6/devkitPro/libctru/lib/libctru.a(initSystem.o) (__sync_init)
/home/atmatm6/devkitPro/libctru/lib/libctru.a(ptmsysm.o)
                              /home/atmatm6/devkitPro/libctru/lib/libctru.a(os.o) (ptmSysmInit)
/home/atmatm6/devkitPro/libctru/lib/libctru.a(rbtree_find.o)
                              /home/atmatm6/devkitPro/libctru/lib/libctru.a(linear.o) (rbtree_find)
/home/atmatm6/devkitPro/libctru/lib/libctru.a(rbtree_remove.o)
                              /home/atmatm6/devkitPro/libctru/lib/libctru.a(linear.o) (rbtree_remove)
/home/atmatm6/devkitPro/libctru/lib/libctru.a(rbtree_iterator.o)
                              /home/atmatm6/devkitPro/libctru/lib/libctru.a(rbtree_remove.o) (rbtree_node_next)
/home/atmatm6/devkitPro/libctru/lib/libctru.a(rbtree_rotate.o)
                              /home/atmatm6/devkitPro/libctru/lib/libctru.a(rbtree_remove.o) (rbtree_rotate)
[...]
Memory Configuration

Name             Origin             Length             Attributes
*default*        0x0000000000000000 0xffffffffffffffff

Linker script and memory map

                0x0000000000100000                PROVIDE (__start__, 0x100000)
                0x0000000000100000                . = __start__

.text           0x0000000000100000    0x2011c
 *(.crt0)
 .crt0          0x0000000000100000       0x94 /home/atmatm6/devkitPro/devkitARM/bin/../lib/gcc/arm-none-eabi/6.3.0/../../../../arm-none-eabi/lib/armv6k/fpu/3dsx_crt0.o
                0x0000000000100000                _start
                0x0000000000100008                __service_ptr
                0x000000000010000c                __apt_appid
                0x0000000000100010                __heap_size
                0x0000000000100014                __linear_heap_size
                0x0000000000100018                __system_arglist
                0x000000000010001c                __system_runflags
 *(.init)
 .init          0x0000000000100094        0xc /home/atmatm6/devkitPro/devkitARM/bin/../lib/gcc/arm-none-eabi/6.3.0/armv6k/fpu/crti.o
                0x0000000000100094                _init
 .init          0x00000000001000a0        0xc /home/atmatm6/devkitPro/devkitARM/bin/../lib/gcc/arm-none-eabi/6.3.0/armv6k/fpu/crtn.o
                0x00000000001000ac                . = ALIGN (0x4)
 *(.text)
 .text          0x00000000001000ac       0x64 /home/atmatm6/devkitPro/libctru/lib/libctru.a(stack_adjust.o)
                0x00000000001000ac                initSystem
                0x00000000001000f0                __ctru_exit
 .text          0x0000000000100110      0x240 /home/atmatm6/devkitPro/devkitARM/bin/../lib/gcc/arm-none-eabi/6.3.0/armv6k/fpu/libgcc.a(_divsi3.o)
                0x0000000000100110                __aeabi_idiv
                0x0000000000100110                __divsi3
                0x0000000000100330                __aeabi_idivmod
 .text          0x0000000000100350        0x4 /home/atmatm6/devkitPro/devkitARM/bin/../lib/gcc/arm-none-eabi/6.3.0/armv6k/fpu/libgcc.a(_dvmd_tls.o)
                0x0000000000100350                __aeabi_ldiv0
                0x0000000000100350                __aeabi_idiv0
 .text          0x0000000000100354       0x3c /home/atmatm6/devkitPro/devkitARM/bin/../lib/gcc/arm-none-eabi/6.3.0/armv6k/fpu/libgcc.a(_aeabi_uldivmod.o)
                0x0000000000100354                __aeabi_uldivmod
 *fill*         0x0000000000100390       0x10 
 .text          0x00000000001003a0      0x390 /home/atmatm6/devkitPro/devkitARM/bin/../lib/gcc/arm-none-eabi/6.3.0/../../../../arm-none-eabi/lib/armv6k/fpu/libg.a(lib_a-strcmp.o)
                0x00000000001003a8                strcmp
 .text          0x0000000000100730      0x20c /home/atmatm6/devkitPro/devkitARM/bin/../lib/gcc/arm-none-eabi/6.3.0/armv6k/fpu/libgcc.a(_udivsi3.o)
                0x0000000000100730                __udivsi3
                0x0000000000100730                __aeabi_uidiv
                0x000000000010091c                __aeabi_uidivmod
 *(.text.*)
 .text.deregister_tm_clones
                0x000000000010093c       0x30 /home/atmatm6/devkitPro/devkitARM/bin/../lib/gcc/arm-none-eabi/6.3.0/armv6k/fpu/crtbegin.o
 .text.register_tm_clones
                0x000000000010096c       0x38 /home/atmatm6/devkitPro/devkitARM/bin/../lib/gcc/arm-none-eabi/6.3.0/armv6k/fpu/crtbegin.o
 .text.__do_global_dtors_aux
                0x00000000001009a4       0x44 /home/atmatm6/devkitPro/devkitARM/bin/../lib/gcc/arm-none-eabi/6.3.0/armv6k/fpu/crtbegin.o
 .text.frame_dummy
                0x00000000001009e8       0x5c /home/atmatm6/devkitPro/devkitARM/bin/../lib/gcc/arm-none-eabi/6.3.0/armv6k/fpu/crtbegin.o
 .text.startup.main
                0x0000000000100a44      0x1a0 main.o
                0x0000000000100a44                main
 .text.gfxSetFramebufferInfo.part.0
                0x0000000000100be4       0x8c /home/atmatm6/devkitPro/libctru/lib/libctru.a(gfx.o)
 .text.__get_bytes_per_pixel
                0x0000000000100c70       0x18 /home/atmatm6/devkitPro/libctru/lib/libctru.a(gfx.o)
                0x0000000000100c70                __get_bytes_per_pixel
 .text.gfxSetScreenFormat
                0x0000000000100c88      0x174 /home/atmatm6/devkitPro/libctru/lib/libctru.a(gfx.o)
                0x0000000000100c88                gfxSetScreenFormat
 .text.gfxSetDoubleBuffering
                0x0000000000100dfc       0x14 /home/atmatm6/devkitPro/libctru/lib/libctru.a(gfx.o)
                0x0000000000100dfc                gfxSetDoubleBuffering
 .text.gfxSetFramebufferInfo
                0x0000000000100e10       0x70 /home/atmatm6/devkitPro/libctru/lib/libctru.a(gfx.o)
                0x0000000000100e10                gfxSetFramebufferInfo
 .text.gfxWriteFramebufferInfo
                0x0000000000100e80       0x88 /home/atmatm6/devkitPro/libctru/lib/libctru.a(gfx.o)
                0x0000000000100e80                gfxWriteFramebufferInfo
 .text.gfxInit  0x0000000000100f08      0x1fc /home/atmatm6/devkitPro/libctru/lib/libctru.a(gfx.o)
                0x0000000000100f08                gfxInit
 .text.gfxInitDefault
                0x0000000000101104       0x10 /home/atmatm6/devkitPro/libctru/lib/libctru.a(gfx.o)
                0x0000000000101104                gfxInitDefault
 .text.gfxExit  0x0000000000101114       0xe0 /home/atmatm6/devkitPro/libctru/lib/libctru.a(gfx.o)
                0x0000000000101114                gfxExit
 .text.gfxGetFramebuffer
                0x00000000001011f4       0xb0 /home/atmatm6/devkitPro/libctru/lib/libctru.a(gfx.o)
                0x00000000001011f4                gfxGetFramebuffer
 .text.gfxFlushBuffers
                0x00000000001012a4       0xc8 /home/atmatm6/devkitPro/libctru/lib/libctru.a(gfx.o)
                0x00000000001012a4                gfxFlushBuffers
 .text.gfxConfigScreen
                0x000000000010136c       0x70 /home/atmatm6/devkitPro/libctru/lib/libctru.a(gfx.o)
                0x000000000010136c                gfxConfigScreen
 .text.gfxSwapBuffers
                0x00000000001013dc       0x20 /home/atmatm6/devkitPro/libctru/lib/libctru.a(gfx.o)
                0x00000000001013dc                gfxSwapBuffers
 .text.gfxSwapBuffersGpu
                0x00000000001013fc       0x20 /home/atmatm6/devkitPro/libctru/lib/libctru.a(gfx.o)
                0x00000000001013fc                gfxSwapBuffersGpu
 .text.debug_write
                0x000000000010141c       0x1c /home/atmatm6/devkitPro/libctru/lib/libctru.a(console.o)
                0x000000000010141c                debug_write
 .text.consoleDrawChar
                0x0000000000101438      0x1b0 /home/atmatm6/devkitPro/libctru/lib/libctru.a(console.o)
                0x0000000000101438                consoleDrawChar
 .text.consolePrintChar
                0x00000000001015e8      0x124 /home/atmatm6/devkitPro/libctru/lib/libctru.a(console.o)
                0x00000000001015e8                consolePrintChar
 .text.consoleCls
                0x000000000010170c      0x190 /home/atmatm6/devkitPro/libctru/lib/libctru.a(console.o)
 .text.consoleInit
                0x000000000010189c       0xf8 /home/atmatm6/devkitPro/libctru/lib/libctru.a(console.o)
                0x000000000010189c                consoleInit
 .text.consoleClearLine
                0x0000000000101994      0x144 /home/atmatm6/devkitPro/libctru/lib/libctru.a(console.o)
 .text.newRow   0x0000000000101ad8       0xbc /home/atmatm6/devkitPro/libctru/lib/libctru.a(console.o)
 .text.con_write
                0x0000000000101b94      0x79c /home/atmatm6/devkitPro/libctru/lib/libctru.a(console.o)
                0x0000000000101b94                con_write
 .text.hidExit  0x0000000000102330       0xd0 /home/atmatm6/devkitPro/libctru/lib/libctru.a(hid.o)
                0x0000000000102330                hidExit
 .text.hidScanInput
                0x0000000000102400      0x234 /home/atmatm6/devkitPro/libctru/lib/libctru.a(hid.o)
                0x0000000000102400                hidScanInput
 .text.hidKeysDown
                0x0000000000102634       0x10 /home/atmatm6/devkitPro/libctru/lib/libctru.a(hid.o)
                0x0000000000102634                hidKeysDown
 .text.HIDUSER_GetHandles
                0x0000000000102644       0x90 /home/atmatm6/devkitPro/libctru/lib/libctru.a(hid.o)
                0x0000000000102644                HIDUSER_GetHandles
 .text.hidInit  0x00000000001026d4      0x18c /home/atmatm6/devkitPro/libctru/lib/libctru.a(hid.o)
                0x00000000001026d4                hidInit
 .text._aptDebug
                0x0000000000102860        0x4 /home/atmatm6/devkitPro/libctru/lib/libctru.a(apt.o)
                0x0000000000102860                _aptDebug
 .text.aptSendCommand
                0x0000000000102864      0x130 /home/atmatm6/devkitPro/libctru/lib/libctru.a(apt.o)
                0x0000000000102864                aptSendCommand
 .text.aptExitProcess
                0x0000000000102994       0x3c /home/atmatm6/devkitPro/libctru/lib/libctru.a(apt.o)
 .text.aptSetMessageCallback
                0x00000000001029d0       0x14 /home/atmatm6/devkitPro/libctru/lib/libctru.a(apt.o)
                0x00000000001029d0                aptSetMessageCallback
 .text.APT_InquireNotification
                0x00000000001029e4       0x4c /home/atmatm6/devkitPro/libctru/lib/libctru.a(apt.o)
                0x00000000001029e4                APT_InquireNotification
 .text.aptEventHandler
                0x0000000000102a30      0x19c /home/atmatm6/devkitPro/libctru/lib/libctru.a(apt.o)
 .text.APT_AppletUtility
                0x0000000000102bcc       0x74 /home/atmatm6/devkitPro/libctru/lib/libctru.a(apt.o)
                0x0000000000102bcc                APT_AppletUtility
 .text.aptSetSleepAllowed
                0x0000000000102c40       0xb4 /home/atmatm6/devkitPro/libctru/lib/libctru.a(apt.o)
                0x0000000000102c40                aptSetSleepAllowed
 .text.APT_GlanceParameter
                0x0000000000102cf4       0xb4 /home/atmatm6/devkitPro/libctru/lib/libctru.a(apt.o)
                0x0000000000102cf4                APT_GlanceParameter
 .text.APT_ReceiveParameter
                0x0000000000102da8       0xc0 /home/atmatm6/devkitPro/libctru/lib/libctru.a(apt.o)
                0x0000000000102da8                APT_ReceiveParameter
 .text.aptReceiveParameter.constprop.1
                0x0000000000102e68       0xa8 /home/atmatm6/devkitPro/libctru/lib/libctru.a(apt.o)
 .text.aptScreenTransfer
                0x0000000000102f10      0x1ec /home/atmatm6/devkitPro/libctru/lib/libctru.a(apt.o)
 .text.aptWaitForWakeUp
                0x00000000001030fc      0x228 /home/atmatm6/devkitPro/libctru/lib/libctru.a(apt.o)
 .text.APT_SendParameter
                0x0000000000103324       0x58 /home/atmatm6/devkitPro/libctru/lib/libctru.a(apt.o)
                0x0000000000103324                APT_SendParameter
 .text.APT_CancelParameter
                0x000000000010337c       0x70 /home/atmatm6/devkitPro/libctru/lib/libctru.a(apt.o)
                0x000000000010337c                APT_CancelParameter
 .text.aptInit  0x00000000001033ec      0x230 /home/atmatm6/devkitPro/libctru/lib/libctru.a(apt.o)
                0x00000000001033ec                aptInit
 .text.aptClearParamQueue
                0x000000000010361c       0x8c /home/atmatm6/devkitPro/libctru/lib/libctru.a(apt.o)
 .text.aptMainLoop
                0x00000000001036a8      0x214 /home/atmatm6/devkitPro/libctru/lib/libctru.a(apt.o)
                0x00000000001036a8                aptMainLoop
 .text.aptExit  0x00000000001038bc      0x148 /home/atmatm6/devkitPro/libctru/lib/libctru.a(apt.o)
                0x00000000001038bc                aptExit
 .text.aptLaunchLibraryApplet
                0x0000000000103a04       0xdc /home/atmatm6/devkitPro/libctru/lib/libctru.a(apt.o)
                0x0000000000103a04                aptLaunchLibraryApplet
 .text.APT_CheckNew3DS
                0x0000000000103ae0       0x70 /home/atmatm6/devkitPro/libctru/lib/libctru.a(apt.o)
                0x0000000000103ae0                APT_CheckNew3DS
 .text.newsInit
                0x0000000000103b50       0x90 /home/atmatm6/devkitPro/libctru/lib/libctru.a(news.o)
                0x0000000000103b50                newsInit
 .text.NEWS_AddNotification
                0x0000000000103be0      0x15c /home/atmatm6/devkitPro/libctru/lib/libctru.a(news.o)
                0x0000000000103be0                NEWS_AddNotification
 .text.gspEventThreadMain
                0x0000000000103d3c      0x160 /home/atmatm6/devkitPro/libctru/lib/libctru.a(gspgpu.o)
 .text.gspInit  0x0000000000103e9c       0x74 /home/atmatm6/devkitPro/libctru/lib/libctru.a(gspgpu.o)
                0x0000000000103e9c                gspInit
 .text.gspExit  0x0000000000103f10       0x3c /home/atmatm6/devkitPro/libctru/lib/libctru.a(gspgpu.o)
                0x0000000000103f10                gspExit
 .text.gspInitEventHandler
                0x0000000000103f4c       0x88 /home/atmatm6/devkitPro/libctru/lib/libctru.a(gspgpu.o)
                0x0000000000103f4c                gspInitEventHandler
 .text.gspExitEventHandler
                0x0000000000103fd4       0x30 /home/atmatm6/devkitPro/libctru/lib/libctru.a(gspgpu.o)
                0x0000000000103fd4                gspExitEventHandler
 .text.gspWaitForEvent
                0x0000000000104004       0x44 /home/atmatm6/devkitPro/libctru/lib/libctru.a(gspgpu.o)
                0x0000000000104004                gspWaitForEvent
 .text.GSPGPU_SetBufferSwap
                0x0000000000104048       0x6c /home/atmatm6/devkitPro/libctru/lib/libctru.a(gspgpu.o)
                0x0000000000104048                GSPGPU_SetBufferSwap
 .text.GSPGPU_FlushDataCache
                0x00000000001040b4       0x4c /home/atmatm6/devkitPro/libctru/lib/libctru.a(gspgpu.o)
                0x00000000001040b4                GSPGPU_FlushDataCache
 .text.GSPGPU_SetLcdForceBlack
                0x0000000000104100       0x34 /home/atmatm6/devkitPro/libctru/lib/libctru.a(gspgpu.o)
                0x0000000000104100                GSPGPU_SetLcdForceBlack
 .text.GSPGPU_RegisterInterruptRelayQueue
                0x0000000000104134       0x64 /home/atmatm6/devkitPro/libctru/lib/libctru.a(gspgpu.o)
                0x0000000000104134                GSPGPU_RegisterInterruptRelayQueue
 .text.GSPGPU_UnregisterInterruptRelayQueue
                0x0000000000104198       0x2c /home/atmatm6/devkitPro/libctru/lib/libctru.a(gspgpu.o)
                0x0000000000104198                GSPGPU_UnregisterInterruptRelayQueue
 .text.GSPGPU_AcquireRight
                0x00000000001041c4       0x48 /home/atmatm6/devkitPro/libctru/lib/libctru.a(gspgpu.o)
                0x00000000001041c4                GSPGPU_AcquireRight
 .text.GSPGPU_ReleaseRight
                0x000000000010420c       0x2c /home/atmatm6/devkitPro/libctru/lib/libctru.a(gspgpu.o)
                0x000000000010420c                GSPGPU_ReleaseRight
 .text.GSPGPU_ImportDisplayCaptureInfo
                0x0000000000104238       0x80 /home/atmatm6/devkitPro/libctru/lib/libctru.a(gspgpu.o)
                0x0000000000104238                GSPGPU_ImportDisplayCaptureInfo
 .text.GSPGPU_SaveVramSysArea
                0x00000000001042b8       0x2c /home/atmatm6/devkitPro/libctru/lib/libctru.a(gspgpu.o)
                0x00000000001042b8                GSPGPU_SaveVramSysArea
 .text.GSPGPU_RestoreVramSysArea
                0x00000000001042e4       0x2c /home/atmatm6/devkitPro/libctru/lib/libctru.a(gspgpu.o)
                0x00000000001042e4                GSPGPU_RestoreVramSysArea
 .text.irrstScanInput
                0x0000000000104310       0xb0 /home/atmatm6/devkitPro/libctru/lib/libctru.a(irrst.o)
                0x0000000000104310                irrstScanInput
 .text.irrstKeysHeld
                0x00000000001043c0       0x1c /home/atmatm6/devkitPro/libctru/lib/libctru.a(irrst.o)
                0x00000000001043c0                irrstKeysHeld
 .text.IRRST_GetHandles
                0x00000000001043dc       0x50 /home/atmatm6/devkitPro/libctru/lib/libctru.a(irrst.o)
                0x00000000001043dc                IRRST_GetHandles
 .text.irrstInit
                0x000000000010442c      0x150 /home/atmatm6/devkitPro/libctru/lib/libctru.a(irrst.o)
                0x000000000010442c                irrstInit
 .text.IRRST_Shutdown
                0x000000000010457c       0x2c /home/atmatm6/devkitPro/libctru/lib/libctru.a(irrst.o)
                0x000000000010457c                IRRST_Shutdown
 .text.irrstExit
                0x00000000001045a8       0xac /home/atmatm6/devkitPro/libctru/lib/libctru.a(irrst.o)
                0x00000000001045a8                irrstExit
 .text.swkbdConvertToUTF16.part.0
                0x0000000000104654       0x24 /home/atmatm6/devkitPro/libctru/lib/libctru.a(swkbd.o)
 .text.swkbdMessageCallback
                0x0000000000104678      0x16c /home/atmatm6/devkitPro/libctru/lib/libctru.a(swkbd.o)
 .text.swkbdInit
                0x00000000001047e4       0x78 /home/atmatm6/devkitPro/libctru/lib/libctru.a(swkbd.o)
                0x00000000001047e4                swkbdInit
 .text.swkbdInputText
                0x000000000010485c      0x378 /home/atmatm6/devkitPro/libctru/lib/libctru.a(swkbd.o)
                0x000000000010485c                swkbdInputText
 .text.utf8_to_utf16
                0x0000000000104bd4       0xc0 /home/atmatm6/devkitPro/libctru/lib/libctru.a(utf8_to_utf16.o)
                0x0000000000104bd4                utf8_to_utf16
 .text.decode_utf8
                0x0000000000104c94      0x138 /home/atmatm6/devkitPro/libctru/lib/libctru.a(decode_utf8.o)
                0x0000000000104c94                decode_utf8
 .text.utf16_to_utf8
                0x0000000000104dcc       0xe8 /home/atmatm6/devkitPro/libctru/lib/libctru.a(utf16_to_utf8.o)
                0x0000000000104dcc                utf16_to_utf8
 .text.encode_utf8
                0x0000000000104eb4      0x104 /home/atmatm6/devkitPro/libctru/lib/libctru.a(encode_utf8.o)
                0x0000000000104eb4                encode_utf8
 .text.encode_utf16
                0x0000000000104fb8       0x68 /home/atmatm6/devkitPro/libctru/lib/libctru.a(encode_utf16.o)
                0x0000000000104fb8                encode_utf16
 .text.__system_initArgv
                0x0000000000105020       0xe8 /home/atmatm6/devkitPro/libctru/lib/libctru.a(initArgv.o)
                0x0000000000105020                __system_initArgv
 .text.__libctru_init
                0x0000000000105108       0x38 /home/atmatm6/devkitPro/libctru/lib/libctru.a(initSystem.o)
                0x0000000000105108                __libctru_init
 .text.svcControlMemory
                0x0000000000105140       0x20 /home/atmatm6/devkitPro/libctru/lib/libctru.a(svc.o)
                0x0000000000105140                svcControlMemory
 .text.svcExitProcess
                0x0000000000105160        0x8 /home/atmatm6/devkitPro/libctru/lib/libctru.a(svc.o)
                0x0000000000105160                svcExitProcess
 .text.svcCreateThread
                0x0000000000105168       0x20 /home/atmatm6/devkitPro/libctru/lib/libctru.a(svc.o)
                0x0000000000105168                svcCreateThread
 .text.svcExitThread
                0x0000000000105188        0x8 /home/atmatm6/devkitPro/libctru/lib/libctru.a(svc.o)
                0x0000000000105188                svcExitThread
 .text.svcSleepThread
                0x0000000000105190        0x8 /home/atmatm6/devkitPro/libctru/lib/libctru.a(svc.o)
                0x0000000000105190                svcSleepThread
 .text.svcReleaseMutex
                0x0000000000105198        0x8 /home/atmatm6/devkitPro/libctru/lib/libctru.a(svc.o)
                0x0000000000105198                svcReleaseMutex
 .text.svcCreateEvent
                0x00000000001051a0       0x14 /home/atmatm6/devkitPro/libctru/lib/libctru.a(svc.o)
                0x00000000001051a0                svcCreateEvent
 .text.svcSignalEvent
                0x00000000001051b4        0x8 /home/atmatm6/devkitPro/libctru/lib/libctru.a(svc.o)
                0x00000000001051b4                svcSignalEvent
 .text.svcClearEvent
                0x00000000001051bc        0x8 /home/atmatm6/devkitPro/libctru/lib/libctru.a(svc.o)
                0x00000000001051bc                svcClearEvent
 .text.svcCreateMemoryBlock
                0x00000000001051c4       0x18 /home/atmatm6/devkitPro/libctru/lib/libctru.a(svc.o)
                0x00000000001051c4                svcCreateMemoryBlock
 .text.svcMapMemoryBlock
                0x00000000001051dc        0x8 /home/atmatm6/devkitPro/libctru/lib/libctru.a(svc.o)
                0x00000000001051dc                svcMapMemoryBlock
 .text.svcUnmapMemoryBlock
                0x00000000001051e4        0x8 /home/atmatm6/devkitPro/libctru/lib/libctru.a(svc.o)
                0x00000000001051e4                svcUnmapMemoryBlock
 .text.svcCreateAddressArbiter
                0x00000000001051ec       0x14 /home/atmatm6/devkitPro/libctru/lib/libctru.a(svc.o)
                0x00000000001051ec                svcCreateAddressArbiter
 .text.svcArbitrateAddress
                0x0000000000105200       0x18 /home/atmatm6/devkitPro/libctru/lib/libctru.a(svc.o)
                0x0000000000105200                svcArbitrateAddress
 .text.svcCloseHandle
                0x0000000000105218        0x8 /home/atmatm6/devkitPro/libctru/lib/libctru.a(svc.o)
                0x0000000000105218                svcCloseHandle
 .text.svcWaitSynchronization
                0x0000000000105220        0x8 /home/atmatm6/devkitPro/libctru/lib/libctru.a(svc.o)
                0x0000000000105220                svcWaitSynchronization
 .text.svcWaitSynchronizationN
                0x0000000000105228       0x28 /home/atmatm6/devkitPro/libctru/lib/libctru.a(svc.o)
                0x0000000000105228                svcWaitSynchronizationN
 .text.svcDuplicateHandle
                0x0000000000105250       0x14 /home/atmatm6/devkitPro/libctru/lib/libctru.a(svc.o)
                0x0000000000105250                svcDuplicateHandle
 .text.svcGetSystemTick
                0x0000000000105264        0x8 /home/atmatm6/devkitPro/libctru/lib/libctru.a(svc.o)
                0x0000000000105264                svcGetSystemTick
 .text.svcGetSystemInfo
                0x000000000010526c       0x18 /home/atmatm6/devkitPro/libctru/lib/libctru.a(svc.o)
                0x000000000010526c                svcGetSystemInfo
 .text.svcConnectToPort
                0x0000000000105284       0x14 /home/atmatm6/devkitPro/libctru/lib/libctru.a(svc.o)
                0x0000000000105284                svcConnectToPort
 .text.svcSendSyncRequest
                0x0000000000105298        0x8 /home/atmatm6/devkitPro/libctru/lib/libctru.a(svc.o)
                0x0000000000105298                svcSendSyncRequest
 .text.svcBreak
                0x00000000001052a0        0x8 /home/atmatm6/devkitPro/libctru/lib/libctru.a(svc.o)
                0x00000000001052a0                svcBreak
 .text.svcOutputDebugString
                0x00000000001052a8        0x8 /home/atmatm6/devkitPro/libctru/lib/libctru.a(svc.o)
                0x00000000001052a8                svcOutputDebugString
 .text._ZL21addrMapNodeComparatorPK11rbtree_nodeS1_
                0x00000000001052b0       0x24 /home/atmatm6/devkitPro/libctru/lib/libctru.a(linear.o)
 .text._ZL21addrMapNodeDestructorP11rbtree_node
                0x00000000001052d4        0x4 /home/atmatm6/devkitPro/libctru/lib/libctru.a(linear.o)
 .text.linearMemAlign
                0x00000000001052d8      0x13c /home/atmatm6/devkitPro/libctru/lib/libctru.a(linear.o)
                0x00000000001052d8                linearMemAlign
 .text.linearAlloc
                0x0000000000105414        0x8 /home/atmatm6/devkitPro/libctru/lib/libctru.a(linear.o)
                0x0000000000105414                linearAlloc
 .text.linearFree
                0x000000000010541c       0x50 /home/atmatm6/devkitPro/libctru/lib/libctru.a(linear.o)
                0x000000000010541c                linearFree
 .text._ZL21addrMapNodeComparatorPK11rbtree_nodeS1_
                0x000000000010546c       0x24 /home/atmatm6/devkitPro/libctru/lib/libctru.a(mappable.o)
 .text._ZL21addrMapNodeDestructorP11rbtree_node
                0x0000000000105490        0x4 /home/atmatm6/devkitPro/libctru/lib/libctru.a(mappable.o)
 .text.mappableAlloc
                0x0000000000105494       0xf4 /home/atmatm6/devkitPro/libctru/lib/libctru.a(mappable.o)
                0x0000000000105494                mappableAlloc
 .text.mappableFree
                0x0000000000105588       0x50 /home/atmatm6/devkitPro/libctru/lib/libctru.a(mappable.o)
                0x0000000000105588                mappableFree
 .text._ZL21addrMapNodeComparatorPK11rbtree_nodeS1_
                0x00000000001055d8       0x24 /home/atmatm6/devkitPro/libctru/lib/libctru.a(vram.o)
 .text._ZL21addrMapNodeDestructorP11rbtree_node
                0x00000000001055fc        0x4 /home/atmatm6/devkitPro/libctru/lib/libctru.a(vram.o)
 .text.vramMemAlign
                0x0000000000105600      0x12c /home/atmatm6/devkitPro/libctru/lib/libctru.a(vram.o)
                0x0000000000105600                vramMemAlign
 .text.vramAlloc
                0x000000000010572c        0x8 /home/atmatm6/devkitPro/libctru/lib/libctru.a(vram.o)
                0x000000000010572c                vramAlloc
 .text.vramFree
                0x0000000000105734       0x50 /home/atmatm6/devkitPro/libctru/lib/libctru.a(vram.o)
                0x0000000000105734                vramFree
 .text.threadCreate
                0x0000000000105784      0x1bc /home/atmatm6/devkitPro/libctru/lib/libctru.a(thread.o)
                0x0000000000105784                threadCreate
 .text.threadJoin
                0x0000000000105940       0x24 /home/atmatm6/devkitPro/libctru/lib/libctru.a(thread.o)
                0x0000000000105940                threadJoin
 .text.threadExit
                0x0000000000105964       0x70 /home/atmatm6/devkitPro/libctru/lib/libctru.a(thread.o)
                0x0000000000105964                threadExit
 .text._thread_begin
                0x00000000001059d4       0x40 /home/atmatm6/devkitPro/libctru/lib/libctru.a(thread.o)
 .text.srvExit  0x0000000000105a14       0x50 /home/atmatm6/devkitPro/libctru/lib/libctru.a(srv.o)
                0x0000000000105a14                srvExit
 .text.srvRegisterClient
                0x0000000000105a64       0x38 /home/atmatm6/devkitPro/libctru/lib/libctru.a(srv.o)
                0x0000000000105a64                srvRegisterClient
 .text.srvInit  0x0000000000105a9c       0x78 /home/atmatm6/devkitPro/libctru/lib/libctru.a(srv.o)
                0x0000000000105a9c                srvInit
 .text.srvGetServiceHandleDirect
                0x0000000000105b14       0x68 /home/atmatm6/devkitPro/libctru/lib/libctru.a(srv.o)
                0x0000000000105b14                srvGetServiceHandleDirect
 .text.srvGetServiceHandle
                0x0000000000105b7c       0x38 /home/atmatm6/devkitPro/libctru/lib/libctru.a(srv.o)
                0x0000000000105b7c                srvGetServiceHandle
 .text.getSysTime
                0x0000000000105bb4       0x58 /home/atmatm6/devkitPro/libctru/lib/libctru.a(os.o)
 .text.osGetMemRegionUsed
                0x0000000000105c0c       0x24 /home/atmatm6/devkitPro/libctru/lib/libctru.a(os.o)
                0x0000000000105c0c                osGetMemRegionUsed
 .text.__libctru_gtod
                0x0000000000105c30       0xf4 /home/atmatm6/devkitPro/libctru/lib/libctru.a(os.o)
                0x0000000000105c30                __libctru_gtod
 *fill*         0x0000000000105d24        0x4 
 .text.osGetTime
                0x0000000000105d28       0x78 /home/atmatm6/devkitPro/libctru/lib/libctru.a(os.o)
                0x0000000000105d28                osGetTime
 .text.__ctru_speedup_config
                0x0000000000105da0       0x34 /home/atmatm6/devkitPro/libctru/lib/libctru.a(os.o)
                0x0000000000105da0                __ctru_speedup_config
 .text.envGetHandle
                0x0000000000105dd4       0x84 /home/atmatm6/devkitPro/libctru/lib/libctru.a(env.o)
                0x0000000000105dd4                envGetHandle
 .text.envDestroyHandles
                0x0000000000105e58       0x4c /home/atmatm6/devkitPro/libctru/lib/libctru.a(env.o)
                0x0000000000105e58                envDestroyHandles
 .text.LightLock_Unlock.part.1
                0x0000000000105ea4       0x34 /home/atmatm6/devkitPro/libctru/lib/libctru.a(synchronization.o)
 .text.__sync_init
                0x0000000000105ed8        0xc /home/atmatm6/devkitPro/libctru/lib/libctru.a(synchronization.o)
                0x0000000000105ed8                __sync_init
 .text.__sync_fini
                0x0000000000105ee4       0x18 /home/atmatm6/devkitPro/libctru/lib/libctru.a(synchronization.o)
                0x0000000000105ee4                __sync_fini
 .text.__sync_get_arbiter
                0x0000000000105efc       0x10 /home/atmatm6/devkitPro/libctru/lib/libctru.a(synchronization.o)
                0x0000000000105efc                __sync_get_arbiter
 .text.LightLock_Init
                0x0000000000105f0c       0x18 /home/atmatm6/devkitPro/libctru/lib/libctru.a(synchronization.o)
                0x0000000000105f0c                LightLock_Init
 .text.LightLock_Lock
                0x0000000000105f24       0xa0 /home/atmatm6/devkitPro/libctru/lib/libctru.a(synchronization.o)
                0x0000000000105f24                LightLock_Lock
 .text.LightLock_TryLock
                0x0000000000105fc4       0x34 /home/atmatm6/devkitPro/libctru/lib/libctru.a(synchronization.o)
                0x0000000000105fc4                LightLock_TryLock
 .text.LightLock_Unlock
                0x0000000000105ff8       0x20 /home/atmatm6/devkitPro/libctru/lib/libctru.a(synchronization.o)
                0x0000000000105ff8                LightLock_Unlock
 .text.RecursiveLock_Init
                0x0000000000106018       0x24 /home/atmatm6/devkitPro/libctru/lib/libctru.a(synchronization.o)
                0x0000000000106018                RecursiveLock_Init
 .text.RecursiveLock_Lock
                0x000000000010603c       0x30 /home/atmatm6/devkitPro/libctru/lib/libctru.a(synchronization.o)
                0x000000000010603c                RecursiveLock_Lock
 .text.RecursiveLock_TryLock
                0x000000000010606c       0x58 /home/atmatm6/devkitPro/libctru/lib/libctru.a(synchronization.o)
                0x000000000010606c                RecursiveLock_TryLock
 .text.RecursiveLock_Unlock
                0x00000000001060c4       0x38 /home/atmatm6/devkitPro/libctru/lib/libctru.a(synchronization.o)
                0x00000000001060c4                RecursiveLock_Unlock
 .text.LightEvent_Init
                0x00000000001060fc       0x38 /home/atmatm6/devkitPro/libctru/lib/libctru.a(synchronization.o)
                0x00000000001060fc                LightEvent_Init
 .text.LightEvent_Clear
                0x0000000000106134       0x7c /home/atmatm6/devkitPro/libctru/lib/libctru.a(synchronization.o)
                0x0000000000106134                LightEvent_Clear
 .text.LightEvent_Signal
                0x00000000001061b0       0xdc /home/atmatm6/devkitPro/libctru/lib/libctru.a(synchronization.o)
                0x00000000001061b0                LightEvent_Signal
 .text.LightEvent_Wait
                0x000000000010628c       0xd0 /home/atmatm6/devkitPro/libctru/lib/libctru.a(synchronization.o)
                0x000000000010628c                LightEvent_Wait
 .text.ptmSysmInit
                0x000000000010635c       0x70 /home/atmatm6/devkitPro/libctru/lib/libctru.a(ptmsysm.o)
                0x000000000010635c                ptmSysmInit
 .text.ptmSysmExit
                0x00000000001063cc       0x34 /home/atmatm6/devkitPro/libctru/lib/libctru.a(ptmsysm.o)
                0x00000000001063cc                ptmSysmExit
 .text.PTMSYSM_ConfigureNew3DSCPU
                0x0000000000106400       0x34 /home/atmatm6/devkitPro/libctru/lib/libctru.a(ptmsysm.o)
                0x0000000000106400                PTMSYSM_ConfigureNew3DSCPU
 .text.rbtree_find
                0x0000000000106434       0x70 /home/atmatm6/devkitPro/libctru/lib/libctru.a(rbtree_find.o)
                0x0000000000106434                rbtree_find
 .text.rbtree_remove
                0x00000000001064a4      0x324 /home/atmatm6/devkitPro/libctru/lib/libctru.a(rbtree_remove.o)
                0x00000000001064a4                rbtree_remove
 .text.rbtree_node_next
                0x00000000001067c8       0x74 /home/atmatm6/devkitPro/libctru/lib/libctru.a(rbtree_iterator.o)
                0x00000000001067c8                rbtree_node_next
 .text.rbtree_rotate
                0x000000000010683c       0x94 /home/atmatm6/devkitPro/libctru/lib/libctru.a(rbtree_rotate.o)
                0x000000000010683c                rbtree_rotate
 .text.do_insert
                0x00000000001068d0      0x18c /home/atmatm6/devkitPro/libctru/lib/libctru.a(rbtree_insert.o)
 .text.rbtree_insert
                0x0000000000106a5c        0x8 /home/atmatm6/devkitPro/libctru/lib/libctru.a(rbtree_insert.o)
                0x0000000000106a5c                rbtree_insert
 .text.rbtree_init
                0x0000000000106a64       0x14 /home/atmatm6/devkitPro/libctru/lib/libctru.a(rbtree_init.o)
                0x0000000000106a64                rbtree_init
 .text.decode_utf16
                0x0000000000106a78       0x60 /home/atmatm6/devkitPro/libctru/lib/libctru.a(decode_utf16.o)
                0x0000000000106a78                decode_utf16
 .text.__libctru_exit
                0x0000000000106ad8       0xa4 /home/atmatm6/devkitPro/libctru/lib/libctru.a(ctru_exit.o)
                0x0000000000106ad8                __libctru_exit
 .text.__appExit
                0x0000000000106b7c       0x1c /home/atmatm6/devkitPro/libctru/lib/libctru.a(appExit.o)
                0x0000000000106b7c                __appExit
 .text.osGetMemRegionSize
                0x0000000000106b98       0x58 /home/atmatm6/devkitPro/libctru/lib/libctru.a(allocateHeaps.o)
 .text.__system_allocateHeaps
                0x0000000000106bf0      0x104 /home/atmatm6/devkitPro/libctru/lib/libctru.a(allocateHeaps.o)
                0x0000000000106bf0                __system_allocateHeaps
 .text.__ctru_get_reent
                0x0000000000106cf4       0x30 /home/atmatm6/devkitPro/libctru/lib/libctru.a(syscalls.o)
 .text.__system_initSyscalls
                0x0000000000106d24       0xe4 /home/atmatm6/devkitPro/libctru/lib/libctru.a(syscalls.o)
                0x0000000000106d24                __system_initSyscalls
 .text.__appInit
                0x0000000000106e08       0x1c /home/atmatm6/devkitPro/libctru/lib/libctru.a(appInit.o)
                0x0000000000106e08                __appInit
 .text._ZN7MemPool13CoalesceRightEP8MemBlock
                0x0000000000106e24       0x98 /home/atmatm6/devkitPro/libctru/lib/libctru.a(mem_pool.o)
                0x0000000000106e24                MemPool::CoalesceRight(MemBlock*)
 .text._ZN7MemPool8AllocateER8MemChunkmi
                0x0000000000106ebc      0x178 /home/atmatm6/devkitPro/libctru/lib/libctru.a(mem_pool.o)
                0x0000000000106ebc                MemPool::Allocate(MemChunk&, unsigned long, int)
 .text._ZN7MemPool10DeallocateERK8MemChunk
                0x0000000000107034      0x100 /home/atmatm6/devkitPro/libctru/lib/libctru.a(mem_pool.o)
                0x0000000000107034                MemPool::Deallocate(MemChunk const&)
 .text.sdmc_link
                0x0000000000107134       0x10 /home/atmatm6/devkitPro/libctru/lib/libctru.a(sdmc_dev.o)
 .text.sdmc_dirreset
                0x0000000000107144       0x10 /home/atmatm6/devkitPro/libctru/lib/libctru.a(sdmc_dev.o)
 .text.sdmc_fchmod
                0x0000000000107154       0x10 /home/atmatm6/devkitPro/libctru/lib/libctru.a(sdmc_dev.o)
 .text.error_cmp
                0x0000000000107164       0x24 /home/atmatm6/devkitPro/libctru/lib/libctru.a(sdmc_dev.o)
 .text.sdmc_translate_error
                0x0000000000107188       0x50 /home/atmatm6/devkitPro/libctru/lib/libctru.a(sdmc_dev.o)
 .text.sdmc_fsync
                0x00000000001071d8       0x34 /home/atmatm6/devkitPro/libctru/lib/libctru.a(sdmc_dev.o)
 .text.sdmc_ftruncate
                0x000000000010720c       0x54 /home/atmatm6/devkitPro/libctru/lib/libctru.a(sdmc_dev.o)
 .text.sdmc_statvfs
                0x0000000000107260       0xb8 /home/atmatm6/devkitPro/libctru/lib/libctru.a(sdmc_dev.o)
 .text.sdmc_dirclose
                0x0000000000107318       0x38 /home/atmatm6/devkitPro/libctru/lib/libctru.a(sdmc_dev.o)
 .text.sdmc_dirnext
                0x0000000000107350      0x138 /home/atmatm6/devkitPro/libctru/lib/libctru.a(sdmc_dev.o)
 .text.sdmc_close
                0x0000000000107488       0x34 /home/atmatm6/devkitPro/libctru/lib/libctru.a(sdmc_dev.o)
 .text.sdmc_fstat
                0x00000000001074bc       0x74 /home/atmatm6/devkitPro/libctru/lib/libctru.a(sdmc_dev.o)
 .text.sdmc_seek
                0x0000000000107530       0xd8 /home/atmatm6/devkitPro/libctru/lib/libctru.a(sdmc_dev.o)
 .text.sdmc_read
                0x0000000000107608       0x84 /home/atmatm6/devkitPro/libctru/lib/libctru.a(sdmc_dev.o)
 .text.sdmc_write
                0x000000000010768c       0xb8 /home/atmatm6/devkitPro/libctru/lib/libctru.a(sdmc_dev.o)
 .text.sdmc_utf16path
                0x0000000000107744      0x1b4 /home/atmatm6/devkitPro/libctru/lib/libctru.a(sdmc_dev.o)
 .text.sdmc_rmdir
                0x00000000001078f8       0x74 /home/atmatm6/devkitPro/libctru/lib/libctru.a(sdmc_dev.o)
 .text.sdmc_diropen
                0x000000000010796c       0xa4 /home/atmatm6/devkitPro/libctru/lib/libctru.a(sdmc_dev.o)
 .text.sdmc_chdir
                0x0000000000107a10       0xa0 /home/atmatm6/devkitPro/libctru/lib/libctru.a(sdmc_dev.o)
 .text.sdmc_mkdir
                0x0000000000107ab0       0x98 /home/atmatm6/devkitPro/libctru/lib/libctru.a(sdmc_dev.o)
 .text.sdmc_rename
                0x0000000000107b48      0x108 /home/atmatm6/devkitPro/libctru/lib/libctru.a(sdmc_dev.o)
 .text.sdmc_unlink
                0x0000000000107c50       0x74 /home/atmatm6/devkitPro/libctru/lib/libctru.a(sdmc_dev.o)
 .text.sdmc_stat
                0x0000000000107cc4      0x108 /home/atmatm6/devkitPro/libctru/lib/libctru.a(sdmc_dev.o)
 .text.sdmc_open
                0x0000000000107dcc      0x188 /home/atmatm6/devkitPro/libctru/lib/libctru.a(sdmc_dev.o)
 .text.sdmc_chmod
                0x0000000000107f54       0x10 /home/atmatm6/devkitPro/libctru/lib/libctru.a(sdmc_dev.o)
 .text.sdmcInit
                0x0000000000107f64      0x15c /home/atmatm6/devkitPro/libctru/lib/libctru.a(sdmc_dev.o)
                0x0000000000107f64                sdmcInit
 .text.sdmcExit
                0x00000000001080c0       0x58 /home/atmatm6/devkitPro/libctru/lib/libctru.a(sdmc_dev.o)
                0x00000000001080c0                sdmcExit
 .text.fsSessionForArchive.part.0
                0x0000000000108118       0x28 /home/atmatm6/devkitPro/libctru/lib/libctru.a(fs.o)
 .text.fsInit   0x0000000000108140       0xc8 /home/atmatm6/devkitPro/libctru/lib/libctru.a(fs.o)
                0x0000000000108140                fsInit
 .text.fsExit   0x0000000000108208       0x38 /home/atmatm6/devkitPro/libctru/lib/libctru.a(fs.o)
                0x0000000000108208                fsExit
 .text.fsExemptFromSession
                0x0000000000108240       0xa0 /home/atmatm6/devkitPro/libctru/lib/libctru.a(fs.o)
                0x0000000000108240                fsExemptFromSession
 .text.fsUnexemptFromSession
                0x00000000001082e0       0x54 /home/atmatm6/devkitPro/libctru/lib/libctru.a(fs.o)
                0x00000000001082e0                fsUnexemptFromSession
 .text.FSUSER_OpenFile
                0x0000000000108334       0xbc /home/atmatm6/devkitPro/libctru/lib/libctru.a(fs.o)
                0x0000000000108334                FSUSER_OpenFile
 .text.FSUSER_DeleteFile
                0x00000000001083f0       0xa4 /home/atmatm6/devkitPro/libctru/lib/libctru.a(fs.o)
                0x00000000001083f0                FSUSER_DeleteFile
 .text.FSUSER_RenameFile
                0x0000000000108494       0xe0 /home/atmatm6/devkitPro/libctru/lib/libctru.a(fs.o)
                0x0000000000108494                FSUSER_RenameFile
 .text.FSUSER_DeleteDirectory
                0x0000000000108574       0xa4 /home/atmatm6/devkitPro/libctru/lib/libctru.a(fs.o)
                0x0000000000108574                FSUSER_DeleteDirectory
 .text.FSUSER_CreateFile
                0x0000000000108618       0xbc /home/atmatm6/devkitPro/libctru/lib/libctru.a(fs.o)
                0x0000000000108618                FSUSER_CreateFile
 .text.FSUSER_CreateDirectory
                0x00000000001086d4       0xac /home/atmatm6/devkitPro/libctru/lib/libctru.a(fs.o)
                0x00000000001086d4                FSUSER_CreateDirectory
 .text.FSUSER_RenameDirectory
                0x0000000000108780       0xe0 /home/atmatm6/devkitPro/libctru/lib/libctru.a(fs.o)
                0x0000000000108780                FSUSER_RenameDirectory
 .text.FSUSER_OpenDirectory
                0x0000000000108860       0xa4 /home/atmatm6/devkitPro/libctru/lib/libctru.a(fs.o)
                0x0000000000108860                FSUSER_OpenDirectory
 .text.FSUSER_OpenArchive
                0x0000000000108904       0x98 /home/atmatm6/devkitPro/libctru/lib/libctru.a(fs.o)
                0x0000000000108904                FSUSER_OpenArchive
 .text.FSUSER_CloseArchive
                0x000000000010899c       0x74 /home/atmatm6/devkitPro/libctru/lib/libctru.a(fs.o)
                0x000000000010899c                FSUSER_CloseArchive
 .text.FSUSER_GetSdmcArchiveResource
                0x0000000000108a10       0x78 /home/atmatm6/devkitPro/libctru/lib/libctru.a(fs.o)
                0x0000000000108a10                FSUSER_GetSdmcArchiveResource
 .text.FSUSER_IsSdmcWritable
                0x0000000000108a88       0x64 /home/atmatm6/devkitPro/libctru/lib/libctru.a(fs.o)
                0x0000000000108a88                FSUSER_IsSdmcWritable
 .text.FSFILE_Read
                0x0000000000108aec       0x5c /home/atmatm6/devkitPro/libctru/lib/libctru.a(fs.o)
                0x0000000000108aec                FSFILE_Read
 .text.FSFILE_Write
                0x0000000000108b48       0x64 /home/atmatm6/devkitPro/libctru/lib/libctru.a(fs.o)
                0x0000000000108b48                FSFILE_Write
 .text.FSFILE_GetSize
                0x0000000000108bac       0x3c /home/atmatm6/devkitPro/libctru/lib/libctru.a(fs.o)
                0x0000000000108bac                FSFILE_GetSize
 .text.FSFILE_SetSize
                0x0000000000108be8       0x2c /home/atmatm6/devkitPro/libctru/lib/libctru.a(fs.o)
                0x0000000000108be8                FSFILE_SetSize
 .text.FSFILE_Close
                0x0000000000108c14       0x3c /home/atmatm6/devkitPro/libctru/lib/libctru.a(fs.o)
                0x0000000000108c14                FSFILE_Close
 .text.FSFILE_Flush
                0x0000000000108c50       0x24 /home/atmatm6/devkitPro/libctru/lib/libctru.a(fs.o)
                0x0000000000108c50                FSFILE_Flush
 .text.FSDIR_Read
                0x0000000000108c74       0x54 /home/atmatm6/devkitPro/libctru/lib/libctru.a(fs.o)
                0x0000000000108c74                FSDIR_Read
 .text.FSDIR_Close
                0x0000000000108cc8       0x3c /home/atmatm6/devkitPro/libctru/lib/libctru.a(fs.o)
                0x0000000000108cc8                FSDIR_Close
 .text.__aeabi_read_tp
                0x0000000000108d04        0xc /home/atmatm6/devkitPro/libctru/lib/libctru.a(readtp.o)
                0x0000000000108d04                __aeabi_read_tp
 .text.__udivmoddi4
                0x0000000000108d10      0x128 /home/atmatm6/devkitPro/devkitARM/bin/../lib/gcc/arm-none-eabi/6.3.0/armv6k/fpu/libgcc.a(_udivmoddi4.o)
                0x0000000000108d10                __udivmoddi4
 .text.atoi     0x0000000000108e38        0xc /home/atmatm6/devkitPro/devkitARM/bin/../lib/gcc/arm-none-eabi/6.3.0/../../../../arm-none-eabi/lib/armv6k/fpu/libg.a(lib_a-atoi.o)
                0x0000000000108e38                atoi
 .text.bsearch  0x0000000000108e44       0x74 /home/atmatm6/devkitPro/devkitARM/bin/../lib/gcc/arm-none-eabi/6.3.0/../../../../arm-none-eabi/lib/armv6k/fpu/libg.a(lib_a-bsearch.o)
                0x0000000000108e44                bsearch
 .text.__libc_fini_array
                0x0000000000108eb8       0x40 /home/atmatm6/devkitPro/devkitARM/bin/../lib/gcc/arm-none-eabi/6.3.0/../../../../arm-none-eabi/lib/armv6k/fpu/libg.a(lib_a-fini.o)
                0x0000000000108eb8                __libc_fini_array
 .text.__libc_init_array
                0x0000000000108ef8       0x78 /home/atmatm6/devkitPro/devkitARM/bin/../lib/gcc/arm-none-eabi/6.3.0/../../../../arm-none-eabi/lib/armv6k/fpu/libg.a(lib_a-init.o)
                0x0000000000108ef8                __libc_init_array
 .text.memalign
                0x0000000000108f70       0x20 /home/atmatm6/devkitPro/devkitARM/bin/../lib/gcc/arm-none-eabi/6.3.0/../../../../arm-none-eabi/lib/armv6k/fpu/libg.a(lib_a-malign.o)
                0x0000000000108f70                memalign
 .text._memalign_r
                0x0000000000108f90      0x158 /home/atmatm6/devkitPro/devkitARM/bin/../lib/gcc/arm-none-eabi/6.3.0/../../../../arm-none-eabi/lib/armv6k/fpu/libg.a(lib_a-malignr.o)
                0x0000000000108f90                _memalign_r
 .text.malloc   0x00000000001090e8       0x18 /home/atmatm6/devkitPro/devkitARM/bin/../lib/gcc/arm-none-eabi/6.3.0/../../../../arm-none-eabi/lib/armv6k/fpu/libg.a(lib_a-malloc.o)
                0x00000000001090e8                malloc
 .text.free     0x0000000000109100       0x18 /home/atmatm6/devkitPro/devkitARM/bin/../lib/gcc/arm-none-eabi/6.3.0/../../../../arm-none-eabi/lib/armv6k/fpu/libg.a(lib_a-malloc.o)
                0x0000000000109100                free
 .text._malloc_r
                0x0000000000109118      0x78c /home/atmatm6/devkitPro/devkitARM/bin/../lib/gcc/arm-none-eabi/6.3.0/../../../../arm-none-eabi/lib/armv6k/fpu/libg.a(lib_a-mallocr.o)
                0x0000000000109118                _malloc_r
 .text.memchr   0x00000000001098a4      0x104 /home/atmatm6/devkitPro/devkitARM/bin/../lib/gcc/arm-none-eabi/6.3.0/../../../../arm-none-eabi/lib/armv6k/fpu/libg.a(lib_a-memchr-stub.o)
                0x00000000001098a4                memchr
 .text.memcpy   0x00000000001099a8      0x114 /home/atmatm6/devkitPro/devkitARM/bin/../lib/gcc/arm-none-eabi/6.3.0/../../../../arm-none-eabi/lib/armv6k/fpu/libg.a(lib_a-memcpy-stub.o)
                0x00000000001099a8                memcpy
 .text.memset   0x0000000000109abc      0x110 /home/atmatm6/devkitPro/devkitARM/bin/../lib/gcc/arm-none-eabi/6.3.0/../../../../arm-none-eabi/lib/armv6k/fpu/libg.a(lib_a-memset.o)
                0x0000000000109abc                memset
 .text.__malloc_lock
                0x0000000000109bcc        0xc /home/atmatm6/devkitPro/devkitARM/bin/../lib/gcc/arm-none-eabi/6.3.0/../../../../arm-none-eabi/lib/armv6k/fpu/libg.a(lib_a-mlock.o)
                0x0000000000109bcc                __malloc_lock
 .text.__malloc_unlock
                0x0000000000109bd8        0xc /home/atmatm6/devkitPro/devkitARM/bin/../lib/gcc/arm-none-eabi/6.3.0/../../../../arm-none-eabi/lib/armv6k/fpu/libg.a(lib_a-mlock.o)
                0x0000000000109bd8                __malloc_unlock
 .text.printf   0x0000000000109be4       0x38 /home/atmatm6/devkitPro/devkitARM/bin/../lib/gcc/arm-none-eabi/6.3.0/../../../../arm-none-eabi/lib/armv6k/fpu/libg.a(lib_a-printf.o)
                0x0000000000109be4                printf
 .text._puts_r  0x0000000000109c1c       0xe0 /home/atmatm6/devkitPro/devkitARM/bin/../lib/gcc/arm-none-eabi/6.3.0/../../../../arm-none-eabi/lib/armv6k/fpu/libg.a(lib_a-puts.o)
                0x0000000000109c1c                _puts_r
 .text.puts     0x0000000000109cfc       0x18 /home/atmatm6/devkitPro/devkitARM/bin/../lib/gcc/arm-none-eabi/6.3.0/../../../../arm-none-eabi/lib/armv6k/fpu/libg.a(lib_a-puts.o)
                0x0000000000109cfc                puts
 .text.setvbuf  0x0000000000109d14      0x258 /home/atmatm6/devkitPro/devkitARM/bin/../lib/gcc/arm-none-eabi/6.3.0/../../../../arm-none-eabi/lib/armv6k/fpu/libg.a(lib_a-setvbuf.o)
                0x0000000000109d14                setvbuf
 .text.sscanf   0x0000000000109f6c       0x74 /home/atmatm6/devkitPro/devkitARM/bin/../lib/gcc/arm-none-eabi/6.3.0/../../../../arm-none-eabi/lib/armv6k/fpu/libg.a(lib_a-sscanf.o)
                0x0000000000109f6c                sscanf
 .text.__sread  0x0000000000109fe0       0x3c /home/atmatm6/devkitPro/devkitARM/bin/../lib/gcc/arm-none-eabi/6.3.0/../../../../arm-none-eabi/lib/armv6k/fpu/libg.a(lib_a-stdio.o)
                0x0000000000109fe0                __sread
 .text.__seofread
                0x000000000010a01c        0x8 /home/atmatm6/devkitPro/devkitARM/bin/../lib/gcc/arm-none-eabi/6.3.0/../../../../arm-none-eabi/lib/armv6k/fpu/libg.a(lib_a-stdio.o)
                0x000000000010a01c                __seofread
 .text.__swrite
                0x000000000010a024       0x64 /home/atmatm6/devkitPro/devkitARM/bin/../lib/gcc/arm-none-eabi/6.3.0/../../../../arm-none-eabi/lib/armv6k/fpu/libg.a(lib_a-stdio.o)
                0x000000000010a024                __swrite
 .text.__sseek  0x000000000010a088       0x4c /home/atmatm6/devkitPro/devkitARM/bin/../lib/gcc/arm-none-eabi/6.3.0/../../../../arm-none-eabi/lib/armv6k/fpu/libg.a(lib_a-stdio.o)
                0x000000000010a088                __sseek
 .text.__sclose
                0x000000000010a0d4        0x8 /home/atmatm6/devkitPro/devkitARM/bin/../lib/gcc/arm-none-eabi/6.3.0/../../../../arm-none-eabi/lib/armv6k/fpu/libg.a(lib_a-stdio.o)
                0x000000000010a0d4                __sclose
 .text.strlen   0x000000000010a0dc       0x5c /home/atmatm6/devkitPro/devkitARM/bin/../lib/gcc/arm-none-eabi/6.3.0/../../../../arm-none-eabi/lib/armv6k/fpu/libg.a(lib_a-strlen-stub.o)
                0x000000000010a0dc                strlen
 .text.strncat  0x000000000010a138       0x9c /home/atmatm6/devkitPro/devkitARM/bin/../lib/gcc/arm-none-eabi/6.3.0/../../../../arm-none-eabi/lib/armv6k/fpu/libg.a(lib_a-strncat.o)
                0x000000000010a138                strncat
 .text.strncpy  0x000000000010a1d4       0xd8 /home/atmatm6/devkitPro/devkitARM/bin/../lib/gcc/arm-none-eabi/6.3.0/../../../../arm-none-eabi/lib/armv6k/fpu/libg.a(lib_a-strncpy.o)
                0x000000000010a1d4                strncpy
 .text._strtol_l.isra.0
                0x000000000010a2ac      0x220 /home/atmatm6/devkitPro/devkitARM/bin/../lib/gcc/arm-none-eabi/6.3.0/../../../../arm-none-eabi/lib/armv6k/fpu/libg.a(lib_a-strtol.o)
 .text._strtol_r
                0x000000000010a4cc       0x50 /home/atmatm6/devkitPro/devkitARM/bin/../lib/gcc/arm-none-eabi/6.3.0/../../../../arm-none-eabi/lib/armv6k/fpu/libg.a(lib_a-strtol.o)
                0x000000000010a4cc                _strtol_r
 .text.strtol   0x000000000010a51c       0x54 /home/atmatm6/devkitPro/devkitARM/bin/../lib/gcc/arm-none-eabi/6.3.0/../../../../arm-none-eabi/lib/armv6k/fpu/libg.a(lib_a-strtol.o)
                0x000000000010a51c                strtol
 .text.__ssvfscanf_r
                0x000000000010a570     0x290c /home/atmatm6/devkitPro/devkitARM/bin/../lib/gcc/arm-none-eabi/6.3.0/../../../../arm-none-eabi/lib/armv6k/fpu/libg.a(lib_a-svfscanf.o)
                0x000000000010a570                __ssvfscanf_r
 .text.__sprint_r.part.0
                0x000000000010ce7c       0x1c /home/atmatm6/devkitPro/devkitARM/bin/../lib/gcc/arm-none-eabi/6.3.0/../../../../arm-none-eabi/lib/armv6k/fpu/libg.a(lib_a-vfiprintf.o)
 .text.__sprint_r
                0x000000000010ce98       0x1c /home/atmatm6/devkitPro/devkitARM/bin/../lib/gcc/arm-none-eabi/6.3.0/../../../../arm-none-eabi/lib/armv6k/fpu/libg.a(lib_a-vfiprintf.o)
                0x000000000010ce98                __sprint_r
 .text.get_arg  0x000000000010ceb4     0x1624 /home/atmatm6/devkitPro/devkitARM/bin/../lib/gcc/arm-none-eabi/6.3.0/../../../../arm-none-eabi/lib/armv6k/fpu/libg.a(lib_a-vfprintf.o)
 .text._vfprintf_r
                0x000000000010e4d8     0x4314 /home/atmatm6/devkitPro/devkitARM/bin/../lib/gcc/arm-none-eabi/6.3.0/../../../../arm-none-eabi/lib/armv6k/fpu/libg.a(lib_a-vfprintf.o)
                0x000000000010e4d8                _vfprintf_r
 .text.__sbprintf
                0x00000000001127ec       0xcc /home/atmatm6/devkitPro/devkitARM/bin/../lib/gcc/arm-none-eabi/6.3.0/../../../../arm-none-eabi/lib/armv6k/fpu/libg.a(lib_a-vfprintf.o)
 .text._wcrtomb_r
                0x00000000001128b8       0xa0 /home/atmatm6/devkitPro/devkitARM/bin/../lib/gcc/arm-none-eabi/6.3.0/../../../../arm-none-eabi/lib/armv6k/fpu/libg.a(lib_a-wcrtomb.o)
                0x00000000001128b8                _wcrtomb_r
 .text._wcsrtombs_r
                0x0000000000112958       0x20 /home/atmatm6/devkitPro/devkitARM/bin/../lib/gcc/arm-none-eabi/6.3.0/../../../../arm-none-eabi/lib/armv6k/fpu/libg.a(lib_a-wcsrtombs.o)
                0x0000000000112958                _wcsrtombs_r
 .text.__swsetup_r
                0x0000000000112978      0x144 /home/atmatm6/devkitPro/devkitARM/bin/../lib/gcc/arm-none-eabi/6.3.0/../../../../arm-none-eabi/lib/armv6k/fpu/libg.a(lib_a-wsetup.o)
                0x0000000000112978                __swsetup_r
 .text.quorem   0x0000000000112abc      0x1d0 /home/atmatm6/devkitPro/devkitARM/bin/../lib/gcc/arm-none-eabi/6.3.0/../../../../arm-none-eabi/lib/armv6k/fpu/libg.a(lib_a-dtoa.o)
 *fill*         0x0000000000112c8c        0x4 
 .text._dtoa_r  0x0000000000112c90     0x1260 /home/atmatm6/devkitPro/devkitARM/bin/../lib/gcc/arm-none-eabi/6.3.0/../../../../arm-none-eabi/lib/armv6k/fpu/libg.a(lib_a-dtoa.o)
                0x0000000000112c90                _dtoa_r
 .text.__sflush_r
                0x0000000000113ef0      0x254 /home/atmatm6/devkitPro/devkitARM/bin/../lib/gcc/arm-none-eabi/6.3.0/../../../../arm-none-eabi/lib/armv6k/fpu/libg.a(lib_a-fflush.o)
                0x0000000000113ef0                __sflush_r
 .text._fflush_r
                0x0000000000114144       0x94 /home/atmatm6/devkitPro/devkitARM/bin/../lib/gcc/arm-none-eabi/6.3.0/../../../../arm-none-eabi/lib/armv6k/fpu/libg.a(lib_a-fflush.o)
                0x0000000000114144                _fflush_r
 .text._cleanup_r
                0x00000000001141d8        0xc /home/atmatm6/devkitPro/devkitARM/bin/../lib/gcc/arm-none-eabi/6.3.0/../../../../arm-none-eabi/lib/armv6k/fpu/libg.a(lib_a-findfp.o)
                0x00000000001141d8                _cleanup_r
 .text.std.isra.0
                0x00000000001141e4       0x80 /home/atmatm6/devkitPro/devkitARM/bin/../lib/gcc/arm-none-eabi/6.3.0/../../../../arm-none-eabi/lib/armv6k/fpu/libg.a(lib_a-findfp.o)
 .text.__sinit  0x0000000000114264       0x8c /home/atmatm6/devkitPro/devkitARM/bin/../lib/gcc/arm-none-eabi/6.3.0/../../../../arm-none-eabi/lib/armv6k/fpu/libg.a(lib_a-findfp.o)
                0x0000000000114264                __sinit
 .text.__sfp_lock_acquire
                0x00000000001142f0        0xc /home/atmatm6/devkitPro/devkitARM/bin/../lib/gcc/arm-none-eabi/6.3.0/../../../../arm-none-eabi/lib/armv6k/fpu/libg.a(lib_a-findfp.o)
                0x00000000001142f0                __sfp_lock_acquire
 .text.__sfp_lock_release
                0x00000000001142fc        0xc /home/atmatm6/devkitPro/devkitARM/bin/../lib/gcc/arm-none-eabi/6.3.0/../../../../arm-none-eabi/lib/armv6k/fpu/libg.a(lib_a-findfp.o)
                0x00000000001142fc                __sfp_lock_release
 .text._malloc_trim_r
                0x0000000000114308       0xf8 /home/atmatm6/devkitPro/devkitARM/bin/../lib/gcc/arm-none-eabi/6.3.0/../../../../arm-none-eabi/lib/armv6k/fpu/libg.a(lib_a-freer.o)
                0x0000000000114308                _malloc_trim_r
 .text._free_r  0x0000000000114400      0x2e4 /home/atmatm6/devkitPro/devkitARM/bin/../lib/gcc/arm-none-eabi/6.3.0/../../../../arm-none-eabi/lib/armv6k/fpu/libg.a(lib_a-freer.o)
                0x0000000000114400                _free_r
 .text.__sfvwrite_r
                0x00000000001146e4      0x4ac /home/atmatm6/devkitPro/devkitARM/bin/../lib/gcc/arm-none-eabi/6.3.0/../../../../arm-none-eabi/lib/armv6k/fpu/libg.a(lib_a-fvwrite.o)
                0x00000000001146e4                __sfvwrite_r
 .text._fwalk_reent
                0x0000000000114b90       0x80 /home/atmatm6/devkitPro/devkitARM/bin/../lib/gcc/arm-none-eabi/6.3.0/../../../../arm-none-eabi/lib/armv6k/fpu/libg.a(lib_a-fwalk.o)
                0x0000000000114b90                _fwalk_reent
 .text.iswspace
                0x0000000000114c10       0x74 /home/atmatm6/devkitPro/devkitARM/bin/../lib/gcc/arm-none-eabi/6.3.0/../../../../arm-none-eabi/lib/armv6k/fpu/libg.a(lib_a-iswspace.o)
                0x0000000000114c10                iswspace
 .text.__jp2uc  0x0000000000114c84      0x204 /home/atmatm6/devkitPro/devkitARM/bin/../lib/gcc/arm-none-eabi/6.3.0/../../../../arm-none-eabi/lib/armv6k/fpu/libg.a(lib_a-jp2uc.o)
 .text._jp2uc   0x0000000000114e88       0xc8 /home/atmatm6/devkitPro/devkitARM/bin/../lib/gcc/arm-none-eabi/6.3.0/../../../../arm-none-eabi/lib/armv6k/fpu/libg.a(lib_a-jp2uc.o)
                0x0000000000114e88                _jp2uc
 .text.__localeconv_l
                0x0000000000114f50        0x8 /home/atmatm6/devkitPro/devkitARM/bin/../lib/gcc/arm-none-eabi/6.3.0/../../../../arm-none-eabi/lib/armv6k/fpu/libg.a(lib_a-localeconv.o)
                0x0000000000114f50                __localeconv_l
 .text._localeconv_r
                0x0000000000114f58       0x24 /home/atmatm6/devkitPro/devkitARM/bin/../lib/gcc/arm-none-eabi/6.3.0/../../../../arm-none-eabi/lib/armv6k/fpu/libg.a(lib_a-localeconv.o)
                0x0000000000114f58                _localeconv_r
 .text.__locale_mb_cur_max
                0x0000000000114f7c       0x24 /home/atmatm6/devkitPro/devkitARM/bin/../lib/gcc/arm-none-eabi/6.3.0/../../../../arm-none-eabi/lib/armv6k/fpu/libg.a(lib_a-locale.o)
                0x0000000000114f7c                __locale_mb_cur_max
 .text.__locale_ctype_ptr_l
                0x0000000000114fa0        0x8 /home/atmatm6/devkitPro/devkitARM/bin/../lib/gcc/arm-none-eabi/6.3.0/../../../../arm-none-eabi/lib/armv6k/fpu/libg.a(lib_a-locale.o)
                0x0000000000114fa0                __locale_ctype_ptr_l
 .text.__locale_ctype_ptr
                0x0000000000114fa8       0x24 /home/atmatm6/devkitPro/devkitARM/bin/../lib/gcc/arm-none-eabi/6.3.0/../../../../arm-none-eabi/lib/armv6k/fpu/libg.a(lib_a-locale.o)
                0x0000000000114fa8                __locale_ctype_ptr
 .text.__swhatbuf_r
                0x0000000000114fcc       0x94 /home/atmatm6/devkitPro/devkitARM/bin/../lib/gcc/arm-none-eabi/6.3.0/../../../../arm-none-eabi/lib/armv6k/fpu/libg.a(lib_a-makebuf.o)
                0x0000000000114fcc                __swhatbuf_r
 .text.__smakebuf_r
                0x0000000000115060       0xf4 /home/atmatm6/devkitPro/devkitARM/bin/../lib/gcc/arm-none-eabi/6.3.0/../../../../arm-none-eabi/lib/armv6k/fpu/libg.a(lib_a-makebuf.o)
                0x0000000000115060                __smakebuf_r
 .text._mbrtowc_r
                0x0000000000115154       0xb4 /home/atmatm6/devkitPro/devkitARM/bin/../lib/gcc/arm-none-eabi/6.3.0/../../../../arm-none-eabi/lib/armv6k/fpu/libg.a(lib_a-mbrtowc.o)
                0x0000000000115154                _mbrtowc_r
 .text.__utf8_mbtowc
                0x0000000000115208      0x300 /home/atmatm6/devkitPro/devkitARM/bin/../lib/gcc/arm-none-eabi/6.3.0/../../../../arm-none-eabi/lib/armv6k/fpu/libg.a(lib_a-mbtowc_r.o)
                0x0000000000115208                __utf8_mbtowc
 .text.memmove  0x0000000000115508      0x148 /home/atmatm6/devkitPro/devkitARM/bin/../lib/gcc/arm-none-eabi/6.3.0/../../../../arm-none-eabi/lib/armv6k/fpu/libg.a(lib_a-memmove.o)
                0x0000000000115508                memmove
 .text._Balloc  0x0000000000115650       0x88 /home/atmatm6/devkitPro/devkitARM/bin/../lib/gcc/arm-none-eabi/6.3.0/../../../../arm-none-eabi/lib/armv6k/fpu/libg.a(lib_a-mprec.o)
                0x0000000000115650                _Balloc
 .text._Bfree   0x00000000001156d8       0x1c /home/atmatm6/devkitPro/devkitARM/bin/../lib/gcc/arm-none-eabi/6.3.0/../../../../arm-none-eabi/lib/armv6k/fpu/libg.a(lib_a-mprec.o)
                0x00000000001156d8                _Bfree
 .text.__multadd
                0x00000000001156f4       0xd8 /home/atmatm6/devkitPro/devkitARM/bin/../lib/gcc/arm-none-eabi/6.3.0/../../../../arm-none-eabi/lib/armv6k/fpu/libg.a(lib_a-mprec.o)
                0x00000000001156f4                __multadd
 .text.__s2b    0x00000000001157cc       0xf0 /home/atmatm6/devkitPro/devkitARM/bin/../lib/gcc/arm-none-eabi/6.3.0/../../../../arm-none-eabi/lib/armv6k/fpu/libg.a(lib_a-mprec.o)
                0x00000000001157cc                __s2b
 .text.__hi0bits
                0x00000000001158bc       0x58 /home/atmatm6/devkitPro/devkitARM/bin/../lib/gcc/arm-none-eabi/6.3.0/../../../../arm-none-eabi/lib/armv6k/fpu/libg.a(lib_a-mprec.o)
                0x00000000001158bc                __hi0bits
 .text.__lo0bits
                0x0000000000115914       0x9c /home/atmatm6/devkitPro/devkitARM/bin/../lib/gcc/arm-none-eabi/6.3.0/../../../../arm-none-eabi/lib/armv6k/fpu/libg.a(lib_a-mprec.o)
                0x0000000000115914                __lo0bits
 .text.__i2b    0x00000000001159b0       0x20 /home/atmatm6/devkitPro/devkitARM/bin/../lib/gcc/arm-none-eabi/6.3.0/../../../../arm-none-eabi/lib/armv6k/fpu/libg.a(lib_a-mprec.o)
                0x00000000001159b0                __i2b
 .text.__multiply
                0x00000000001159d0      0x1cc /home/atmatm6/devkitPro/devkitARM/bin/../lib/gcc/arm-none-eabi/6.3.0/../../../../arm-none-eabi/lib/armv6k/fpu/libg.a(lib_a-mprec.o)
                0x00000000001159d0                __multiply
 .text.__pow5mult
                0x0000000000115b9c      0x100 /home/atmatm6/devkitPro/devkitARM/bin/../lib/gcc/arm-none-eabi/6.3.0/../../../../arm-none-eabi/lib/armv6k/fpu/libg.a(lib_a-mprec.o)
                0x0000000000115b9c                __pow5mult
 .text.__lshift
                0x0000000000115c9c       0xe4 /home/atmatm6/devkitPro/devkitARM/bin/../lib/gcc/arm-none-eabi/6.3.0/../../../../arm-none-eabi/lib/armv6k/fpu/libg.a(lib_a-mprec.o)
                0x0000000000115c9c                __lshift
 .text.__mcmp   0x0000000000115d80       0x60 /home/atmatm6/devkitPro/devkitARM/bin/../lib/gcc/arm-none-eabi/6.3.0/../../../../arm-none-eabi/lib/armv6k/fpu/libg.a(lib_a-mprec.o)
                0x0000000000115d80                __mcmp
 .text.__mdiff  0x0000000000115de0      0x198 /home/atmatm6/devkitPro/devkitARM/bin/../lib/gcc/arm-none-eabi/6.3.0/../../../../arm-none-eabi/lib/armv6k/fpu/libg.a(lib_a-mprec.o)
                0x0000000000115de0                __mdiff
 .text.__ulp    0x0000000000115f78       0x78 /home/atmatm6/devkitPro/devkitARM/bin/../lib/gcc/arm-none-eabi/6.3.0/../../../../arm-none-eabi/lib/armv6k/fpu/libg.a(lib_a-mprec.o)
                0x0000000000115f78                __ulp
 .text.__b2d    0x0000000000115ff0       0xd4 /home/atmatm6/devkitPro/devkitARM/bin/../lib/gcc/arm-none-eabi/6.3.0/../../../../arm-none-eabi/lib/armv6k/fpu/libg.a(lib_a-mprec.o)
                0x0000000000115ff0                __b2d
 .text.__d2b    0x00000000001160c4      0x108 /home/atmatm6/devkitPro/devkitARM/bin/../lib/gcc/arm-none-eabi/6.3.0/../../../../arm-none-eabi/lib/armv6k/fpu/libg.a(lib_a-mprec.o)
                0x00000000001160c4                __d2b
 .text.__ratio  0x00000000001161cc       0x7c /home/atmatm6/devkitPro/devkitARM/bin/../lib/gcc/arm-none-eabi/6.3.0/../../../../arm-none-eabi/lib/armv6k/fpu/libg.a(lib_a-mprec.o)
                0x00000000001161cc                __ratio
 .text.__copybits
                0x0000000000116248       0x6c /home/atmatm6/devkitPro/devkitARM/bin/../lib/gcc/arm-none-eabi/6.3.0/../../../../arm-none-eabi/lib/armv6k/fpu/libg.a(lib_a-mprec.o)
                0x0000000000116248                __copybits
 .text.__any_on
                0x00000000001162b4       0x80 /home/atmatm6/devkitPro/devkitARM/bin/../lib/gcc/arm-none-eabi/6.3.0/../../../../arm-none-eabi/lib/armv6k/fpu/libg.a(lib_a-mprec.o)
                0x00000000001162b4                __any_on
 .text._realloc_r
                0x0000000000116334      0x4cc /home/atmatm6/devkitPro/devkitARM/bin/../lib/gcc/arm-none-eabi/6.3.0/../../../../arm-none-eabi/lib/armv6k/fpu/libg.a(lib_a-reallocr.o)
                0x0000000000116334                _realloc_r
 .text.__sccl   0x0000000000116800       0xcc /home/atmatm6/devkitPro/devkitARM/bin/../lib/gcc/arm-none-eabi/6.3.0/../../../../arm-none-eabi/lib/armv6k/fpu/libg.a(lib_a-sccl.o)
                0x0000000000116800                __sccl
 .text.nanf     0x00000000001168cc        0xc /home/atmatm6/devkitPro/devkitARM/bin/../lib/gcc/arm-none-eabi/6.3.0/../../../../arm-none-eabi/lib/armv6k/fpu/libg.a(lib_a-sf_nan.o)
                0x00000000001168cc                nanf
 .text.frexp    0x00000000001168d8       0x9c /home/atmatm6/devkitPro/devkitARM/bin/../lib/gcc/arm-none-eabi/6.3.0/../../../../arm-none-eabi/lib/armv6k/fpu/libg.a(lib_a-s_frexp.o)
                0x00000000001168d8                frexp
 .text.sprintf  0x0000000000116974       0x68 /home/atmatm6/devkitPro/devkitARM/bin/../lib/gcc/arm-none-eabi/6.3.0/../../../../arm-none-eabi/lib/armv6k/fpu/libg.a(lib_a-sprintf.o)
                0x0000000000116974                sprintf
 .text.stpncpy  0x00000000001169dc      0x100 /home/atmatm6/devkitPro/devkitARM/bin/../lib/gcc/arm-none-eabi/6.3.0/../../../../arm-none-eabi/lib/armv6k/fpu/libg.a(lib_a-stpncpy.o)
                0x00000000001169dc                stpncpy
 .text.strchr   0x0000000000116adc      0x1ac /home/atmatm6/devkitPro/devkitARM/bin/../lib/gcc/arm-none-eabi/6.3.0/../../../../arm-none-eabi/lib/armv6k/fpu/libg.a(lib_a-strchr.o)
                0x0000000000116adc                strchr
 .text.strncmp  0x0000000000116c88      0x108 /home/atmatm6/devkitPro/devkitARM/bin/../lib/gcc/arm-none-eabi/6.3.0/../../../../arm-none-eabi/lib/armv6k/fpu/libg.a(lib_a-strncmp.o)
                0x0000000000116c88                strncmp
 .text.unlikely.sulp
                0x0000000000116d90       0x54 /home/atmatm6/devkitPro/devkitARM/bin/../lib/gcc/arm-none-eabi/6.3.0/../../../../arm-none-eabi/lib/armv6k/fpu/libg.a(lib_a-strtod.o)
 *fill*         0x0000000000116de4        0x4 
 .text._strtod_l
                0x0000000000116de8     0x1434 /home/atmatm6/devkitPro/devkitARM/bin/../lib/gcc/arm-none-eabi/6.3.0/../../../../arm-none-eabi/lib/armv6k/fpu/libg.a(lib_a-strtod.o)
                0x0000000000116de8                _strtod_l
 .text._strtod_r
                0x000000000011821c       0x3c /home/atmatm6/devkitPro/devkitARM/bin/../lib/gcc/arm-none-eabi/6.3.0/../../../../arm-none-eabi/lib/armv6k/fpu/libg.a(lib_a-strtod.o)
                0x000000000011821c                _strtod_r
 .text._strtoll_l.isra.0
                0x0000000000118258      0x2dc /home/atmatm6/devkitPro/devkitARM/bin/../lib/gcc/arm-none-eabi/6.3.0/../../../../arm-none-eabi/lib/armv6k/fpu/libg.a(lib_a-strtoll.o)
 .text._strtoll_r
                0x0000000000118534       0x50 /home/atmatm6/devkitPro/devkitARM/bin/../lib/gcc/arm-none-eabi/6.3.0/../../../../arm-none-eabi/lib/armv6k/fpu/libg.a(lib_a-strtoll.o)
                0x0000000000118534                _strtoll_r
 *fill*         0x0000000000118584        0x4 
 .text._strtoull_l.isra.0
                0x0000000000118588      0x268 /home/atmatm6/devkitPro/devkitARM/bin/../lib/gcc/arm-none-eabi/6.3.0/../../../../arm-none-eabi/lib/armv6k/fpu/libg.a(lib_a-strtoull.o)
 .text._strtoull_r
                0x00000000001187f0       0x50 /home/atmatm6/devkitPro/devkitARM/bin/../lib/gcc/arm-none-eabi/6.3.0/../../../../arm-none-eabi/lib/armv6k/fpu/libg.a(lib_a-strtoull.o)
                0x00000000001187f0                _strtoull_r
 .text._strtoul_l.isra.0
                0x0000000000118840      0x1e4 /home/atmatm6/devkitPro/devkitARM/bin/../lib/gcc/arm-none-eabi/6.3.0/../../../../arm-none-eabi/lib/armv6k/fpu/libg.a(lib_a-strtoul.o)
 .text._strtoul_r
                0x0000000000118a24       0x50 /home/atmatm6/devkitPro/devkitARM/bin/../lib/gcc/arm-none-eabi/6.3.0/../../../../arm-none-eabi/lib/armv6k/fpu/libg.a(lib_a-strtoul.o)
                0x0000000000118a24                _strtoul_r
 .text.__ssprint_r
                0x0000000000118a74      0x188 /home/atmatm6/devkitPro/devkitARM/bin/../lib/gcc/arm-none-eabi/6.3.0/../../../../arm-none-eabi/lib/armv6k/fpu/libg.a(lib_a-svfiprintf.o)
                0x0000000000118a74                __ssprint_r
 .text._sungetc_r
                0x0000000000118bfc       0xe8 /home/atmatm6/devkitPro/devkitARM/bin/../lib/gcc/arm-none-eabi/6.3.0/../../../../arm-none-eabi/lib/armv6k/fpu/libg.a(lib_a-svfiscanf.o)
                0x0000000000118bfc                _sungetc_r
 .text.__ssrefill_r
                0x0000000000118ce4       0x6c /home/atmatm6/devkitPro/devkitARM/bin/../lib/gcc/arm-none-eabi/6.3.0/../../../../arm-none-eabi/lib/armv6k/fpu/libg.a(lib_a-svfiscanf.o)
                0x0000000000118ce4                __ssrefill_r
 .text._sfread_r
                0x0000000000118d50       0xd0 /home/atmatm6/devkitPro/devkitARM/bin/../lib/gcc/arm-none-eabi/6.3.0/../../../../arm-none-eabi/lib/armv6k/fpu/libg.a(lib_a-svfiscanf.o)
                0x0000000000118d50                _sfread_r
 .text.get_arg  0x0000000000118e20     0x1624 /home/atmatm6/devkitPro/devkitARM/bin/../lib/gcc/arm-none-eabi/6.3.0/../../../../arm-none-eabi/lib/armv6k/fpu/libg.a(lib_a-svfprintf.o)
 *fill*         0x000000000011a444        0x4 
 .text._svfprintf_r
                0x000000000011a448     0x41c4 /home/atmatm6/devkitPro/devkitARM/bin/../lib/gcc/arm-none-eabi/6.3.0/../../../../arm-none-eabi/lib/armv6k/fpu/libg.a(lib_a-svfprintf.o)
                0x000000000011a448                _svfprintf_r
 .text.__submore
                0x000000000011e60c       0xa8 /home/atmatm6/devkitPro/devkitARM/bin/../lib/gcc/arm-none-eabi/6.3.0/../../../../arm-none-eabi/lib/armv6k/fpu/libg.a(lib_a-ungetc.o)
                0x000000000011e60c                __submore
 .text._wcsnrtombs_l
                0x000000000011e6b4      0x174 /home/atmatm6/devkitPro/devkitARM/bin/../lib/gcc/arm-none-eabi/6.3.0/../../../../arm-none-eabi/lib/armv6k/fpu/libg.a(lib_a-wcsnrtombs.o)
                0x000000000011e6b4                _wcsnrtombs_l
 .text._wcsnrtombs_r
                0x000000000011e828       0x64 /home/atmatm6/devkitPro/devkitARM/bin/../lib/gcc/arm-none-eabi/6.3.0/../../../../arm-none-eabi/lib/armv6k/fpu/libg.a(lib_a-wcsnrtombs.o)
                0x000000000011e828                _wcsnrtombs_r
 .text.__utf8_wctomb
                0x000000000011e88c       0xe8 /home/atmatm6/devkitPro/devkitARM/bin/../lib/gcc/arm-none-eabi/6.3.0/../../../../arm-none-eabi/lib/armv6k/fpu/libg.a(lib_a-wctomb_r.o)
                0x000000000011e88c                __utf8_wctomb
 .text._calloc_r
                0x000000000011e974       0x90 /home/atmatm6/devkitPro/devkitARM/bin/../lib/gcc/arm-none-eabi/6.3.0/../../../../arm-none-eabi/lib/armv6k/fpu/libg.a(lib_a-callocr.o)
                0x000000000011e974                _calloc_r
 .text._fclose_r
                0x000000000011ea04      0x154 /home/atmatm6/devkitPro/devkitARM/bin/../lib/gcc/arm-none-eabi/6.3.0/../../../../arm-none-eabi/lib/armv6k/fpu/libg.a(lib_a-fclose.o)
                0x000000000011ea04                _fclose_r
 .text.rshift   0x000000000011eb58       0xf0 /home/atmatm6/devkitPro/devkitARM/bin/../lib/gcc/arm-none-eabi/6.3.0/../../../../arm-none-eabi/lib/armv6k/fpu/libg.a(lib_a-gdtoa-gethex.o)
 .text.__gethex
                0x000000000011ec48      0x7f4 /home/atmatm6/devkitPro/devkitARM/bin/../lib/gcc/arm-none-eabi/6.3.0/../../../../arm-none-eabi/lib/armv6k/fpu/libg.a(lib_a-gdtoa-gethex.o)
                0x000000000011ec48                __gethex
 .text.__match  0x000000000011f43c       0x64 /home/atmatm6/devkitPro/devkitARM/bin/../lib/gcc/arm-none-eabi/6.3.0/../../../../arm-none-eabi/lib/armv6k/fpu/libg.a(lib_a-gdtoa-hexnan.o)
                0x000000000011f43c                __match
 .text.__hexnan
                0x000000000011f4a0      0x264 /home/atmatm6/devkitPro/devkitARM/bin/../lib/gcc/arm-none-eabi/6.3.0/../../../../arm-none-eabi/lib/armv6k/fpu/libg.a(lib_a-gdtoa-hexnan.o)
                0x000000000011f4a0                __hexnan
 .text.null_write
                0x000000000011f704        0x8 /home/atmatm6/devkitPro/devkitARM/bin/../lib/gcc/arm-none-eabi/6.3.0/../../../../arm-none-eabi/lib/armv6k/fpu/libsysbase.a(iosupport.o)
 .text.setDefaultDevice
                0x000000000011f70c       0x18 /home/atmatm6/devkitPro/devkitARM/bin/../lib/gcc/arm-none-eabi/6.3.0/../../../../arm-none-eabi/lib/armv6k/fpu/libsysbase.a(iosupport.o)
                0x000000000011f70c                setDefaultDevice
 .text.FindDevice
                0x000000000011f724       0xcc /home/atmatm6/devkitPro/devkitARM/bin/../lib/gcc/arm-none-eabi/6.3.0/../../../../arm-none-eabi/lib/armv6k/fpu/libsysbase.a(iosupport.o)
                0x000000000011f724                FindDevice
 .text.RemoveDevice
                0x000000000011f7f0       0x28 /home/atmatm6/devkitPro/devkitARM/bin/../lib/gcc/arm-none-eabi/6.3.0/../../../../arm-none-eabi/lib/armv6k/fpu/libsysbase.a(iosupport.o)
                0x000000000011f7f0                RemoveDevice
 .text.AddDevice
                0x000000000011f818       0x98 /home/atmatm6/devkitPro/devkitARM/bin/../lib/gcc/arm-none-eabi/6.3.0/../../../../arm-none-eabi/lib/armv6k/fpu/libsysbase.a(iosupport.o)
                0x000000000011f818                AddDevice
 .text._close_r
                0x000000000011f8b0       0x84 /home/atmatm6/devkitPro/devkitARM/bin/../lib/gcc/arm-none-eabi/6.3.0/../../../../arm-none-eabi/lib/armv6k/fpu/libsysbase.a(close.o)
                0x000000000011f8b0                _close_r
 .text._fstat_r
                0x000000000011f934       0x7c /home/atmatm6/devkitPro/devkitARM/bin/../lib/gcc/arm-none-eabi/6.3.0/../../../../arm-none-eabi/lib/armv6k/fpu/libsysbase.a(fstat.o)
                0x000000000011f934                _fstat_r
 .text._isatty_r
                0x000000000011f9b0        0x8 /home/atmatm6/devkitPro/devkitARM/bin/../lib/gcc/arm-none-eabi/6.3.0/../../../../arm-none-eabi/lib/armv6k/fpu/libsysbase.a(isatty.o)
                0x000000000011f9b0                _isatty_r
 .text._lseek_r
                0x000000000011f9b8       0x90 /home/atmatm6/devkitPro/devkitARM/bin/../lib/gcc/arm-none-eabi/6.3.0/../../../../arm-none-eabi/lib/armv6k/fpu/libsysbase.a(lseek.o)
                0x000000000011f9b8                _lseek_r
 .text._read_r  0x000000000011fa48       0x88 /home/atmatm6/devkitPro/devkitARM/bin/../lib/gcc/arm-none-eabi/6.3.0/../../../../arm-none-eabi/lib/armv6k/fpu/libsysbase.a(read.o)
                0x000000000011fa48                _read_r
 .text._sbrk_r  0x000000000011fad0       0x70 /home/atmatm6/devkitPro/devkitARM/bin/../lib/gcc/arm-none-eabi/6.3.0/../../../../arm-none-eabi/lib/armv6k/fpu/libsysbase.a(sbrk.o)
                0x000000000011fad0                _sbrk_r
 .text._write_r
                0x000000000011fb40       0x88 /home/atmatm6/devkitPro/devkitARM/bin/../lib/gcc/arm-none-eabi/6.3.0/../../../../arm-none-eabi/lib/armv6k/fpu/libsysbase.a(write.o)
                0x000000000011fb40                _write_r
 .text._concatenate_path
                0x000000000011fbc8      0x1d4 /home/atmatm6/devkitPro/devkitARM/bin/../lib/gcc/arm-none-eabi/6.3.0/../../../../arm-none-eabi/lib/armv6k/fpu/libsysbase.a(chdir.o)
                0x000000000011fbc8                _concatenate_path
 .text.chdir    0x000000000011fd9c      0x15c /home/atmatm6/devkitPro/devkitARM/bin/../lib/gcc/arm-none-eabi/6.3.0/../../../../arm-none-eabi/lib/armv6k/fpu/libsysbase.a(chdir.o)
                0x000000000011fd9c                chdir
 .text.__flockfile
                0x000000000011fef8        0x8 /home/atmatm6/devkitPro/devkitARM/bin/../lib/gcc/arm-none-eabi/6.3.0/../../../../arm-none-eabi/lib/armv6k/fpu/libsysbase.a(flock.o)
                0x000000000011fef8                __flockfile
 .text.__funlockfile
                0x000000000011ff00        0x8 /home/atmatm6/devkitPro/devkitARM/bin/../lib/gcc/arm-none-eabi/6.3.0/../../../../arm-none-eabi/lib/armv6k/fpu/libsysbase.a(flock.o)
                0x000000000011ff00                __funlockfile
 .text.__libc_lock_acquire
                0x000000000011ff08       0x18 /home/atmatm6/devkitPro/devkitARM/bin/../lib/gcc/arm-none-eabi/6.3.0/../../../../arm-none-eabi/lib/armv6k/fpu/libsysbase.a(syscall_support.o)
                0x000000000011ff08                __libc_lock_acquire
 .text.__libc_lock_release
                0x000000000011ff20       0x18 /home/atmatm6/devkitPro/devkitARM/bin/../lib/gcc/arm-none-eabi/6.3.0/../../../../arm-none-eabi/lib/armv6k/fpu/libsysbase.a(syscall_support.o)
                0x000000000011ff20                __libc_lock_release
 .text.__libc_lock_init_recursive
                0x000000000011ff38       0x18 /home/atmatm6/devkitPro/devkitARM/bin/../lib/gcc/arm-none-eabi/6.3.0/../../../../arm-none-eabi/lib/armv6k/fpu/libsysbase.a(syscall_support.o)
                0x000000000011ff38                __libc_lock_init_recursive
 .text.__libc_lock_acquire_recursive
                0x000000000011ff50       0x18 /home/atmatm6/devkitPro/devkitARM/bin/../lib/gcc/arm-none-eabi/6.3.0/../../../../arm-none-eabi/lib/armv6k/fpu/libsysbase.a(syscall_support.o)
                0x000000000011ff50                __libc_lock_acquire_recursive
 .text.__libc_lock_release_recursive
                0x000000000011ff68       0x18 /home/atmatm6/devkitPro/devkitARM/bin/../lib/gcc/arm-none-eabi/6.3.0/../../../../arm-none-eabi/lib/armv6k/fpu/libsysbase.a(syscall_support.o)
                0x000000000011ff68                __libc_lock_release_recursive
 .text.__libc_lock_close_recursive
                0x000000000011ff80       0x18 /home/atmatm6/devkitPro/devkitARM/bin/../lib/gcc/arm-none-eabi/6.3.0/../../../../arm-none-eabi/lib/armv6k/fpu/libsysbase.a(syscall_support.o)
                0x000000000011ff80                __libc_lock_close_recursive
 .text.__free_handle
                0x000000000011ff98       0x4c /home/atmatm6/devkitPro/devkitARM/bin/../lib/gcc/arm-none-eabi/6.3.0/../../../../arm-none-eabi/lib/armv6k/fpu/libsysbase.a(handle_manager.o)
                0x000000000011ff98                __free_handle
 .text.__release_handle
                0x000000000011ffe4       0x40 /home/atmatm6/devkitPro/devkitARM/bin/../lib/gcc/arm-none-eabi/6.3.0/../../../../arm-none-eabi/lib/armv6k/fpu/libsysbase.a(handle_manager.o)
                0x000000000011ffe4                __release_handle
 .text.__get_handle
                0x0000000000120024       0x18 /home/atmatm6/devkitPro/devkitARM/bin/../lib/gcc/arm-none-eabi/6.3.0/../../../../arm-none-eabi/lib/armv6k/fpu/libsysbase.a(handle_manager.o)
                0x0000000000120024                __get_handle
 .text.__getreent
                0x000000000012003c       0x28 /home/atmatm6/devkitPro/devkitARM/bin/../lib/gcc/arm-none-eabi/6.3.0/../../../../arm-none-eabi/lib/armv6k/fpu/libsysbase.a(getreent.o)
                0x000000000012003c                __getreent
 .text.strnlen  0x0000000000120064       0x5c /home/atmatm6/devkitPro/devkitARM/bin/../lib/gcc/arm-none-eabi/6.3.0/../../../../arm-none-eabi/lib/armv6k/fpu/libg.a(lib_a-strnlen.o)
                0x0000000000120064                strnlen
 .text.strrchr  0x00000000001200c0       0x44 /home/atmatm6/devkitPro/devkitARM/bin/../lib/gcc/arm-none-eabi/6.3.0/../../../../arm-none-eabi/lib/armv6k/fpu/libg.a(lib_a-strrchr.o)
                0x00000000001200c0                strrchr
 *(.glue_7)
 .glue_7        0x0000000000120104        0x0 linker stubs
 *(.glue_7t)
 .glue_7t       0x0000000000120104        0x0 linker stubs
 *(.stub)
 *(.gnu.warning)
 *(.gnu.linkonce.t*)
                0x0000000000120104                . = ALIGN (0x4)
 *(.fini)
 .fini          0x0000000000120104        0xc /home/atmatm6/devkitPro/devkitARM/bin/../lib/gcc/arm-none-eabi/6.3.0/armv6k/fpu/crti.o
                0x0000000000120104                _fini
 .fini          0x0000000000120110        0xc /home/atmatm6/devkitPro/devkitARM/bin/../lib/gcc/arm-none-eabi/6.3.0/armv6k/fpu/crtn.o
                0x000000000012011c                . = ALIGN (0x4)

.vfp11_veneer   0x000000000012011c        0x0
 .vfp11_veneer  0x000000000012011c        0x0 linker stubs

.v4_bx          0x000000000012011c        0x0
 .v4_bx         0x000000000012011c        0x0 linker stubs

.iplt           0x000000000012011c        0x0
 .iplt          0x000000000012011c        0x0 /home/atmatm6/devkitPro/devkitARM/bin/../lib/gcc/arm-none-eabi/6.3.0/../../../../arm-none-eabi/lib/armv6k/fpu/3dsx_crt0.o

.rodata         0x0000000000121000     0x4810
 *(.rodata)
 .rodata        0x0000000000121000      0x10b main.o
 *fill*         0x000000000012110b        0x1 
 .rodata        0x000000000012110c       0x1c /home/atmatm6/devkitPro/libctru/lib/libctru.a(gfx.o)
 .rodata        0x0000000000121128      0x168 /home/atmatm6/devkitPro/libctru/lib/libctru.a(console.o)
 .rodata        0x0000000000121290        0xc /home/atmatm6/devkitPro/libctru/lib/libctru.a(apt.o)
 .rodata        0x000000000012129c      0x804 /home/atmatm6/devkitPro/libctru/lib/libctru.a(default_font.bin.o)
                0x000000000012129c                default_font_bin
                0x0000000000121a9c                default_font_bin_end
                0x0000000000121a9c                default_font_bin_size
 .rodata        0x0000000000121aa0       0x3c /home/atmatm6/devkitPro/libctru/lib/libctru.a(sdmc_dev.o)
 *(.roda)
 *(.rodata.*)
 .rodata.str1.4
                0x0000000000121adc       0xa4 main.o
 .rodata.str1.4
                0x0000000000121b80       0x70 /home/atmatm6/devkitPro/libctru/lib/libctru.a(console.o)
 .rodata.str1.4
                0x0000000000121bf0       0x15 /home/atmatm6/devkitPro/libctru/lib/libctru.a(hid.o)
 *fill*         0x0000000000121c05        0x3 
 .rodata.str1.4
                0x0000000000121c08       0x16 /home/atmatm6/devkitPro/libctru/lib/libctru.a(apt.o)
 *fill*         0x0000000000121c1e        0x2 
 .rodata.str1.4
                0x0000000000121c20        0xf /home/atmatm6/devkitPro/libctru/lib/libctru.a(news.o)
 *fill*         0x0000000000121c2f        0x1 
 .rodata.str1.4
                0x0000000000121c30        0x9 /home/atmatm6/devkitPro/libctru/lib/libctru.a(gspgpu.o)
 *fill*         0x0000000000121c39        0x3 
 .rodata.str1.4
                0x0000000000121c3c        0x7 /home/atmatm6/devkitPro/libctru/lib/libctru.a(irrst.o)
 *fill*         0x0000000000121c43        0x1 
 .rodata.str1.4
                0x0000000000121c44        0x5 /home/atmatm6/devkitPro/libctru/lib/libctru.a(srv.o)
 *fill*         0x0000000000121c49        0x3 
 .rodata.str1.4
                0x0000000000121c4c        0x9 /home/atmatm6/devkitPro/libctru/lib/libctru.a(ptmsysm.o)
 *fill*         0x0000000000121c55        0x3 
 .rodata.str1.4
                0x0000000000121c58        0xd /home/atmatm6/devkitPro/libctru/lib/libctru.a(sdmc_dev.o)
                                         0x11 (size before relaxing)
 *fill*         0x0000000000121c65        0x3 
 .rodata.str1.4
                0x0000000000121c68        0x8 /home/atmatm6/devkitPro/libctru/lib/libctru.a(fs.o)
                                          0x9 (size before relaxing)
 .rodata._puts_r.str1.4
                0x0000000000121c70        0x2 /home/atmatm6/devkitPro/devkitARM/bin/../lib/gcc/arm-none-eabi/6.3.0/../../../../arm-none-eabi/lib/armv6k/fpu/libg.a(lib_a-puts.o)
 *fill*         0x0000000000121c72        0x2 
 .rodata.__ssvfscanf_r.str1.4
                0x0000000000121c74        0x5 /home/atmatm6/devkitPro/devkitARM/bin/../lib/gcc/arm-none-eabi/6.3.0/../../../../arm-none-eabi/lib/armv6k/fpu/libg.a(lib_a-svfscanf.o)
 *fill*         0x0000000000121c79        0x3 
 .rodata.basefix.8441
                0x0000000000121c7c       0x22 /home/atmatm6/devkitPro/devkitARM/bin/../lib/gcc/arm-none-eabi/6.3.0/../../../../arm-none-eabi/lib/armv6k/fpu/libg.a(lib_a-svfscanf.o)
 *fill*         0x0000000000121c9e        0x2 
 .rodata._vfprintf_r.str1.4
                0x0000000000121ca0       0x42 /home/atmatm6/devkitPro/devkitARM/bin/../lib/gcc/arm-none-eabi/6.3.0/../../../../arm-none-eabi/lib/armv6k/fpu/libg.a(lib_a-vfprintf.o)
 *fill*         0x0000000000121ce2        0x2 
 .rodata.blanks.8415
                0x0000000000121ce4       0x10 /home/atmatm6/devkitPro/devkitARM/bin/../lib/gcc/arm-none-eabi/6.3.0/../../../../arm-none-eabi/lib/armv6k/fpu/libg.a(lib_a-vfprintf.o)
 .rodata.zeroes.8416
                0x0000000000121cf4       0x10 /home/atmatm6/devkitPro/devkitARM/bin/../lib/gcc/arm-none-eabi/6.3.0/../../../../arm-none-eabi/lib/armv6k/fpu/libg.a(lib_a-vfprintf.o)
 .rodata._dtoa_r.str1.4
                0x0000000000121d04       0x10 /home/atmatm6/devkitPro/devkitARM/bin/../lib/gcc/arm-none-eabi/6.3.0/../../../../arm-none-eabi/lib/armv6k/fpu/libg.a(lib_a-dtoa.o)
                                         0x12 (size before relaxing)
 .rodata._jp2uc.str1.4
                0x0000000000121d14       0x12 /home/atmatm6/devkitPro/devkitARM/bin/../lib/gcc/arm-none-eabi/6.3.0/../../../../arm-none-eabi/lib/armv6k/fpu/libg.a(lib_a-jp2uc.o)
 *fill*         0x0000000000121d26        0x2 
 .rodata.a1     0x0000000000121d28       0xbc /home/atmatm6/devkitPro/devkitARM/bin/../lib/gcc/arm-none-eabi/6.3.0/../../../../arm-none-eabi/lib/armv6k/fpu/libg.a(lib_a-jp2uc.o)
 .rodata.a2     0x0000000000121de4       0xbc /home/atmatm6/devkitPro/devkitARM/bin/../lib/gcc/arm-none-eabi/6.3.0/../../../../arm-none-eabi/lib/armv6k/fpu/libg.a(lib_a-jp2uc.o)
 .rodata.a3     0x0000000000121ea0       0x5b /home/atmatm6/devkitPro/devkitARM/bin/../lib/gcc/arm-none-eabi/6.3.0/../../../../arm-none-eabi/lib/armv6k/fpu/libg.a(lib_a-jp2uc.o)
 *fill*         0x0000000000121efb        0x1 
 .rodata.a6     0x0000000000121efc       0x70 /home/atmatm6/devkitPro/devkitARM/bin/../lib/gcc/arm-none-eabi/6.3.0/../../../../arm-none-eabi/lib/armv6k/fpu/libg.a(lib_a-jp2uc.o)
 .rodata.a7     0x0000000000121f6c       0xa2 /home/atmatm6/devkitPro/devkitARM/bin/../lib/gcc/arm-none-eabi/6.3.0/../../../../arm-none-eabi/lib/armv6k/fpu/libg.a(lib_a-jp2uc.o)
 *fill*         0x000000000012200e        0x2 
 .rodata.a8     0x0000000000122010       0x40 /home/atmatm6/devkitPro/devkitARM/bin/../lib/gcc/arm-none-eabi/6.3.0/../../../../arm-none-eabi/lib/armv6k/fpu/libg.a(lib_a-jp2uc.o)
 .rodata.b02cf  0x0000000000122050     0x172a /home/atmatm6/devkitPro/devkitARM/bin/../lib/gcc/arm-none-eabi/6.3.0/../../../../arm-none-eabi/lib/armv6k/fpu/libg.a(lib_a-jp2uc.o)
 *fill*         0x000000000012377a        0x2 
 .rodata.d02f4  0x000000000012377c     0x1a7c /home/atmatm6/devkitPro/devkitARM/bin/../lib/gcc/arm-none-eabi/6.3.0/../../../../arm-none-eabi/lib/armv6k/fpu/libg.a(lib_a-jp2uc.o)
 .rodata.str1.4
                0x00000000001251f8       0x44 /home/atmatm6/devkitPro/devkitARM/bin/../lib/gcc/arm-none-eabi/6.3.0/../../../../arm-none-eabi/lib/armv6k/fpu/libg.a(lib_a-locale.o)
                                         0x4c (size before relaxing)
 .rodata._mbrtowc_r.str1.4
                0x000000000012523c        0x1 /home/atmatm6/devkitPro/devkitARM/bin/../lib/gcc/arm-none-eabi/6.3.0/../../../../arm-none-eabi/lib/armv6k/fpu/libg.a(lib_a-mbrtowc.o)
 *fill*         0x000000000012523c        0x4 
 .rodata.__mprec_bigtens
                0x0000000000125240       0x28 /home/atmatm6/devkitPro/devkitARM/bin/../lib/gcc/arm-none-eabi/6.3.0/../../../../arm-none-eabi/lib/armv6k/fpu/libg.a(lib_a-mprec.o)
                0x0000000000125240                __mprec_bigtens
 .rodata.__mprec_tens
                0x0000000000125268       0xc8 /home/atmatm6/devkitPro/devkitARM/bin/../lib/gcc/arm-none-eabi/6.3.0/../../../../arm-none-eabi/lib/armv6k/fpu/libg.a(lib_a-mprec.o)
                0x0000000000125268                __mprec_tens
 .rodata.p05.7191
                0x0000000000125330        0xc /home/atmatm6/devkitPro/devkitARM/bin/../lib/gcc/arm-none-eabi/6.3.0/../../../../arm-none-eabi/lib/armv6k/fpu/libg.a(lib_a-mprec.o)
 .rodata._strtod_l.str1.4
                0x000000000012533c        0xf /home/atmatm6/devkitPro/devkitARM/bin/../lib/gcc/arm-none-eabi/6.3.0/../../../../arm-none-eabi/lib/armv6k/fpu/libg.a(lib_a-strtod.o)
 *fill*         0x000000000012534b        0x1 
 .rodata.fpi.7277
                0x000000000012534c       0x14 /home/atmatm6/devkitPro/devkitARM/bin/../lib/gcc/arm-none-eabi/6.3.0/../../../../arm-none-eabi/lib/armv6k/fpu/libg.a(lib_a-strtod.o)
 .rodata.fpinan.7313
                0x0000000000125360       0x14 /home/atmatm6/devkitPro/devkitARM/bin/../lib/gcc/arm-none-eabi/6.3.0/../../../../arm-none-eabi/lib/armv6k/fpu/libg.a(lib_a-strtod.o)
 *fill*         0x0000000000125374        0x4 
 .rodata.tinytens
                0x0000000000125378       0x28 /home/atmatm6/devkitPro/devkitARM/bin/../lib/gcc/arm-none-eabi/6.3.0/../../../../arm-none-eabi/lib/armv6k/fpu/libg.a(lib_a-strtod.o)
 .rodata.__action_table
                0x00000000001253a0       0x6c /home/atmatm6/devkitPro/devkitARM/bin/../lib/gcc/arm-none-eabi/6.3.0/../../../../arm-none-eabi/lib/armv6k/fpu/libg.a(lib_a-svfiprintf.o)
                0x00000000001253a0                __action_table
 .rodata.__chclass
                0x000000000012540c      0x100 /home/atmatm6/devkitPro/devkitARM/bin/../lib/gcc/arm-none-eabi/6.3.0/../../../../arm-none-eabi/lib/armv6k/fpu/libg.a(lib_a-svfiprintf.o)
                0x000000000012540c                __chclass
 .rodata.__state_table
                0x000000000012550c       0x6c /home/atmatm6/devkitPro/devkitARM/bin/../lib/gcc/arm-none-eabi/6.3.0/../../../../arm-none-eabi/lib/armv6k/fpu/libg.a(lib_a-svfiprintf.o)
                0x000000000012550c                __state_table
 .rodata._svfprintf_r.str1.4
                0x0000000000125578       0x42 /home/atmatm6/devkitPro/devkitARM/bin/../lib/gcc/arm-none-eabi/6.3.0/../../../../arm-none-eabi/lib/armv6k/fpu/libg.a(lib_a-svfprintf.o)
 .rodata.blanks.8400
                0x0000000000125578       0x10 /home/atmatm6/devkitPro/devkitARM/bin/../lib/gcc/arm-none-eabi/6.3.0/../../../../arm-none-eabi/lib/armv6k/fpu/libg.a(lib_a-svfprintf.o)
 .rodata.zeroes.8401
                0x0000000000125588       0x10 /home/atmatm6/devkitPro/devkitARM/bin/../lib/gcc/arm-none-eabi/6.3.0/../../../../arm-none-eabi/lib/armv6k/fpu/libg.a(lib_a-svfprintf.o)
 .rodata._ctype_
                0x0000000000125598      0x101 /home/atmatm6/devkitPro/devkitARM/bin/../lib/gcc/arm-none-eabi/6.3.0/../../../../arm-none-eabi/lib/armv6k/fpu/libg.a(lib_a-ctype_.o)
                0x0000000000125598                _ctype_
 *fill*         0x0000000000125699        0x3 
 .rodata.__hexdig
                0x000000000012569c      0x100 /home/atmatm6/devkitPro/devkitARM/bin/../lib/gcc/arm-none-eabi/6.3.0/../../../../arm-none-eabi/lib/armv6k/fpu/libg.a(lib_a-gdtoa-gethex.o)
                0x000000000012569c                __hexdig
 .rodata.AddDevice.str1.4
                0x000000000012579c        0x8 /home/atmatm6/devkitPro/devkitARM/bin/../lib/gcc/arm-none-eabi/6.3.0/../../../../arm-none-eabi/lib/armv6k/fpu/libsysbase.a(iosupport.o)
 .rodata.dotab_stdnull
                0x00000000001257a4       0x68 /home/atmatm6/devkitPro/devkitARM/bin/../lib/gcc/arm-none-eabi/6.3.0/../../../../arm-none-eabi/lib/armv6k/fpu/libsysbase.a(iosupport.o)
                0x00000000001257a4                dotab_stdnull
 .rodata.DIRECTORY_PARENT
                0x000000000012580c        0x3 /home/atmatm6/devkitPro/devkitARM/bin/../lib/gcc/arm-none-eabi/6.3.0/../../../../arm-none-eabi/lib/armv6k/fpu/libsysbase.a(chdir.o)
                0x000000000012580c                DIRECTORY_PARENT
 *all.rodata*(*)
 *(.gnu.linkonce.r*)
                0x0000000000125810                . = ALIGN (0x4)
 *fill*         0x000000000012580f        0x1 

.eh_frame       0x0000000000125810        0x0
 .eh_frame      0x0000000000125810        0x0 /home/atmatm6/devkitPro/devkitARM/bin/../lib/gcc/arm-none-eabi/6.3.0/armv6k/fpu/crtbegin.o

.rel.dyn        0x0000000000125810        0x0
 .rel.iplt      0x0000000000125810        0x0 /home/atmatm6/devkitPro/devkitARM/bin/../lib/gcc/arm-none-eabi/6.3.0/../../../../arm-none-eabi/lib/armv6k/fpu/3dsx_crt0.o

.ARM.extab
 *(.ARM.extab* .gnu.linkonce.armextab.*)
                0x0000000000125810                __exidx_start = .

ARM.exidx
 *(.ARM.exidx* .gnu.linkonce.armexidx.*)
                0x0000000000125810                __exidx_end = .

.data           0x0000000000126000   0x30f6dc
 *(.data)
 .data          0x0000000000126000   0x30c790 main.o
 .data          0x0000000000432790        0xc /home/atmatm6/devkitPro/libctru/lib/libctru.a(gfx.o)
 .data          0x000000000043279c       0x51 /home/atmatm6/devkitPro/libctru/lib/libctru.a(console.o)
                0x000000000043279c                defaultConsole
                0x00000000004327e8                currentConsole
 *fill*         0x00000000004327ed        0x3 
 .data          0x00000000004327f0        0x4 /home/atmatm6/devkitPro/libctru/lib/libctru.a(apt.o)
 .data          0x00000000004327f4        0x4 /home/atmatm6/devkitPro/libctru/lib/libctru.a(gspgpu.o)
 .data          0x00000000004327f8        0x4 /home/atmatm6/devkitPro/libctru/lib/libctru.a(stack_adjust.o)
                0x00000000004327f8                __stacksize__
 .data          0x00000000004327fc        0x4 /home/atmatm6/devkitPro/libctru/lib/libctru.a(allocateHeaps.o)
                0x00000000004327fc                __ctru_linear_heap_size
 .data          0x0000000000432800      0x46c /home/atmatm6/devkitPro/libctru/lib/libctru.a(sdmc_dev.o)
 *(.data.*)
 .data._impure_ptr
                0x0000000000432c6c        0x4 /home/atmatm6/devkitPro/devkitARM/bin/../lib/gcc/arm-none-eabi/6.3.0/../../../../arm-none-eabi/lib/armv6k/fpu/libg.a(lib_a-impure.o)
                0x0000000000432c6c                _impure_ptr
 .data.impure_data
                0x0000000000432c70      0x460 /home/atmatm6/devkitPro/devkitARM/bin/../lib/gcc/arm-none-eabi/6.3.0/../../../../arm-none-eabi/lib/armv6k/fpu/libg.a(lib_a-impure.o)
 .data.__malloc_av_
                0x00000000004330d0      0x408 /home/atmatm6/devkitPro/devkitARM/bin/../lib/gcc/arm-none-eabi/6.3.0/../../../../arm-none-eabi/lib/armv6k/fpu/libg.a(lib_a-mallocr.o)