Archive member included to satisfy reference by file (symbol)

/home/atmatm6/devkitPro/libctru/lib/libctru.a(gfx.o)
                              main.o (gfxInitDefault)
/home/atmatm6/devkitPro/libctru/lib/libctru.a(console.o)
                              main.o (consoleInit)
/home/atmatm6/devkitPro/libctru/lib/libctru.a(gx.o)
                              /home/atmatm6/devkitPro/libctru/lib/libctru.a(gfx.o) (gxCmdBuf)
/home/atmatm6/devkitPro/libctru/lib/libctru.a(hid.o)
                              main.o (hidScanInput)
/home/atmatm6/devkitPro/libctru/lib/libctru.a(apt.o)
                              main.o (aptMainLoop)
/home/atmatm6/devkitPro/libctru/lib/libctru.a(news.o)
                              main.o (newsInit)
/home/atmatm6/devkitPro/libctru/lib/libctru.a(gspgpu.o)
                              /home/atmatm6/devkitPro/libctru/lib/libctru.a(gfx.o) (gspInit)
/home/atmatm6/devkitPro/libctru/lib/libctru.a(irrst.o)
                              /home/atmatm6/devkitPro/libctru/lib/libctru.a(hid.o) (irrstScanInput)
/home/atmatm6/devkitPro/libctru/lib/libctru.a(swkbd.o)
                              main.o (swkbdInit)
/home/atmatm6/devkitPro/libctru/lib/libctru.a(utf8_to_utf16.o)
                              /home/atmatm6/devkitPro/libctru/lib/libctru.a(swkbd.o) (utf8_to_utf16)
/home/atmatm6/devkitPro/libctru/lib/libctru.a(decode_utf8.o)
                              /home/atmatm6/devkitPro/libctru/lib/libctru.a(utf8_to_utf16.o) (decode_utf8)
/home/atmatm6/devkitPro/libctru/lib/libctru.a(utf16_to_utf8.o)
                              /home/atmatm6/devkitPro/libctru/lib/libctru.a(swkbd.o) (utf16_to_utf8)
/home/atmatm6/devkitPro/libctru/lib/libctru.a(encode_utf8.o)
                              /home/atmatm6/devkitPro/libctru/lib/libctru.a(utf16_to_utf8.o) (encode_utf8)
/home/atmatm6/devkitPro/libctru/lib/libctru.a(encode_utf16.o)
                              /home/atmatm6/devkitPro/libctru/lib/libctru.a(utf8_to_utf16.o) (encode_utf16)
/home/atmatm6/devkitPro/libctru/lib/libctru.a(initArgv.o)
                              /home/atmatm6/devkitPro/devkitARM/bin/../lib/gcc/arm-none-eabi/6.3.0/../../../../arm-none-eabi/lib/armv6k/fpu/3dsx_crt0.o (__system_argc)
/home/atmatm6/devkitPro/libctru/lib/libctru.a(initSystem.o)
                              /home/atmatm6/devkitPro/libctru/lib/libctru.a(apt.o) (__system_retAddr)
/home/atmatm6/devkitPro/libctru/lib/libctru.a(svc.o)
                              /home/atmatm6/devkitPro/libctru/lib/libctru.a(apt.o) (svcExitProcess)
/home/atmatm6/devkitPro/libctru/lib/libctru.a(stack_adjust.o)
                              /home/atmatm6/devkitPro/devkitARM/bin/../lib/gcc/arm-none-eabi/6.3.0/../../../../arm-none-eabi/lib/armv6k/fpu/3dsx_crt0.o (initSystem)
/home/atmatm6/devkitPro/libctru/lib/libctru.a(default_font.bin.o)
                              /home/atmatm6/devkitPro/libctru/lib/libctru.a(console.o) (default_font_bin)
/home/atmatm6/devkitPro/libctru/lib/libctru.a(linear.o)
                              /home/atmatm6/devkitPro/libctru/lib/libctru.a(gfx.o) (linearAlloc)
/home/atmatm6/devkitPro/libctru/lib/libctru.a(mappable.o)
                              /home/atmatm6/devkitPro/libctru/lib/libctru.a(gfx.o) (mappableAlloc)
/home/atmatm6/devkitPro/libctru/lib/libctru.a(vram.o)
                              /home/atmatm6/devkitPro/libctru/lib/libctru.a(gfx.o) (vramAlloc)
/home/atmatm6/devkitPro/libctru/lib/libctru.a(thread.o)
                              /home/atmatm6/devkitPro/libctru/lib/libctru.a(apt.o) (threadCreate)
/home/atmatm6/devkitPro/libctru/lib/libctru.a(srv.o)
                              /home/atmatm6/devkitPro/libctru/lib/libctru.a(apt.o) (srvInit)
/home/atmatm6/devkitPro/libctru/lib/libctru.a(os.o)
                              /home/atmatm6/devkitPro/libctru/lib/libctru.a(news.o) (osGetTime)
/home/atmatm6/devkitPro/libctru/lib/libctru.a(env.o)
                              /home/atmatm6/devkitPro/libctru/lib/libctru.a(irrst.o) (envGetHandle)
/home/atmatm6/devkitPro/libctru/lib/libctru.a(synchronization.o)
                              /home/atmatm6/devkitPro/libctru/lib/libctru.a(initSystem.o) (__sync_init)
/home/atmatm6/devkitPro/libctru/lib/libctru.a(ptmsysm.o)
                              /home/atmatm6/devkitPro/libctru/lib/libctru.a(os.o) (ptmSysmInit)
/home/atmatm6/devkitPro/libctru/lib/libctru.a(rbtree_find.o)
                              /home/atmatm6/devkitPro/libctru/lib/libctru.a(linear.o) (rbtree_find)
/home/atmatm6/devkitPro/libctru/lib/libctru.a(rbtree_remove.o)
                              /home/atmatm6/devkitPro/libctru/lib/libctru.a(linear.o) (rbtree_remove)
/home/atmatm6/devkitPro/libctru/lib/libctru.a(rbtree_iterator.o)
                              /home/atmatm6/devkitPro/libctru/lib/libctru.a(rbtree_remove.o) (rbtree_node_next)
/home/atmatm6/devkitPro/libctru/lib/libctru.a(rbtree_rotate.o)
                              /home/atmatm6/devkitPro/libctru/lib/libctru.a(rbtree_remove.o) (rbtree_rotate)
[...]
Memory Configuration

Name             Origin             Length             Attributes
*default*        0x0000000000000000 0xffffffffffffffff

Linker script and memory map

                0x0000000000100000                PROVIDE (__start__, 0x100000)
                0x0000000000100000                . = __start__

.text           0x0000000000100000    0x1fe44
 *(.crt0)
 .crt0          0x0000000000100000       0x94 /home/atmatm6/devkitPro/devkitARM/bin/../lib/gcc/arm-none-eabi/6.3.0/../../../../arm-none-eabi/lib/armv6k/fpu/3dsx_crt0.o
                0x0000000000100000                _start
                0x0000000000100008                __service_ptr
                0x000000000010000c                __apt_appid
                0x0000000000100010                __heap_size
                0x0000000000100014                __linear_heap_size
                0x0000000000100018                __system_arglist
                0x000000000010001c                __system_runflags
 *(.init)
 .init          0x0000000000100094        0xc /home/atmatm6/devkitPro/devkitARM/bin/../lib/gcc/arm-none-eabi/6.3.0/armv6k/fpu/crti.o
                0x0000000000100094                _init
 .init          0x00000000001000a0        0xc /home/atmatm6/devkitPro/devkitARM/bin/../lib/gcc/arm-none-eabi/6.3.0/armv6k/fpu/crtn.o
                0x00000000001000ac                . = ALIGN (0x4)
 *(.text)
 .text          0x00000000001000ac       0x64 /home/atmatm6/devkitPro/libctru/lib/libctru.a(stack_adjust.o)
                0x00000000001000ac                initSystem
                0x00000000001000f0                __ctru_exit
 .text          0x0000000000100110      0x240 /home/atmatm6/devkitPro/devkitARM/bin/../lib/gcc/arm-none-eabi/6.3.0/armv6k/fpu/libgcc.a(_divsi3.o)
                0x0000000000100110                __aeabi_idiv
                0x0000000000100110                __divsi3
                0x0000000000100330                __aeabi_idivmod
 .text          0x0000000000100350        0x4 /home/atmatm6/devkitPro/devkitARM/bin/../lib/gcc/arm-none-eabi/6.3.0/armv6k/fpu/libgcc.a(_dvmd_tls.o)
                0x0000000000100350                __aeabi_ldiv0
                0x0000000000100350                __aeabi_idiv0
 .text          0x0000000000100354       0x3c /home/atmatm6/devkitPro/devkitARM/bin/../lib/gcc/arm-none-eabi/6.3.0/armv6k/fpu/libgcc.a(_aeabi_uldivmod.o)
                0x0000000000100354                __aeabi_uldivmod
 *fill*         0x0000000000100390       0x10 
 .text          0x00000000001003a0      0x390 /home/atmatm6/devkitPro/devkitARM/bin/../lib/gcc/arm-none-eabi/6.3.0/../../../../arm-none-eabi/lib/armv6k/fpu/libg.a(lib_a-strcmp.o)
                0x00000000001003a8                strcmp
 .text          0x0000000000100730      0x20c /home/atmatm6/devkitPro/devkitARM/bin/../lib/gcc/arm-none-eabi/6.3.0/armv6k/fpu/libgcc.a(_udivsi3.o)
                0x0000000000100730                __udivsi3
                0x0000000000100730                __aeabi_uidiv
                0x000000000010091c                __aeabi_uidivmod
 *(.text.*)
 .text.deregister_tm_clones
                0x000000000010093c       0x30 /home/atmatm6/devkitPro/devkitARM/bin/../lib/gcc/arm-none-eabi/6.3.0/armv6k/fpu/crtbegin.o
 .text.register_tm_clones
                0x000000000010096c       0x38 /home/atmatm6/devkitPro/devkitARM/bin/../lib/gcc/arm-none-eabi/6.3.0/armv6k/fpu/crtbegin.o
 .text.__do_global_dtors_aux
                0x00000000001009a4       0x44 /home/atmatm6/devkitPro/devkitARM/bin/../lib/gcc/arm-none-eabi/6.3.0/armv6k/fpu/crtbegin.o
 .text.frame_dummy
                0x00000000001009e8       0x5c /home/atmatm6/devkitPro/devkitARM/bin/../lib/gcc/arm-none-eabi/6.3.0/armv6k/fpu/crtbegin.o
 .text.startup.main
                0x0000000000100a44       0xf8 main.o
                0x0000000000100a44                main
 .text.gfxSetFramebufferInfo.part.0
                0x0000000000100b3c       0x8c /home/atmatm6/devkitPro/libctru/lib/libctru.a(gfx.o)
 .text.__get_bytes_per_pixel
                0x0000000000100bc8       0x18 /home/atmatm6/devkitPro/libctru/lib/libctru.a(gfx.o)
                0x0000000000100bc8                __get_bytes_per_pixel
 .text.gfxSetScreenFormat
                0x0000000000100be0      0x174 /home/atmatm6/devkitPro/libctru/lib/libctru.a(gfx.o)
                0x0000000000100be0                gfxSetScreenFormat
 .text.gfxSetDoubleBuffering
                0x0000000000100d54       0x14 /home/atmatm6/devkitPro/libctru/lib/libctru.a(gfx.o)
                0x0000000000100d54                gfxSetDoubleBuffering
 .text.gfxSetFramebufferInfo
                0x0000000000100d68       0x70 /home/atmatm6/devkitPro/libctru/lib/libctru.a(gfx.o)
                0x0000000000100d68                gfxSetFramebufferInfo
 .text.gfxWriteFramebufferInfo
                0x0000000000100dd8       0x88 /home/atmatm6/devkitPro/libctru/lib/libctru.a(gfx.o)
                0x0000000000100dd8                gfxWriteFramebufferInfo
 .text.gfxInit  0x0000000000100e60      0x1fc /home/atmatm6/devkitPro/libctru/lib/libctru.a(gfx.o)
                0x0000000000100e60                gfxInit
 .text.gfxInitDefault
                0x000000000010105c       0x10 /home/atmatm6/devkitPro/libctru/lib/libctru.a(gfx.o)
                0x000000000010105c                gfxInitDefault
 .text.gfxExit  0x000000000010106c       0xe0 /home/atmatm6/devkitPro/libctru/lib/libctru.a(gfx.o)
                0x000000000010106c                gfxExit
 .text.gfxGetFramebuffer
                0x000000000010114c       0xb0 /home/atmatm6/devkitPro/libctru/lib/libctru.a(gfx.o)
                0x000000000010114c                gfxGetFramebuffer
 .text.gfxFlushBuffers
                0x00000000001011fc       0xc8 /home/atmatm6/devkitPro/libctru/lib/libctru.a(gfx.o)
                0x00000000001011fc                gfxFlushBuffers
 .text.gfxConfigScreen
                0x00000000001012c4       0x70 /home/atmatm6/devkitPro/libctru/lib/libctru.a(gfx.o)
                0x00000000001012c4                gfxConfigScreen
 .text.gfxSwapBuffers
                0x0000000000101334       0x20 /home/atmatm6/devkitPro/libctru/lib/libctru.a(gfx.o)
                0x0000000000101334                gfxSwapBuffers
 .text.gfxSwapBuffersGpu
                0x0000000000101354       0x20 /home/atmatm6/devkitPro/libctru/lib/libctru.a(gfx.o)
                0x0000000000101354                gfxSwapBuffersGpu
 .text.debug_write
                0x0000000000101374       0x1c /home/atmatm6/devkitPro/libctru/lib/libctru.a(console.o)
                0x0000000000101374                debug_write
 .text.consoleDrawChar
                0x0000000000101390      0x1b0 /home/atmatm6/devkitPro/libctru/lib/libctru.a(console.o)
                0x0000000000101390                consoleDrawChar
 .text.consolePrintChar
                0x0000000000101540      0x124 /home/atmatm6/devkitPro/libctru/lib/libctru.a(console.o)
                0x0000000000101540                consolePrintChar
 .text.consoleCls
                0x0000000000101664      0x190 /home/atmatm6/devkitPro/libctru/lib/libctru.a(console.o)
 .text.consoleInit
                0x00000000001017f4       0xf8 /home/atmatm6/devkitPro/libctru/lib/libctru.a(console.o)
                0x00000000001017f4                consoleInit
 .text.consoleClearLine
                0x00000000001018ec      0x144 /home/atmatm6/devkitPro/libctru/lib/libctru.a(console.o)
 .text.newRow   0x0000000000101a30       0xbc /home/atmatm6/devkitPro/libctru/lib/libctru.a(console.o)
 .text.con_write
                0x0000000000101aec      0x79c /home/atmatm6/devkitPro/libctru/lib/libctru.a(console.o)
                0x0000000000101aec                con_write
 .text.hidExit  0x0000000000102288       0xd0 /home/atmatm6/devkitPro/libctru/lib/libctru.a(hid.o)
                0x0000000000102288                hidExit
 .text.hidScanInput
                0x0000000000102358      0x234 /home/atmatm6/devkitPro/libctru/lib/libctru.a(hid.o)
                0x0000000000102358                hidScanInput
 .text.hidKeysDown
                0x000000000010258c       0x10 /home/atmatm6/devkitPro/libctru/lib/libctru.a(hid.o)
                0x000000000010258c                hidKeysDown
 .text.HIDUSER_GetHandles
                0x000000000010259c       0x90 /home/atmatm6/devkitPro/libctru/lib/libctru.a(hid.o)
                0x000000000010259c                HIDUSER_GetHandles
 .text.hidInit  0x000000000010262c      0x18c /home/atmatm6/devkitPro/libctru/lib/libctru.a(hid.o)
                0x000000000010262c                hidInit
 .text._aptDebug
                0x00000000001027b8        0x4 /home/atmatm6/devkitPro/libctru/lib/libctru.a(apt.o)
                0x00000000001027b8                _aptDebug
 .text.aptSendCommand
                0x00000000001027bc      0x130 /home/atmatm6/devkitPro/libctru/lib/libctru.a(apt.o)
                0x00000000001027bc                aptSendCommand
 .text.aptExitProcess
                0x00000000001028ec       0x3c /home/atmatm6/devkitPro/libctru/lib/libctru.a(apt.o)
 .text.aptSetMessageCallback
                0x0000000000102928       0x14 /home/atmatm6/devkitPro/libctru/lib/libctru.a(apt.o)
                0x0000000000102928                aptSetMessageCallback
 .text.APT_InquireNotification
                0x000000000010293c       0x4c /home/atmatm6/devkitPro/libctru/lib/libctru.a(apt.o)
                0x000000000010293c                APT_InquireNotification
 .text.aptEventHandler
                0x0000000000102988      0x19c /home/atmatm6/devkitPro/libctru/lib/libctru.a(apt.o)
 .text.APT_AppletUtility
                0x0000000000102b24       0x74 /home/atmatm6/devkitPro/libctru/lib/libctru.a(apt.o)
                0x0000000000102b24                APT_AppletUtility
 .text.aptSetSleepAllowed
                0x0000000000102b98       0xb4 /home/atmatm6/devkitPro/libctru/lib/libctru.a(apt.o)
                0x0000000000102b98                aptSetSleepAllowed
 .text.APT_GlanceParameter
                0x0000000000102c4c       0xb4 /home/atmatm6/devkitPro/libctru/lib/libctru.a(apt.o)
                0x0000000000102c4c                APT_GlanceParameter
 .text.APT_ReceiveParameter
                0x0000000000102d00       0xc0 /home/atmatm6/devkitPro/libctru/lib/libctru.a(apt.o)
                0x0000000000102d00                APT_ReceiveParameter
 .text.aptReceiveParameter.constprop.1
                0x0000000000102dc0       0xa8 /home/atmatm6/devkitPro/libctru/lib/libctru.a(apt.o)
 .text.aptScreenTransfer
                0x0000000000102e68      0x1ec /home/atmatm6/devkitPro/libctru/lib/libctru.a(apt.o)
 .text.aptWaitForWakeUp
                0x0000000000103054      0x228 /home/atmatm6/devkitPro/libctru/lib/libctru.a(apt.o)
 .text.APT_SendParameter
                0x000000000010327c       0x58 /home/atmatm6/devkitPro/libctru/lib/libctru.a(apt.o)
                0x000000000010327c                APT_SendParameter
 .text.APT_CancelParameter
                0x00000000001032d4       0x70 /home/atmatm6/devkitPro/libctru/lib/libctru.a(apt.o)
                0x00000000001032d4                APT_CancelParameter
 .text.aptInit  0x0000000000103344      0x230 /home/atmatm6/devkitPro/libctru/lib/libctru.a(apt.o)
                0x0000000000103344                aptInit
 .text.aptClearParamQueue
                0x0000000000103574       0x8c /home/atmatm6/devkitPro/libctru/lib/libctru.a(apt.o)
 .text.aptMainLoop
                0x0000000000103600      0x214 /home/atmatm6/devkitPro/libctru/lib/libctru.a(apt.o)
                0x0000000000103600                aptMainLoop
 .text.aptExit  0x0000000000103814      0x148 /home/atmatm6/devkitPro/libctru/lib/libctru.a(apt.o)
                0x0000000000103814                aptExit
 .text.aptLaunchLibraryApplet
                0x000000000010395c       0xdc /home/atmatm6/devkitPro/libctru/lib/libctru.a(apt.o)
                0x000000000010395c                aptLaunchLibraryApplet
 .text.APT_CheckNew3DS
                0x0000000000103a38       0x70 /home/atmatm6/devkitPro/libctru/lib/libctru.a(apt.o)
                0x0000000000103a38                APT_CheckNew3DS
 .text.newsInit
                0x0000000000103aa8       0x90 /home/atmatm6/devkitPro/libctru/lib/libctru.a(news.o)
                0x0000000000103aa8                newsInit
 .text.gspEventThreadMain
                0x0000000000103b38      0x160 /home/atmatm6/devkitPro/libctru/lib/libctru.a(gspgpu.o)
 .text.gspInit  0x0000000000103c98       0x74 /home/atmatm6/devkitPro/libctru/lib/libctru.a(gspgpu.o)
                0x0000000000103c98                gspInit
 .text.gspExit  0x0000000000103d0c       0x3c /home/atmatm6/devkitPro/libctru/lib/libctru.a(gspgpu.o)
                0x0000000000103d0c                gspExit
 .text.gspInitEventHandler
                0x0000000000103d48       0x88 /home/atmatm6/devkitPro/libctru/lib/libctru.a(gspgpu.o)
                0x0000000000103d48                gspInitEventHandler
 .text.gspExitEventHandler
                0x0000000000103dd0       0x30 /home/atmatm6/devkitPro/libctru/lib/libctru.a(gspgpu.o)
                0x0000000000103dd0                gspExitEventHandler
 .text.gspWaitForEvent
                0x0000000000103e00       0x44 /home/atmatm6/devkitPro/libctru/lib/libctru.a(gspgpu.o)
                0x0000000000103e00                gspWaitForEvent
 .text.GSPGPU_SetBufferSwap
                0x0000000000103e44       0x6c /home/atmatm6/devkitPro/libctru/lib/libctru.a(gspgpu.o)
                0x0000000000103e44                GSPGPU_SetBufferSwap
 .text.GSPGPU_FlushDataCache
                0x0000000000103eb0       0x4c /home/atmatm6/devkitPro/libctru/lib/libctru.a(gspgpu.o)
                0x0000000000103eb0                GSPGPU_FlushDataCache
 .text.GSPGPU_SetLcdForceBlack
                0x0000000000103efc       0x34 /home/atmatm6/devkitPro/libctru/lib/libctru.a(gspgpu.o)
                0x0000000000103efc                GSPGPU_SetLcdForceBlack
 .text.GSPGPU_RegisterInterruptRelayQueue
                0x0000000000103f30       0x64 /home/atmatm6/devkitPro/libctru/lib/libctru.a(gspgpu.o)
                0x0000000000103f30                GSPGPU_RegisterInterruptRelayQueue
 .text.GSPGPU_UnregisterInterruptRelayQueue
                0x0000000000103f94       0x2c /home/atmatm6/devkitPro/libctru/lib/libctru.a(gspgpu.o)
                0x0000000000103f94                GSPGPU_UnregisterInterruptRelayQueue
 .text.GSPGPU_AcquireRight
                0x0000000000103fc0       0x48 /home/atmatm6/devkitPro/libctru/lib/libctru.a(gspgpu.o)
                0x0000000000103fc0                GSPGPU_AcquireRight
 .text.GSPGPU_ReleaseRight
                0x0000000000104008       0x2c /home/atmatm6/devkitPro/libctru/lib/libctru.a(gspgpu.o)
                0x0000000000104008                GSPGPU_ReleaseRight
 .text.GSPGPU_ImportDisplayCaptureInfo
                0x0000000000104034       0x80 /home/atmatm6/devkitPro/libctru/lib/libctru.a(gspgpu.o)
                0x0000000000104034                GSPGPU_ImportDisplayCaptureInfo
 .text.GSPGPU_SaveVramSysArea
                0x00000000001040b4       0x2c /home/atmatm6/devkitPro/libctru/lib/libctru.a(gspgpu.o)
                0x00000000001040b4                GSPGPU_SaveVramSysArea
 .text.GSPGPU_RestoreVramSysArea
                0x00000000001040e0       0x2c /home/atmatm6/devkitPro/libctru/lib/libctru.a(gspgpu.o)
                0x00000000001040e0                GSPGPU_RestoreVramSysArea
 .text.irrstScanInput
                0x000000000010410c       0xb0 /home/atmatm6/devkitPro/libctru/lib/libctru.a(irrst.o)
                0x000000000010410c                irrstScanInput
 .text.irrstKeysHeld
                0x00000000001041bc       0x1c /home/atmatm6/devkitPro/libctru/lib/libctru.a(irrst.o)
                0x00000000001041bc                irrstKeysHeld
 .text.IRRST_GetHandles
                0x00000000001041d8       0x50 /home/atmatm6/devkitPro/libctru/lib/libctru.a(irrst.o)
                0x00000000001041d8                IRRST_GetHandles
 .text.irrstInit
                0x0000000000104228      0x150 /home/atmatm6/devkitPro/libctru/lib/libctru.a(irrst.o)
                0x0000000000104228                irrstInit
 .text.IRRST_Shutdown
                0x0000000000104378       0x2c /home/atmatm6/devkitPro/libctru/lib/libctru.a(irrst.o)
                0x0000000000104378                IRRST_Shutdown
 .text.irrstExit
                0x00000000001043a4       0xac /home/atmatm6/devkitPro/libctru/lib/libctru.a(irrst.o)
                0x00000000001043a4                irrstExit
 .text.swkbdConvertToUTF16.part.0
                0x0000000000104450       0x24 /home/atmatm6/devkitPro/libctru/lib/libctru.a(swkbd.o)
 .text.swkbdMessageCallback
                0x0000000000104474      0x16c /home/atmatm6/devkitPro/libctru/lib/libctru.a(swkbd.o)
 .text.swkbdInit
                0x00000000001045e0       0x78 /home/atmatm6/devkitPro/libctru/lib/libctru.a(swkbd.o)
                0x00000000001045e0                swkbdInit
 .text.swkbdInputText
                0x0000000000104658      0x378 /home/atmatm6/devkitPro/libctru/lib/libctru.a(swkbd.o)
                0x0000000000104658                swkbdInputText
 .text.utf8_to_utf16
                0x00000000001049d0       0xc0 /home/atmatm6/devkitPro/libctru/lib/libctru.a(utf8_to_utf16.o)
                0x00000000001049d0                utf8_to_utf16
 .text.decode_utf8
                0x0000000000104a90      0x138 /home/atmatm6/devkitPro/libctru/lib/libctru.a(decode_utf8.o)
                0x0000000000104a90                decode_utf8
 .text.utf16_to_utf8
                0x0000000000104bc8       0xe8 /home/atmatm6/devkitPro/libctru/lib/libctru.a(utf16_to_utf8.o)
                0x0000000000104bc8                utf16_to_utf8
 .text.encode_utf8
                0x0000000000104cb0      0x104 /home/atmatm6/devkitPro/libctru/lib/libctru.a(encode_utf8.o)
                0x0000000000104cb0                encode_utf8
 .text.encode_utf16
                0x0000000000104db4       0x68 /home/atmatm6/devkitPro/libctru/lib/libctru.a(encode_utf16.o)
                0x0000000000104db4                encode_utf16
 .text.__system_initArgv
                0x0000000000104e1c       0xe8 /home/atmatm6/devkitPro/libctru/lib/libctru.a(initArgv.o)
                0x0000000000104e1c                __system_initArgv
 .text.__libctru_init
                0x0000000000104f04       0x38 /home/atmatm6/devkitPro/libctru/lib/libctru.a(initSystem.o)
                0x0000000000104f04                __libctru_init
 .text.svcControlMemory
                0x0000000000104f3c       0x20 /home/atmatm6/devkitPro/libctru/lib/libctru.a(svc.o)
                0x0000000000104f3c                svcControlMemory
 .text.svcExitProcess
                0x0000000000104f5c        0x8 /home/atmatm6/devkitPro/libctru/lib/libctru.a(svc.o)
                0x0000000000104f5c                svcExitProcess
 .text.svcCreateThread
                0x0000000000104f64       0x20 /home/atmatm6/devkitPro/libctru/lib/libctru.a(svc.o)
                0x0000000000104f64                svcCreateThread
 .text.svcExitThread
                0x0000000000104f84        0x8 /home/atmatm6/devkitPro/libctru/lib/libctru.a(svc.o)
                0x0000000000104f84                svcExitThread
 .text.svcSleepThread
                0x0000000000104f8c        0x8 /home/atmatm6/devkitPro/libctru/lib/libctru.a(svc.o)
                0x0000000000104f8c                svcSleepThread
 .text.svcReleaseMutex
                0x0000000000104f94        0x8 /home/atmatm6/devkitPro/libctru/lib/libctru.a(svc.o)
                0x0000000000104f94                svcReleaseMutex
 .text.svcCreateEvent
                0x0000000000104f9c       0x14 /home/atmatm6/devkitPro/libctru/lib/libctru.a(svc.o)
                0x0000000000104f9c                svcCreateEvent
 .text.svcSignalEvent
                0x0000000000104fb0        0x8 /home/atmatm6/devkitPro/libctru/lib/libctru.a(svc.o)
                0x0000000000104fb0                svcSignalEvent
 .text.svcClearEvent
                0x0000000000104fb8        0x8 /home/atmatm6/devkitPro/libctru/lib/libctru.a(svc.o)
                0x0000000000104fb8                svcClearEvent
 .text.svcCreateMemoryBlock
                0x0000000000104fc0       0x18 /home/atmatm6/devkitPro/libctru/lib/libctru.a(svc.o)
                0x0000000000104fc0                svcCreateMemoryBlock
 .text.svcMapMemoryBlock
                0x0000000000104fd8        0x8 /home/atmatm6/devkitPro/libctru/lib/libctru.a(svc.o)
                0x0000000000104fd8                svcMapMemoryBlock
 .text.svcUnmapMemoryBlock
                0x0000000000104fe0        0x8 /home/atmatm6/devkitPro/libctru/lib/libctru.a(svc.o)
                0x0000000000104fe0                svcUnmapMemoryBlock
 .text.svcCreateAddressArbiter
                0x0000000000104fe8       0x14 /home/atmatm6/devkitPro/libctru/lib/libctru.a(svc.o)
                0x0000000000104fe8                svcCreateAddressArbiter
 .text.svcArbitrateAddress
                0x0000000000104ffc       0x18 /home/atmatm6/devkitPro/libctru/lib/libctru.a(svc.o)
                0x0000000000104ffc                svcArbitrateAddress
 .text.svcCloseHandle
                0x0000000000105014        0x8 /home/atmatm6/devkitPro/libctru/lib/libctru.a(svc.o)
                0x0000000000105014                svcCloseHandle
 .text.svcWaitSynchronization
                0x000000000010501c        0x8 /home/atmatm6/devkitPro/libctru/lib/libctru.a(svc.o)
                0x000000000010501c                svcWaitSynchronization
 .text.svcWaitSynchronizationN
                0x0000000000105024       0x28 /home/atmatm6/devkitPro/libctru/lib/libctru.a(svc.o)
                0x0000000000105024                svcWaitSynchronizationN
 .text.svcDuplicateHandle
                0x000000000010504c       0x14 /home/atmatm6/devkitPro/libctru/lib/libctru.a(svc.o)
                0x000000000010504c                svcDuplicateHandle
 .text.svcGetSystemTick
                0x0000000000105060        0x8 /home/atmatm6/devkitPro/libctru/lib/libctru.a(svc.o)
                0x0000000000105060                svcGetSystemTick
 .text.svcGetSystemInfo
                0x0000000000105068       0x18 /home/atmatm6/devkitPro/libctru/lib/libctru.a(svc.o)
                0x0000000000105068                svcGetSystemInfo
 .text.svcConnectToPort
                0x0000000000105080       0x14 /home/atmatm6/devkitPro/libctru/lib/libctru.a(svc.o)
                0x0000000000105080                svcConnectToPort
 .text.svcSendSyncRequest
                0x0000000000105094        0x8 /home/atmatm6/devkitPro/libctru/lib/libctru.a(svc.o)
                0x0000000000105094                svcSendSyncRequest
 .text.svcBreak
                0x000000000010509c        0x8 /home/atmatm6/devkitPro/libctru/lib/libctru.a(svc.o)
                0x000000000010509c                svcBreak
 .text.svcOutputDebugString
                0x00000000001050a4        0x8 /home/atmatm6/devkitPro/libctru/lib/libctru.a(svc.o)
                0x00000000001050a4                svcOutputDebugString
 .text._ZL21addrMapNodeComparatorPK11rbtree_nodeS1_
                0x00000000001050ac       0x24 /home/atmatm6/devkitPro/libctru/lib/libctru.a(linear.o)
 .text._ZL21addrMapNodeDestructorP11rbtree_node
                0x00000000001050d0        0x4 /home/atmatm6/devkitPro/libctru/lib/libctru.a(linear.o)
 .text.linearMemAlign
                0x00000000001050d4      0x13c /home/atmatm6/devkitPro/libctru/lib/libctru.a(linear.o)
                0x00000000001050d4                linearMemAlign
 .text.linearAlloc
                0x0000000000105210        0x8 /home/atmatm6/devkitPro/libctru/lib/libctru.a(linear.o)
                0x0000000000105210                linearAlloc
 .text.linearFree
                0x0000000000105218       0x50 /home/atmatm6/devkitPro/libctru/lib/libctru.a(linear.o)
                0x0000000000105218                linearFree
 .text._ZL21addrMapNodeComparatorPK11rbtree_nodeS1_
                0x0000000000105268       0x24 /home/atmatm6/devkitPro/libctru/lib/libctru.a(mappable.o)
 .text._ZL21addrMapNodeDestructorP11rbtree_node
                0x000000000010528c        0x4 /home/atmatm6/devkitPro/libctru/lib/libctru.a(mappable.o)
 .text.mappableAlloc
                0x0000000000105290       0xf4 /home/atmatm6/devkitPro/libctru/lib/libctru.a(mappable.o)
                0x0000000000105290                mappableAlloc
 .text.mappableFree
                0x0000000000105384       0x50 /home/atmatm6/devkitPro/libctru/lib/libctru.a(mappable.o)
                0x0000000000105384                mappableFree
 .text._ZL21addrMapNodeComparatorPK11rbtree_nodeS1_
                0x00000000001053d4       0x24 /home/atmatm6/devkitPro/libctru/lib/libctru.a(vram.o)
 .text._ZL21addrMapNodeDestructorP11rbtree_node
                0x00000000001053f8        0x4 /home/atmatm6/devkitPro/libctru/lib/libctru.a(vram.o)
 .text.vramMemAlign
                0x00000000001053fc      0x12c /home/atmatm6/devkitPro/libctru/lib/libctru.a(vram.o)
                0x00000000001053fc                vramMemAlign
 .text.vramAlloc
                0x0000000000105528        0x8 /home/atmatm6/devkitPro/libctru/lib/libctru.a(vram.o)
                0x0000000000105528                vramAlloc
 .text.vramFree
                0x0000000000105530       0x50 /home/atmatm6/devkitPro/libctru/lib/libctru.a(vram.o)
                0x0000000000105530                vramFree
 .text.threadCreate
                0x0000000000105580      0x1bc /home/atmatm6/devkitPro/libctru/lib/libctru.a(thread.o)
                0x0000000000105580                threadCreate
 .text.threadJoin
                0x000000000010573c       0x24 /home/atmatm6/devkitPro/libctru/lib/libctru.a(thread.o)
                0x000000000010573c                threadJoin
 .text.threadExit
                0x0000000000105760       0x70 /home/atmatm6/devkitPro/libctru/lib/libctru.a(thread.o)
                0x0000000000105760                threadExit
 .text._thread_begin
                0x00000000001057d0       0x40 /home/atmatm6/devkitPro/libctru/lib/libctru.a(thread.o)
 .text.srvExit  0x0000000000105810       0x50 /home/atmatm6/devkitPro/libctru/lib/libctru.a(srv.o)
                0x0000000000105810                srvExit
 .text.srvRegisterClient
                0x0000000000105860       0x38 /home/atmatm6/devkitPro/libctru/lib/libctru.a(srv.o)
                0x0000000000105860                srvRegisterClient
 .text.srvInit  0x0000000000105898       0x78 /home/atmatm6/devkitPro/libctru/lib/libctru.a(srv.o)
                0x0000000000105898                srvInit
 .text.srvGetServiceHandleDirect
                0x0000000000105910       0x68 /home/atmatm6/devkitPro/libctru/lib/libctru.a(srv.o)
                0x0000000000105910                srvGetServiceHandleDirect
 .text.srvGetServiceHandle
                0x0000000000105978       0x38 /home/atmatm6/devkitPro/libctru/lib/libctru.a(srv.o)
                0x0000000000105978                srvGetServiceHandle
 .text.getSysTime
                0x00000000001059b0       0x58 /home/atmatm6/devkitPro/libctru/lib/libctru.a(os.o)
 .text.osGetMemRegionUsed
                0x0000000000105a08       0x24 /home/atmatm6/devkitPro/libctru/lib/libctru.a(os.o)
                0x0000000000105a08                osGetMemRegionUsed
 *fill*         0x0000000000105a2c        0x4 
 .text.__libctru_gtod
                0x0000000000105a30       0xf4 /home/atmatm6/devkitPro/libctru/lib/libctru.a(os.o)
                0x0000000000105a30                __libctru_gtod
 .text.__ctru_speedup_config
                0x0000000000105b24       0x34 /home/atmatm6/devkitPro/libctru/lib/libctru.a(os.o)
                0x0000000000105b24                __ctru_speedup_config
 .text.envGetHandle
                0x0000000000105b58       0x84 /home/atmatm6/devkitPro/libctru/lib/libctru.a(env.o)
                0x0000000000105b58                envGetHandle
 .text.envDestroyHandles
                0x0000000000105bdc       0x4c /home/atmatm6/devkitPro/libctru/lib/libctru.a(env.o)
                0x0000000000105bdc                envDestroyHandles
 .text.LightLock_Unlock.part.1
                0x0000000000105c28       0x34 /home/atmatm6/devkitPro/libctru/lib/libctru.a(synchronization.o)
 .text.__sync_init
                0x0000000000105c5c        0xc /home/atmatm6/devkitPro/libctru/lib/libctru.a(synchronization.o)
                0x0000000000105c5c                __sync_init
 .text.__sync_fini
                0x0000000000105c68       0x18 /home/atmatm6/devkitPro/libctru/lib/libctru.a(synchronization.o)
                0x0000000000105c68                __sync_fini
 .text.__sync_get_arbiter
                0x0000000000105c80       0x10 /home/atmatm6/devkitPro/libctru/lib/libctru.a(synchronization.o)
                0x0000000000105c80                __sync_get_arbiter
 .text.LightLock_Init
                0x0000000000105c90       0x18 /home/atmatm6/devkitPro/libctru/lib/libctru.a(synchronization.o)
                0x0000000000105c90                LightLock_Init
 .text.LightLock_Lock
                0x0000000000105ca8       0xa0 /home/atmatm6/devkitPro/libctru/lib/libctru.a(synchronization.o)
                0x0000000000105ca8                LightLock_Lock
 .text.LightLock_TryLock
                0x0000000000105d48       0x34 /home/atmatm6/devkitPro/libctru/lib/libctru.a(synchronization.o)
                0x0000000000105d48                LightLock_TryLock
 .text.LightLock_Unlock
                0x0000000000105d7c       0x20 /home/atmatm6/devkitPro/libctru/lib/libctru.a(synchronization.o)
                0x0000000000105d7c                LightLock_Unlock
 .text.RecursiveLock_Init
                0x0000000000105d9c       0x24 /home/atmatm6/devkitPro/libctru/lib/libctru.a(synchronization.o)
                0x0000000000105d9c                RecursiveLock_Init
 .text.RecursiveLock_Lock
                0x0000000000105dc0       0x30 /home/atmatm6/devkitPro/libctru/lib/libctru.a(synchronization.o)
                0x0000000000105dc0                RecursiveLock_Lock
 .text.RecursiveLock_TryLock
                0x0000000000105df0       0x58 /home/atmatm6/devkitPro/libctru/lib/libctru.a(synchronization.o)
                0x0000000000105df0                RecursiveLock_TryLock
 .text.RecursiveLock_Unlock
                0x0000000000105e48       0x38 /home/atmatm6/devkitPro/libctru/lib/libctru.a(synchronization.o)
                0x0000000000105e48                RecursiveLock_Unlock
 .text.LightEvent_Init
                0x0000000000105e80       0x38 /home/atmatm6/devkitPro/libctru/lib/libctru.a(synchronization.o)
                0x0000000000105e80                LightEvent_Init
 .text.LightEvent_Clear
                0x0000000000105eb8       0x7c /home/atmatm6/devkitPro/libctru/lib/libctru.a(synchronization.o)
                0x0000000000105eb8                LightEvent_Clear
 .text.LightEvent_Signal
                0x0000000000105f34       0xdc /home/atmatm6/devkitPro/libctru/lib/libctru.a(synchronization.o)
                0x0000000000105f34                LightEvent_Signal
 .text.LightEvent_Wait
                0x0000000000106010       0xd0 /home/atmatm6/devkitPro/libctru/lib/libctru.a(synchronization.o)
                0x0000000000106010                LightEvent_Wait
 .text.ptmSysmInit
                0x00000000001060e0       0x70 /home/atmatm6/devkitPro/libctru/lib/libctru.a(ptmsysm.o)
                0x00000000001060e0                ptmSysmInit
 .text.ptmSysmExit
                0x0000000000106150       0x34 /home/atmatm6/devkitPro/libctru/lib/libctru.a(ptmsysm.o)
                0x0000000000106150                ptmSysmExit
 .text.PTMSYSM_ConfigureNew3DSCPU
                0x0000000000106184       0x34 /home/atmatm6/devkitPro/libctru/lib/libctru.a(ptmsysm.o)
                0x0000000000106184                PTMSYSM_ConfigureNew3DSCPU
 .text.rbtree_find
                0x00000000001061b8       0x70 /home/atmatm6/devkitPro/libctru/lib/libctru.a(rbtree_find.o)
                0x00000000001061b8                rbtree_find
 .text.rbtree_remove
                0x0000000000106228      0x324 /home/atmatm6/devkitPro/libctru/lib/libctru.a(rbtree_remove.o)
                0x0000000000106228                rbtree_remove
 .text.rbtree_node_next
                0x000000000010654c       0x74 /home/atmatm6/devkitPro/libctru/lib/libctru.a(rbtree_iterator.o)
                0x000000000010654c                rbtree_node_next
 .text.rbtree_rotate
                0x00000000001065c0       0x94 /home/atmatm6/devkitPro/libctru/lib/libctru.a(rbtree_rotate.o)
                0x00000000001065c0                rbtree_rotate
 .text.do_insert
                0x0000000000106654      0x18c /home/atmatm6/devkitPro/libctru/lib/libctru.a(rbtree_insert.o)
 .text.rbtree_insert
                0x00000000001067e0        0x8 /home/atmatm6/devkitPro/libctru/lib/libctru.a(rbtree_insert.o)
                0x00000000001067e0                rbtree_insert
 .text.rbtree_init
                0x00000000001067e8       0x14 /home/atmatm6/devkitPro/libctru/lib/libctru.a(rbtree_init.o)
                0x00000000001067e8                rbtree_init
 .text.decode_utf16
                0x00000000001067fc       0x60 /home/atmatm6/devkitPro/libctru/lib/libctru.a(decode_utf16.o)
                0x00000000001067fc                decode_utf16
 .text.__libctru_exit
                0x000000000010685c       0xa4 /home/atmatm6/devkitPro/libctru/lib/libctru.a(ctru_exit.o)
                0x000000000010685c                __libctru_exit
 .text.__appExit
                0x0000000000106900       0x1c /home/atmatm6/devkitPro/libctru/lib/libctru.a(appExit.o)
                0x0000000000106900                __appExit
 .text.osGetMemRegionSize
                0x000000000010691c       0x58 /home/atmatm6/devkitPro/libctru/lib/libctru.a(allocateHeaps.o)
 .text.__system_allocateHeaps
                0x0000000000106974      0x104 /home/atmatm6/devkitPro/libctru/lib/libctru.a(allocateHeaps.o)
                0x0000000000106974                __system_allocateHeaps
 .text.__ctru_get_reent
                0x0000000000106a78       0x30 /home/atmatm6/devkitPro/libctru/lib/libctru.a(syscalls.o)
 .text.__system_initSyscalls
                0x0000000000106aa8       0xe4 /home/atmatm6/devkitPro/libctru/lib/libctru.a(syscalls.o)
                0x0000000000106aa8                __system_initSyscalls
 .text.__appInit
                0x0000000000106b8c       0x1c /home/atmatm6/devkitPro/libctru/lib/libctru.a(appInit.o)
                0x0000000000106b8c                __appInit
 .text._ZN7MemPool13CoalesceRightEP8MemBlock
                0x0000000000106ba8       0x98 /home/atmatm6/devkitPro/libctru/lib/libctru.a(mem_pool.o)
                0x0000000000106ba8                MemPool::CoalesceRight(MemBlock*)
 .text._ZN7MemPool8AllocateER8MemChunkmi
                0x0000000000106c40      0x178 /home/atmatm6/devkitPro/libctru/lib/libctru.a(mem_pool.o)
                0x0000000000106c40                MemPool::Allocate(MemChunk&, unsigned long, int)
 .text._ZN7MemPool10DeallocateERK8MemChunk
                0x0000000000106db8      0x100 /home/atmatm6/devkitPro/libctru/lib/libctru.a(mem_pool.o)
                0x0000000000106db8                MemPool::Deallocate(MemChunk const&)
 .text.sdmc_link
                0x0000000000106eb8       0x10 /home/atmatm6/devkitPro/libctru/lib/libctru.a(sdmc_dev.o)
 .text.sdmc_dirreset
                0x0000000000106ec8       0x10 /home/atmatm6/devkitPro/libctru/lib/libctru.a(sdmc_dev.o)
 .text.sdmc_fchmod
                0x0000000000106ed8       0x10 /home/atmatm6/devkitPro/libctru/lib/libctru.a(sdmc_dev.o)
 .text.error_cmp
                0x0000000000106ee8       0x24 /home/atmatm6/devkitPro/libctru/lib/libctru.a(sdmc_dev.o)
 .text.sdmc_translate_error
                0x0000000000106f0c       0x50 /home/atmatm6/devkitPro/libctru/lib/libctru.a(sdmc_dev.o)
 .text.sdmc_fsync
                0x0000000000106f5c       0x34 /home/atmatm6/devkitPro/libctru/lib/libctru.a(sdmc_dev.o)
 .text.sdmc_ftruncate
                0x0000000000106f90       0x54 /home/atmatm6/devkitPro/libctru/lib/libctru.a(sdmc_dev.o)
 .text.sdmc_statvfs
                0x0000000000106fe4       0xb8 /home/atmatm6/devkitPro/libctru/lib/libctru.a(sdmc_dev.o)
 .text.sdmc_dirclose
                0x000000000010709c       0x38 /home/atmatm6/devkitPro/libctru/lib/libctru.a(sdmc_dev.o)
 .text.sdmc_dirnext
                0x00000000001070d4      0x138 /home/atmatm6/devkitPro/libctru/lib/libctru.a(sdmc_dev.o)
 .text.sdmc_close
                0x000000000010720c       0x34 /home/atmatm6/devkitPro/libctru/lib/libctru.a(sdmc_dev.o)
 .text.sdmc_fstat
                0x0000000000107240       0x74 /home/atmatm6/devkitPro/libctru/lib/libctru.a(sdmc_dev.o)
 .text.sdmc_seek
                0x00000000001072b4       0xd8 /home/atmatm6/devkitPro/libctru/lib/libctru.a(sdmc_dev.o)
 .text.sdmc_read
                0x000000000010738c       0x84 /home/atmatm6/devkitPro/libctru/lib/libctru.a(sdmc_dev.o)
 .text.sdmc_write
                0x0000000000107410       0xb8 /home/atmatm6/devkitPro/libctru/lib/libctru.a(sdmc_dev.o)
 .text.sdmc_utf16path
                0x00000000001074c8      0x1b4 /home/atmatm6/devkitPro/libctru/lib/libctru.a(sdmc_dev.o)
 .text.sdmc_rmdir
                0x000000000010767c       0x74 /home/atmatm6/devkitPro/libctru/lib/libctru.a(sdmc_dev.o)
 .text.sdmc_diropen
                0x00000000001076f0       0xa4 /home/atmatm6/devkitPro/libctru/lib/libctru.a(sdmc_dev.o)
 .text.sdmc_chdir
                0x0000000000107794       0xa0 /home/atmatm6/devkitPro/libctru/lib/libctru.a(sdmc_dev.o)
 .text.sdmc_mkdir
                0x0000000000107834       0x98 /home/atmatm6/devkitPro/libctru/lib/libctru.a(sdmc_dev.o)
 .text.sdmc_rename
                0x00000000001078cc      0x108 /home/atmatm6/devkitPro/libctru/lib/libctru.a(sdmc_dev.o)
 .text.sdmc_unlink
                0x00000000001079d4       0x74 /home/atmatm6/devkitPro/libctru/lib/libctru.a(sdmc_dev.o)
 .text.sdmc_stat
                0x0000000000107a48      0x108 /home/atmatm6/devkitPro/libctru/lib/libctru.a(sdmc_dev.o)
 .text.sdmc_open
                0x0000000000107b50      0x188 /home/atmatm6/devkitPro/libctru/lib/libctru.a(sdmc_dev.o)
 .text.sdmc_chmod
                0x0000000000107cd8       0x10 /home/atmatm6/devkitPro/libctru/lib/libctru.a(sdmc_dev.o)
 .text.sdmcInit
                0x0000000000107ce8      0x15c /home/atmatm6/devkitPro/libctru/lib/libctru.a(sdmc_dev.o)
                0x0000000000107ce8                sdmcInit
 .text.sdmcExit
                0x0000000000107e44       0x58 /home/atmatm6/devkitPro/libctru/lib/libctru.a(sdmc_dev.o)
                0x0000000000107e44                sdmcExit
 .text.fsSessionForArchive.part.0
                0x0000000000107e9c       0x28 /home/atmatm6/devkitPro/libctru/lib/libctru.a(fs.o)
 .text.fsInit   0x0000000000107ec4       0xc8 /home/atmatm6/devkitPro/libctru/lib/libctru.a(fs.o)
                0x0000000000107ec4                fsInit
 .text.fsExit   0x0000000000107f8c       0x38 /home/atmatm6/devkitPro/libctru/lib/libctru.a(fs.o)
                0x0000000000107f8c                fsExit
 .text.fsExemptFromSession
                0x0000000000107fc4       0xa0 /home/atmatm6/devkitPro/libctru/lib/libctru.a(fs.o)
                0x0000000000107fc4                fsExemptFromSession
 .text.fsUnexemptFromSession
                0x0000000000108064       0x54 /home/atmatm6/devkitPro/libctru/lib/libctru.a(fs.o)
                0x0000000000108064                fsUnexemptFromSession
 .text.FSUSER_OpenFile
                0x00000000001080b8       0xbc /home/atmatm6/devkitPro/libctru/lib/libctru.a(fs.o)
                0x00000000001080b8                FSUSER_OpenFile
 .text.FSUSER_DeleteFile
                0x0000000000108174       0xa4 /home/atmatm6/devkitPro/libctru/lib/libctru.a(fs.o)
                0x0000000000108174                FSUSER_DeleteFile
 .text.FSUSER_RenameFile
                0x0000000000108218       0xe0 /home/atmatm6/devkitPro/libctru/lib/libctru.a(fs.o)
                0x0000000000108218                FSUSER_RenameFile
 .text.FSUSER_DeleteDirectory
                0x00000000001082f8       0xa4 /home/atmatm6/devkitPro/libctru/lib/libctru.a(fs.o)
                0x00000000001082f8                FSUSER_DeleteDirectory
 .text.FSUSER_CreateFile
                0x000000000010839c       0xbc /home/atmatm6/devkitPro/libctru/lib/libctru.a(fs.o)
                0x000000000010839c                FSUSER_CreateFile
 .text.FSUSER_CreateDirectory
                0x0000000000108458       0xac /home/atmatm6/devkitPro/libctru/lib/libctru.a(fs.o)
                0x0000000000108458                FSUSER_CreateDirectory
 .text.FSUSER_RenameDirectory
                0x0000000000108504       0xe0 /home/atmatm6/devkitPro/libctru/lib/libctru.a(fs.o)
                0x0000000000108504                FSUSER_RenameDirectory
 .text.FSUSER_OpenDirectory
                0x00000000001085e4       0xa4 /home/atmatm6/devkitPro/libctru/lib/libctru.a(fs.o)
                0x00000000001085e4                FSUSER_OpenDirectory
 .text.FSUSER_OpenArchive
                0x0000000000108688       0x98 /home/atmatm6/devkitPro/libctru/lib/libctru.a(fs.o)
                0x0000000000108688                FSUSER_OpenArchive
 .text.FSUSER_CloseArchive
                0x0000000000108720       0x74 /home/atmatm6/devkitPro/libctru/lib/libctru.a(fs.o)
                0x0000000000108720                FSUSER_CloseArchive
 .text.FSUSER_GetSdmcArchiveResource
                0x0000000000108794       0x78 /home/atmatm6/devkitPro/libctru/lib/libctru.a(fs.o)
                0x0000000000108794                FSUSER_GetSdmcArchiveResource
 .text.FSUSER_IsSdmcWritable
                0x000000000010880c       0x64 /home/atmatm6/devkitPro/libctru/lib/libctru.a(fs.o)
                0x000000000010880c                FSUSER_IsSdmcWritable
 .text.FSFILE_Read
                0x0000000000108870       0x5c /home/atmatm6/devkitPro/libctru/lib/libctru.a(fs.o)
                0x0000000000108870                FSFILE_Read
 .text.FSFILE_Write
                0x00000000001088cc       0x64 /home/atmatm6/devkitPro/libctru/lib/libctru.a(fs.o)
                0x00000000001088cc                FSFILE_Write
 .text.FSFILE_GetSize
                0x0000000000108930       0x3c /home/atmatm6/devkitPro/libctru/lib/libctru.a(fs.o)
                0x0000000000108930                FSFILE_GetSize
 .text.FSFILE_SetSize
                0x000000000010896c       0x2c /home/atmatm6/devkitPro/libctru/lib/libctru.a(fs.o)
                0x000000000010896c                FSFILE_SetSize
 .text.FSFILE_Close
                0x0000000000108998       0x3c /home/atmatm6/devkitPro/libctru/lib/libctru.a(fs.o)
                0x0000000000108998                FSFILE_Close
 .text.FSFILE_Flush
                0x00000000001089d4       0x24 /home/atmatm6/devkitPro/libctru/lib/libctru.a(fs.o)
                0x00000000001089d4                FSFILE_Flush
 .text.FSDIR_Read
                0x00000000001089f8       0x54 /home/atmatm6/devkitPro/libctru/lib/libctru.a(fs.o)
                0x00000000001089f8                FSDIR_Read
 .text.FSDIR_Close
                0x0000000000108a4c       0x3c /home/atmatm6/devkitPro/libctru/lib/libctru.a(fs.o)
                0x0000000000108a4c                FSDIR_Close
 .text.__aeabi_read_tp
                0x0000000000108a88        0xc /home/atmatm6/devkitPro/libctru/lib/libctru.a(readtp.o)
                0x0000000000108a88                __aeabi_read_tp
 .text.__udivmoddi4
                0x0000000000108a94      0x128 /home/atmatm6/devkitPro/devkitARM/bin/../lib/gcc/arm-none-eabi/6.3.0/armv6k/fpu/libgcc.a(_udivmoddi4.o)
                0x0000000000108a94                __udivmoddi4
 .text.bsearch  0x0000000000108bbc       0x74 /home/atmatm6/devkitPro/devkitARM/bin/../lib/gcc/arm-none-eabi/6.3.0/../../../../arm-none-eabi/lib/armv6k/fpu/libg.a(lib_a-bsearch.o)
                0x0000000000108bbc                bsearch
 .text.__libc_fini_array
                0x0000000000108c30       0x40 /home/atmatm6/devkitPro/devkitARM/bin/../lib/gcc/arm-none-eabi/6.3.0/../../../../arm-none-eabi/lib/armv6k/fpu/libg.a(lib_a-fini.o)
                0x0000000000108c30                __libc_fini_array
 .text.__libc_init_array
                0x0000000000108c70       0x78 /home/atmatm6/devkitPro/devkitARM/bin/../lib/gcc/arm-none-eabi/6.3.0/../../../../arm-none-eabi/lib/armv6k/fpu/libg.a(lib_a-init.o)
                0x0000000000108c70                __libc_init_array
 .text.memalign
                0x0000000000108ce8       0x20 /home/atmatm6/devkitPro/devkitARM/bin/../lib/gcc/arm-none-eabi/6.3.0/../../../../arm-none-eabi/lib/armv6k/fpu/libg.a(lib_a-malign.o)
                0x0000000000108ce8                memalign
 .text._memalign_r
                0x0000000000108d08      0x158 /home/atmatm6/devkitPro/devkitARM/bin/../lib/gcc/arm-none-eabi/6.3.0/../../../../arm-none-eabi/lib/armv6k/fpu/libg.a(lib_a-malignr.o)
                0x0000000000108d08                _memalign_r
 .text.malloc   0x0000000000108e60       0x18 /home/atmatm6/devkitPro/devkitARM/bin/../lib/gcc/arm-none-eabi/6.3.0/../../../../arm-none-eabi/lib/armv6k/fpu/libg.a(lib_a-malloc.o)
                0x0000000000108e60                malloc
 .text.free     0x0000000000108e78       0x18 /home/atmatm6/devkitPro/devkitARM/bin/../lib/gcc/arm-none-eabi/6.3.0/../../../../arm-none-eabi/lib/armv6k/fpu/libg.a(lib_a-malloc.o)
                0x0000000000108e78                free
 .text._malloc_r
                0x0000000000108e90      0x78c /home/atmatm6/devkitPro/devkitARM/bin/../lib/gcc/arm-none-eabi/6.3.0/../../../../arm-none-eabi/lib/armv6k/fpu/libg.a(lib_a-mallocr.o)
                0x0000000000108e90                _malloc_r
 .text.memchr   0x000000000010961c      0x104 /home/atmatm6/devkitPro/devkitARM/bin/../lib/gcc/arm-none-eabi/6.3.0/../../../../arm-none-eabi/lib/armv6k/fpu/libg.a(lib_a-memchr-stub.o)
                0x000000000010961c                memchr
 .text.memcpy   0x0000000000109720      0x114 /home/atmatm6/devkitPro/devkitARM/bin/../lib/gcc/arm-none-eabi/6.3.0/../../../../arm-none-eabi/lib/armv6k/fpu/libg.a(lib_a-memcpy-stub.o)
                0x0000000000109720                memcpy
 .text.memset   0x0000000000109834      0x110 /home/atmatm6/devkitPro/devkitARM/bin/../lib/gcc/arm-none-eabi/6.3.0/../../../../arm-none-eabi/lib/armv6k/fpu/libg.a(lib_a-memset.o)
                0x0000000000109834                memset
 .text.__malloc_lock
                0x0000000000109944        0xc /home/atmatm6/devkitPro/devkitARM/bin/../lib/gcc/arm-none-eabi/6.3.0/../../../../arm-none-eabi/lib/armv6k/fpu/libg.a(lib_a-mlock.o)
                0x0000000000109944                __malloc_lock
 .text.__malloc_unlock
                0x0000000000109950        0xc /home/atmatm6/devkitPro/devkitARM/bin/../lib/gcc/arm-none-eabi/6.3.0/../../../../arm-none-eabi/lib/armv6k/fpu/libg.a(lib_a-mlock.o)
                0x0000000000109950                __malloc_unlock
 .text.printf   0x000000000010995c       0x38 /home/atmatm6/devkitPro/devkitARM/bin/../lib/gcc/arm-none-eabi/6.3.0/../../../../arm-none-eabi/lib/armv6k/fpu/libg.a(lib_a-printf.o)
                0x000000000010995c                printf
 .text._puts_r  0x0000000000109994       0xe0 /home/atmatm6/devkitPro/devkitARM/bin/../lib/gcc/arm-none-eabi/6.3.0/../../../../arm-none-eabi/lib/armv6k/fpu/libg.a(lib_a-puts.o)
                0x0000000000109994                _puts_r
 .text.puts     0x0000000000109a74       0x18 /home/atmatm6/devkitPro/devkitARM/bin/../lib/gcc/arm-none-eabi/6.3.0/../../../../arm-none-eabi/lib/armv6k/fpu/libg.a(lib_a-puts.o)
                0x0000000000109a74                puts
 .text.setvbuf  0x0000000000109a8c      0x258 /home/atmatm6/devkitPro/devkitARM/bin/../lib/gcc/arm-none-eabi/6.3.0/../../../../arm-none-eabi/lib/armv6k/fpu/libg.a(lib_a-setvbuf.o)
                0x0000000000109a8c                setvbuf
 .text.sscanf   0x0000000000109ce4       0x74 /home/atmatm6/devkitPro/devkitARM/bin/../lib/gcc/arm-none-eabi/6.3.0/../../../../arm-none-eabi/lib/armv6k/fpu/libg.a(lib_a-sscanf.o)
                0x0000000000109ce4                sscanf
 .text.__sread  0x0000000000109d58       0x3c /home/atmatm6/devkitPro/devkitARM/bin/../lib/gcc/arm-none-eabi/6.3.0/../../../../arm-none-eabi/lib/armv6k/fpu/libg.a(lib_a-stdio.o)
                0x0000000000109d58                __sread
 .text.__seofread
                0x0000000000109d94        0x8 /home/atmatm6/devkitPro/devkitARM/bin/../lib/gcc/arm-none-eabi/6.3.0/../../../../arm-none-eabi/lib/armv6k/fpu/libg.a(lib_a-stdio.o)
                0x0000000000109d94                __seofread
 .text.__swrite
                0x0000000000109d9c       0x64 /home/atmatm6/devkitPro/devkitARM/bin/../lib/gcc/arm-none-eabi/6.3.0/../../../../arm-none-eabi/lib/armv6k/fpu/libg.a(lib_a-stdio.o)
                0x0000000000109d9c                __swrite
 .text.__sseek  0x0000000000109e00       0x4c /home/atmatm6/devkitPro/devkitARM/bin/../lib/gcc/arm-none-eabi/6.3.0/../../../../arm-none-eabi/lib/armv6k/fpu/libg.a(lib_a-stdio.o)
                0x0000000000109e00                __sseek
 .text.__sclose
                0x0000000000109e4c        0x8 /home/atmatm6/devkitPro/devkitARM/bin/../lib/gcc/arm-none-eabi/6.3.0/../../../../arm-none-eabi/lib/armv6k/fpu/libg.a(lib_a-stdio.o)
                0x0000000000109e4c                __sclose
 .text.strlen   0x0000000000109e54       0x5c /home/atmatm6/devkitPro/devkitARM/bin/../lib/gcc/arm-none-eabi/6.3.0/../../../../arm-none-eabi/lib/armv6k/fpu/libg.a(lib_a-strlen-stub.o)
                0x0000000000109e54                strlen
 .text.strncat  0x0000000000109eb0       0x9c /home/atmatm6/devkitPro/devkitARM/bin/../lib/gcc/arm-none-eabi/6.3.0/../../../../arm-none-eabi/lib/armv6k/fpu/libg.a(lib_a-strncat.o)
                0x0000000000109eb0                strncat
 .text.strncpy  0x0000000000109f4c       0xd8 /home/atmatm6/devkitPro/devkitARM/bin/../lib/gcc/arm-none-eabi/6.3.0/../../../../arm-none-eabi/lib/armv6k/fpu/libg.a(lib_a-strncpy.o)
                0x0000000000109f4c                strncpy
 .text.__ssvfscanf_r
                0x000000000010a024     0x290c /home/atmatm6/devkitPro/devkitARM/bin/../lib/gcc/arm-none-eabi/6.3.0/../../../../arm-none-eabi/lib/armv6k/fpu/libg.a(lib_a-svfscanf.o)
                0x000000000010a024                __ssvfscanf_r
 .text.__sprint_r.part.0
                0x000000000010c930       0x1c /home/atmatm6/devkitPro/devkitARM/bin/../lib/gcc/arm-none-eabi/6.3.0/../../../../arm-none-eabi/lib/armv6k/fpu/libg.a(lib_a-vfiprintf.o)
 .text.__sprint_r
                0x000000000010c94c       0x1c /home/atmatm6/devkitPro/devkitARM/bin/../lib/gcc/arm-none-eabi/6.3.0/../../../../arm-none-eabi/lib/armv6k/fpu/libg.a(lib_a-vfiprintf.o)
                0x000000000010c94c                __sprint_r
 .text.get_arg  0x000000000010c968     0x1624 /home/atmatm6/devkitPro/devkitARM/bin/../lib/gcc/arm-none-eabi/6.3.0/../../../../arm-none-eabi/lib/armv6k/fpu/libg.a(lib_a-vfprintf.o)
 *fill*         0x000000000010df8c        0x4 
 .text._vfprintf_r
                0x000000000010df90     0x4314 /home/atmatm6/devkitPro/devkitARM/bin/../lib/gcc/arm-none-eabi/6.3.0/../../../../arm-none-eabi/lib/armv6k/fpu/libg.a(lib_a-vfprintf.o)
                0x000000000010df90                _vfprintf_r
 .text.__sbprintf
                0x00000000001122a4       0xcc /home/atmatm6/devkitPro/devkitARM/bin/../lib/gcc/arm-none-eabi/6.3.0/../../../../arm-none-eabi/lib/armv6k/fpu/libg.a(lib_a-vfprintf.o)
 .text._wcrtomb_r
                0x0000000000112370       0xa0 /home/atmatm6/devkitPro/devkitARM/bin/../lib/gcc/arm-none-eabi/6.3.0/../../../../arm-none-eabi/lib/armv6k/fpu/libg.a(lib_a-wcrtomb.o)
                0x0000000000112370                _wcrtomb_r
 .text._wcsrtombs_r
                0x0000000000112410       0x20 /home/atmatm6/devkitPro/devkitARM/bin/../lib/gcc/arm-none-eabi/6.3.0/../../../../arm-none-eabi/lib/armv6k/fpu/libg.a(lib_a-wcsrtombs.o)
                0x0000000000112410                _wcsrtombs_r
 .text.__swsetup_r
                0x0000000000112430      0x144 /home/atmatm6/devkitPro/devkitARM/bin/../lib/gcc/arm-none-eabi/6.3.0/../../../../arm-none-eabi/lib/armv6k/fpu/libg.a(lib_a-wsetup.o)
                0x0000000000112430                __swsetup_r
 .text.quorem   0x0000000000112574      0x1d0 /home/atmatm6/devkitPro/devkitARM/bin/../lib/gcc/arm-none-eabi/6.3.0/../../../../arm-none-eabi/lib/armv6k/fpu/libg.a(lib_a-dtoa.o)
 *fill*         0x0000000000112744        0x4 
 .text._dtoa_r  0x0000000000112748     0x1260 /home/atmatm6/devkitPro/devkitARM/bin/../lib/gcc/arm-none-eabi/6.3.0/../../../../arm-none-eabi/lib/armv6k/fpu/libg.a(lib_a-dtoa.o)
                0x0000000000112748                _dtoa_r
 .text.__sflush_r
                0x00000000001139a8      0x254 /home/atmatm6/devkitPro/devkitARM/bin/../lib/gcc/arm-none-eabi/6.3.0/../../../../arm-none-eabi/lib/armv6k/fpu/libg.a(lib_a-fflush.o)
                0x00000000001139a8                __sflush_r
 .text._fflush_r
                0x0000000000113bfc       0x94 /home/atmatm6/devkitPro/devkitARM/bin/../lib/gcc/arm-none-eabi/6.3.0/../../../../arm-none-eabi/lib/armv6k/fpu/libg.a(lib_a-fflush.o)
                0x0000000000113bfc                _fflush_r
 .text._cleanup_r
                0x0000000000113c90        0xc /home/atmatm6/devkitPro/devkitARM/bin/../lib/gcc/arm-none-eabi/6.3.0/../../../../arm-none-eabi/lib/armv6k/fpu/libg.a(lib_a-findfp.o)
                0x0000000000113c90                _cleanup_r
 .text.std.isra.0
                0x0000000000113c9c       0x80 /home/atmatm6/devkitPro/devkitARM/bin/../lib/gcc/arm-none-eabi/6.3.0/../../../../arm-none-eabi/lib/armv6k/fpu/libg.a(lib_a-findfp.o)
 .text.__sinit  0x0000000000113d1c       0x8c /home/atmatm6/devkitPro/devkitARM/bin/../lib/gcc/arm-none-eabi/6.3.0/../../../../arm-none-eabi/lib/armv6k/fpu/libg.a(lib_a-findfp.o)
                0x0000000000113d1c                __sinit
 .text.__sfp_lock_acquire
                0x0000000000113da8        0xc /home/atmatm6/devkitPro/devkitARM/bin/../lib/gcc/arm-none-eabi/6.3.0/../../../../arm-none-eabi/lib/armv6k/fpu/libg.a(lib_a-findfp.o)
                0x0000000000113da8                __sfp_lock_acquire
 .text.__sfp_lock_release
                0x0000000000113db4        0xc /home/atmatm6/devkitPro/devkitARM/bin/../lib/gcc/arm-none-eabi/6.3.0/../../../../arm-none-eabi/lib/armv6k/fpu/libg.a(lib_a-findfp.o)
                0x0000000000113db4                __sfp_lock_release
 .text._malloc_trim_r
                0x0000000000113dc0       0xf8 /home/atmatm6/devkitPro/devkitARM/bin/../lib/gcc/arm-none-eabi/6.3.0/../../../../arm-none-eabi/lib/armv6k/fpu/libg.a(lib_a-freer.o)
                0x0000000000113dc0                _malloc_trim_r
 .text._free_r  0x0000000000113eb8      0x2e4 /home/atmatm6/devkitPro/devkitARM/bin/../lib/gcc/arm-none-eabi/6.3.0/../../../../arm-none-eabi/lib/armv6k/fpu/libg.a(lib_a-freer.o)
                0x0000000000113eb8                _free_r
 .text.__sfvwrite_r
                0x000000000011419c      0x4ac /home/atmatm6/devkitPro/devkitARM/bin/../lib/gcc/arm-none-eabi/6.3.0/../../../../arm-none-eabi/lib/armv6k/fpu/libg.a(lib_a-fvwrite.o)
                0x000000000011419c                __sfvwrite_r
 .text._fwalk_reent
                0x0000000000114648       0x80 /home/atmatm6/devkitPro/devkitARM/bin/../lib/gcc/arm-none-eabi/6.3.0/../../../../arm-none-eabi/lib/armv6k/fpu/libg.a(lib_a-fwalk.o)
                0x0000000000114648                _fwalk_reent
 .text.iswspace
                0x00000000001146c8       0x74 /home/atmatm6/devkitPro/devkitARM/bin/../lib/gcc/arm-none-eabi/6.3.0/../../../../arm-none-eabi/lib/armv6k/fpu/libg.a(lib_a-iswspace.o)
                0x00000000001146c8                iswspace
 .text.__jp2uc  0x000000000011473c      0x204 /home/atmatm6/devkitPro/devkitARM/bin/../lib/gcc/arm-none-eabi/6.3.0/../../../../arm-none-eabi/lib/armv6k/fpu/libg.a(lib_a-jp2uc.o)
 .text._jp2uc   0x0000000000114940       0xc8 /home/atmatm6/devkitPro/devkitARM/bin/../lib/gcc/arm-none-eabi/6.3.0/../../../../arm-none-eabi/lib/armv6k/fpu/libg.a(lib_a-jp2uc.o)
                0x0000000000114940                _jp2uc
 .text.__localeconv_l
                0x0000000000114a08        0x8 /home/atmatm6/devkitPro/devkitARM/bin/../lib/gcc/arm-none-eabi/6.3.0/../../../../arm-none-eabi/lib/armv6k/fpu/libg.a(lib_a-localeconv.o)
                0x0000000000114a08                __localeconv_l
 .text._localeconv_r
                0x0000000000114a10       0x24 /home/atmatm6/devkitPro/devkitARM/bin/../lib/gcc/arm-none-eabi/6.3.0/../../../../arm-none-eabi/lib/armv6k/fpu/libg.a(lib_a-localeconv.o)
                0x0000000000114a10                _localeconv_r
 .text.__locale_mb_cur_max
                0x0000000000114a34       0x24 /home/atmatm6/devkitPro/devkitARM/bin/../lib/gcc/arm-none-eabi/6.3.0/../../../../arm-none-eabi/lib/armv6k/fpu/libg.a(lib_a-locale.o)
                0x0000000000114a34                __locale_mb_cur_max
 .text.__locale_ctype_ptr_l
                0x0000000000114a58        0x8 /home/atmatm6/devkitPro/devkitARM/bin/../lib/gcc/arm-none-eabi/6.3.0/../../../../arm-none-eabi/lib/armv6k/fpu/libg.a(lib_a-locale.o)
                0x0000000000114a58                __locale_ctype_ptr_l
 .text.__locale_ctype_ptr
                0x0000000000114a60       0x24 /home/atmatm6/devkitPro/devkitARM/bin/../lib/gcc/arm-none-eabi/6.3.0/../../../../arm-none-eabi/lib/armv6k/fpu/libg.a(lib_a-locale.o)
                0x0000000000114a60                __locale_ctype_ptr
 .text.__swhatbuf_r
                0x0000000000114a84       0x94 /home/atmatm6/devkitPro/devkitARM/bin/../lib/gcc/arm-none-eabi/6.3.0/../../../../arm-none-eabi/lib/armv6k/fpu/libg.a(lib_a-makebuf.o)
                0x0000000000114a84                __swhatbuf_r
 .text.__smakebuf_r
                0x0000000000114b18       0xf4 /home/atmatm6/devkitPro/devkitARM/bin/../lib/gcc/arm-none-eabi/6.3.0/../../../../arm-none-eabi/lib/armv6k/fpu/libg.a(lib_a-makebuf.o)
                0x0000000000114b18                __smakebuf_r
 .text._mbrtowc_r
                0x0000000000114c0c       0xb4 /home/atmatm6/devkitPro/devkitARM/bin/../lib/gcc/arm-none-eabi/6.3.0/../../../../arm-none-eabi/lib/armv6k/fpu/libg.a(lib_a-mbrtowc.o)
                0x0000000000114c0c                _mbrtowc_r
 .text.__utf8_mbtowc
                0x0000000000114cc0      0x300 /home/atmatm6/devkitPro/devkitARM/bin/../lib/gcc/arm-none-eabi/6.3.0/../../../../arm-none-eabi/lib/armv6k/fpu/libg.a(lib_a-mbtowc_r.o)
                0x0000000000114cc0                __utf8_mbtowc
 .text.memmove  0x0000000000114fc0      0x148 /home/atmatm6/devkitPro/devkitARM/bin/../lib/gcc/arm-none-eabi/6.3.0/../../../../arm-none-eabi/lib/armv6k/fpu/libg.a(lib_a-memmove.o)
                0x0000000000114fc0                memmove
 .text._Balloc  0x0000000000115108       0x88 /home/atmatm6/devkitPro/devkitARM/bin/../lib/gcc/arm-none-eabi/6.3.0/../../../../arm-none-eabi/lib/armv6k/fpu/libg.a(lib_a-mprec.o)
                0x0000000000115108                _Balloc
 .text._Bfree   0x0000000000115190       0x1c /home/atmatm6/devkitPro/devkitARM/bin/../lib/gcc/arm-none-eabi/6.3.0/../../../../arm-none-eabi/lib/armv6k/fpu/libg.a(lib_a-mprec.o)
                0x0000000000115190                _Bfree
 .text.__multadd
                0x00000000001151ac       0xd8 /home/atmatm6/devkitPro/devkitARM/bin/../lib/gcc/arm-none-eabi/6.3.0/../../../../arm-none-eabi/lib/armv6k/fpu/libg.a(lib_a-mprec.o)
                0x00000000001151ac                __multadd
 .text.__s2b    0x0000000000115284       0xf0 /home/atmatm6/devkitPro/devkitARM/bin/../lib/gcc/arm-none-eabi/6.3.0/../../../../arm-none-eabi/lib/armv6k/fpu/libg.a(lib_a-mprec.o)
                0x0000000000115284                __s2b
 .text.__hi0bits
                0x0000000000115374       0x58 /home/atmatm6/devkitPro/devkitARM/bin/../lib/gcc/arm-none-eabi/6.3.0/../../../../arm-none-eabi/lib/armv6k/fpu/libg.a(lib_a-mprec.o)
                0x0000000000115374                __hi0bits
 .text.__lo0bits
                0x00000000001153cc       0x9c /home/atmatm6/devkitPro/devkitARM/bin/../lib/gcc/arm-none-eabi/6.3.0/../../../../arm-none-eabi/lib/armv6k/fpu/libg.a(lib_a-mprec.o)
                0x00000000001153cc                __lo0bits
 .text.__i2b    0x0000000000115468       0x20 /home/atmatm6/devkitPro/devkitARM/bin/../lib/gcc/arm-none-eabi/6.3.0/../../../../arm-none-eabi/lib/armv6k/fpu/libg.a(lib_a-mprec.o)
                0x0000000000115468                __i2b
 .text.__multiply
                0x0000000000115488      0x1cc /home/atmatm6/devkitPro/devkitARM/bin/../lib/gcc/arm-none-eabi/6.3.0/../../../../arm-none-eabi/lib/armv6k/fpu/libg.a(lib_a-mprec.o)
                0x0000000000115488                __multiply
 .text.__pow5mult
                0x0000000000115654      0x100 /home/atmatm6/devkitPro/devkitARM/bin/../lib/gcc/arm-none-eabi/6.3.0/../../../../arm-none-eabi/lib/armv6k/fpu/libg.a(lib_a-mprec.o)
                0x0000000000115654                __pow5mult
 .text.__lshift
                0x0000000000115754       0xe4 /home/atmatm6/devkitPro/devkitARM/bin/../lib/gcc/arm-none-eabi/6.3.0/../../../../arm-none-eabi/lib/armv6k/fpu/libg.a(lib_a-mprec.o)
                0x0000000000115754                __lshift
 .text.__mcmp   0x0000000000115838       0x60 /home/atmatm6/devkitPro/devkitARM/bin/../lib/gcc/arm-none-eabi/6.3.0/../../../../arm-none-eabi/lib/armv6k/fpu/libg.a(lib_a-mprec.o)
                0x0000000000115838                __mcmp
 .text.__mdiff  0x0000000000115898      0x198 /home/atmatm6/devkitPro/devkitARM/bin/../lib/gcc/arm-none-eabi/6.3.0/../../../../arm-none-eabi/lib/armv6k/fpu/libg.a(lib_a-mprec.o)
                0x0000000000115898                __mdiff
 .text.__ulp    0x0000000000115a30       0x78 /home/atmatm6/devkitPro/devkitARM/bin/../lib/gcc/arm-none-eabi/6.3.0/../../../../arm-none-eabi/lib/armv6k/fpu/libg.a(lib_a-mprec.o)
                0x0000000000115a30                __ulp
 .text.__b2d    0x0000000000115aa8       0xd4 /home/atmatm6/devkitPro/devkitARM/bin/../lib/gcc/arm-none-eabi/6.3.0/../../../../arm-none-eabi/lib/armv6k/fpu/libg.a(lib_a-mprec.o)
                0x0000000000115aa8                __b2d
 .text.__d2b    0x0000000000115b7c      0x108 /home/atmatm6/devkitPro/devkitARM/bin/../lib/gcc/arm-none-eabi/6.3.0/../../../../arm-none-eabi/lib/armv6k/fpu/libg.a(lib_a-mprec.o)
                0x0000000000115b7c                __d2b
 .text.__ratio  0x0000000000115c84       0x7c /home/atmatm6/devkitPro/devkitARM/bin/../lib/gcc/arm-none-eabi/6.3.0/../../../../arm-none-eabi/lib/armv6k/fpu/libg.a(lib_a-mprec.o)
                0x0000000000115c84                __ratio
 .text.__copybits
                0x0000000000115d00       0x6c /home/atmatm6/devkitPro/devkitARM/bin/../lib/gcc/arm-none-eabi/6.3.0/../../../../arm-none-eabi/lib/armv6k/fpu/libg.a(lib_a-mprec.o)
                0x0000000000115d00                __copybits
 .text.__any_on
                0x0000000000115d6c       0x80 /home/atmatm6/devkitPro/devkitARM/bin/../lib/gcc/arm-none-eabi/6.3.0/../../../../arm-none-eabi/lib/armv6k/fpu/libg.a(lib_a-mprec.o)
                0x0000000000115d6c                __any_on
 .text._realloc_r
                0x0000000000115dec      0x4cc /home/atmatm6/devkitPro/devkitARM/bin/../lib/gcc/arm-none-eabi/6.3.0/../../../../arm-none-eabi/lib/armv6k/fpu/libg.a(lib_a-reallocr.o)
                0x0000000000115dec                _realloc_r
 .text.__sccl   0x00000000001162b8       0xcc /home/atmatm6/devkitPro/devkitARM/bin/../lib/gcc/arm-none-eabi/6.3.0/../../../../arm-none-eabi/lib/armv6k/fpu/libg.a(lib_a-sccl.o)
                0x00000000001162b8                __sccl
 .text.nanf     0x0000000000116384        0xc /home/atmatm6/devkitPro/devkitARM/bin/../lib/gcc/arm-none-eabi/6.3.0/../../../../arm-none-eabi/lib/armv6k/fpu/libg.a(lib_a-sf_nan.o)
                0x0000000000116384                nanf
 .text.frexp    0x0000000000116390       0x9c /home/atmatm6/devkitPro/devkitARM/bin/../lib/gcc/arm-none-eabi/6.3.0/../../../../arm-none-eabi/lib/armv6k/fpu/libg.a(lib_a-s_frexp.o)
                0x0000000000116390                frexp
 .text.sprintf  0x000000000011642c       0x68 /home/atmatm6/devkitPro/devkitARM/bin/../lib/gcc/arm-none-eabi/6.3.0/../../../../arm-none-eabi/lib/armv6k/fpu/libg.a(lib_a-sprintf.o)
                0x000000000011642c                sprintf
 .text.stpncpy  0x0000000000116494      0x100 /home/atmatm6/devkitPro/devkitARM/bin/../lib/gcc/arm-none-eabi/6.3.0/../../../../arm-none-eabi/lib/armv6k/fpu/libg.a(lib_a-stpncpy.o)
                0x0000000000116494                stpncpy
 .text.strchr   0x0000000000116594      0x1ac /home/atmatm6/devkitPro/devkitARM/bin/../lib/gcc/arm-none-eabi/6.3.0/../../../../arm-none-eabi/lib/armv6k/fpu/libg.a(lib_a-strchr.o)
                0x0000000000116594                strchr
 .text.strncmp  0x0000000000116740      0x108 /home/atmatm6/devkitPro/devkitARM/bin/../lib/gcc/arm-none-eabi/6.3.0/../../../../arm-none-eabi/lib/armv6k/fpu/libg.a(lib_a-strncmp.o)
                0x0000000000116740                strncmp
 .text.unlikely.sulp
                0x0000000000116848       0x54 /home/atmatm6/devkitPro/devkitARM/bin/../lib/gcc/arm-none-eabi/6.3.0/../../../../arm-none-eabi/lib/armv6k/fpu/libg.a(lib_a-strtod.o)
 *fill*         0x000000000011689c        0x4 
 .text._strtod_l
                0x00000000001168a0     0x1434 /home/atmatm6/devkitPro/devkitARM/bin/../lib/gcc/arm-none-eabi/6.3.0/../../../../arm-none-eabi/lib/armv6k/fpu/libg.a(lib_a-strtod.o)
                0x00000000001168a0                _strtod_l
 .text._strtod_r
                0x0000000000117cd4       0x3c /home/atmatm6/devkitPro/devkitARM/bin/../lib/gcc/arm-none-eabi/6.3.0/../../../../arm-none-eabi/lib/armv6k/fpu/libg.a(lib_a-strtod.o)
                0x0000000000117cd4                _strtod_r
 .text._strtoll_l.isra.0
                0x0000000000117d10      0x2dc /home/atmatm6/devkitPro/devkitARM/bin/../lib/gcc/arm-none-eabi/6.3.0/../../../../arm-none-eabi/lib/armv6k/fpu/libg.a(lib_a-strtoll.o)
 .text._strtoll_r
                0x0000000000117fec       0x50 /home/atmatm6/devkitPro/devkitARM/bin/../lib/gcc/arm-none-eabi/6.3.0/../../../../arm-none-eabi/lib/armv6k/fpu/libg.a(lib_a-strtoll.o)
                0x0000000000117fec                _strtoll_r
 .text._strtol_l.isra.0
                0x000000000011803c      0x220 /home/atmatm6/devkitPro/devkitARM/bin/../lib/gcc/arm-none-eabi/6.3.0/../../../../arm-none-eabi/lib/armv6k/fpu/libg.a(lib_a-strtol.o)
 .text._strtol_r
                0x000000000011825c       0x50 /home/atmatm6/devkitPro/devkitARM/bin/../lib/gcc/arm-none-eabi/6.3.0/../../../../arm-none-eabi/lib/armv6k/fpu/libg.a(lib_a-strtol.o)
                0x000000000011825c                _strtol_r
 *fill*         0x00000000001182ac        0x4 
 .text._strtoull_l.isra.0
                0x00000000001182b0      0x268 /home/atmatm6/devkitPro/devkitARM/bin/../lib/gcc/arm-none-eabi/6.3.0/../../../../arm-none-eabi/lib/armv6k/fpu/libg.a(lib_a-strtoull.o)
 .text._strtoull_r
                0x0000000000118518       0x50 /home/atmatm6/devkitPro/devkitARM/bin/../lib/gcc/arm-none-eabi/6.3.0/../../../../arm-none-eabi/lib/armv6k/fpu/libg.a(lib_a-strtoull.o)
                0x0000000000118518                _strtoull_r
 .text._strtoul_l.isra.0
                0x0000000000118568      0x1e4 /home/atmatm6/devkitPro/devkitARM/bin/../lib/gcc/arm-none-eabi/6.3.0/../../../../arm-none-eabi/lib/armv6k/fpu/libg.a(lib_a-strtoul.o)
 .text._strtoul_r
                0x000000000011874c       0x50 /home/atmatm6/devkitPro/devkitARM/bin/../lib/gcc/arm-none-eabi/6.3.0/../../../../arm-none-eabi/lib/armv6k/fpu/libg.a(lib_a-strtoul.o)
                0x000000000011874c                _strtoul_r
 .text.__ssprint_r
                0x000000000011879c      0x188 /home/atmatm6/devkitPro/devkitARM/bin/../lib/gcc/arm-none-eabi/6.3.0/../../../../arm-none-eabi/lib/armv6k/fpu/libg.a(lib_a-svfiprintf.o)
                0x000000000011879c                __ssprint_r
 .text._sungetc_r
                0x0000000000118924       0xe8 /home/atmatm6/devkitPro/devkitARM/bin/../lib/gcc/arm-none-eabi/6.3.0/../../../../arm-none-eabi/lib/armv6k/fpu/libg.a(lib_a-svfiscanf.o)
                0x0000000000118924                _sungetc_r
 .text.__ssrefill_r
                0x0000000000118a0c       0x6c /home/atmatm6/devkitPro/devkitARM/bin/../lib/gcc/arm-none-eabi/6.3.0/../../../../arm-none-eabi/lib/armv6k/fpu/libg.a(lib_a-svfiscanf.o)
                0x0000000000118a0c                __ssrefill_r
 .text._sfread_r
                0x0000000000118a78       0xd0 /home/atmatm6/devkitPro/devkitARM/bin/../lib/gcc/arm-none-eabi/6.3.0/../../../../arm-none-eabi/lib/armv6k/fpu/libg.a(lib_a-svfiscanf.o)
                0x0000000000118a78                _sfread_r
 .text.get_arg  0x0000000000118b48     0x1624 /home/atmatm6/devkitPro/devkitARM/bin/../lib/gcc/arm-none-eabi/6.3.0/../../../../arm-none-eabi/lib/armv6k/fpu/libg.a(lib_a-svfprintf.o)
 *fill*         0x000000000011a16c        0x4 
 .text._svfprintf_r
                0x000000000011a170     0x41c4 /home/atmatm6/devkitPro/devkitARM/bin/../lib/gcc/arm-none-eabi/6.3.0/../../../../arm-none-eabi/lib/armv6k/fpu/libg.a(lib_a-svfprintf.o)
                0x000000000011a170                _svfprintf_r
 .text.__submore
                0x000000000011e334       0xa8 /home/atmatm6/devkitPro/devkitARM/bin/../lib/gcc/arm-none-eabi/6.3.0/../../../../arm-none-eabi/lib/armv6k/fpu/libg.a(lib_a-ungetc.o)
                0x000000000011e334                __submore
 .text._wcsnrtombs_l
                0x000000000011e3dc      0x174 /home/atmatm6/devkitPro/devkitARM/bin/../lib/gcc/arm-none-eabi/6.3.0/../../../../arm-none-eabi/lib/armv6k/fpu/libg.a(lib_a-wcsnrtombs.o)
                0x000000000011e3dc                _wcsnrtombs_l
 .text._wcsnrtombs_r
                0x000000000011e550       0x64 /home/atmatm6/devkitPro/devkitARM/bin/../lib/gcc/arm-none-eabi/6.3.0/../../../../arm-none-eabi/lib/armv6k/fpu/libg.a(lib_a-wcsnrtombs.o)
                0x000000000011e550                _wcsnrtombs_r
 .text.__utf8_wctomb
                0x000000000011e5b4       0xe8 /home/atmatm6/devkitPro/devkitARM/bin/../lib/gcc/arm-none-eabi/6.3.0/../../../../arm-none-eabi/lib/armv6k/fpu/libg.a(lib_a-wctomb_r.o)
                0x000000000011e5b4                __utf8_wctomb
 .text._calloc_r
                0x000000000011e69c       0x90 /home/atmatm6/devkitPro/devkitARM/bin/../lib/gcc/arm-none-eabi/6.3.0/../../../../arm-none-eabi/lib/armv6k/fpu/libg.a(lib_a-callocr.o)
                0x000000000011e69c                _calloc_r
 .text._fclose_r
                0x000000000011e72c      0x154 /home/atmatm6/devkitPro/devkitARM/bin/../lib/gcc/arm-none-eabi/6.3.0/../../../../arm-none-eabi/lib/armv6k/fpu/libg.a(lib_a-fclose.o)
                0x000000000011e72c                _fclose_r
 .text.rshift   0x000000000011e880       0xf0 /home/atmatm6/devkitPro/devkitARM/bin/../lib/gcc/arm-none-eabi/6.3.0/../../../../arm-none-eabi/lib/armv6k/fpu/libg.a(lib_a-gdtoa-gethex.o)
 .text.__gethex
                0x000000000011e970      0x7f4 /home/atmatm6/devkitPro/devkitARM/bin/../lib/gcc/arm-none-eabi/6.3.0/../../../../arm-none-eabi/lib/armv6k/fpu/libg.a(lib_a-gdtoa-gethex.o)
                0x000000000011e970                __gethex
 .text.__match  0x000000000011f164       0x64 /home/atmatm6/devkitPro/devkitARM/bin/../lib/gcc/arm-none-eabi/6.3.0/../../../../arm-none-eabi/lib/armv6k/fpu/libg.a(lib_a-gdtoa-hexnan.o)
                0x000000000011f164                __match
 .text.__hexnan
                0x000000000011f1c8      0x264 /home/atmatm6/devkitPro/devkitARM/bin/../lib/gcc/arm-none-eabi/6.3.0/../../../../arm-none-eabi/lib/armv6k/fpu/libg.a(lib_a-gdtoa-hexnan.o)
                0x000000000011f1c8                __hexnan
 .text.null_write
                0x000000000011f42c        0x8 /home/atmatm6/devkitPro/devkitARM/bin/../lib/gcc/arm-none-eabi/6.3.0/../../../../arm-none-eabi/lib/armv6k/fpu/libsysbase.a(iosupport.o)
 .text.setDefaultDevice
                0x000000000011f434       0x18 /home/atmatm6/devkitPro/devkitARM/bin/../lib/gcc/arm-none-eabi/6.3.0/../../../../arm-none-eabi/lib/armv6k/fpu/libsysbase.a(iosupport.o)
                0x000000000011f434                setDefaultDevice
 .text.FindDevice
                0x000000000011f44c       0xcc /home/atmatm6/devkitPro/devkitARM/bin/../lib/gcc/arm-none-eabi/6.3.0/../../../../arm-none-eabi/lib/armv6k/fpu/libsysbase.a(iosupport.o)
                0x000000000011f44c                FindDevice
 .text.RemoveDevice
                0x000000000011f518       0x28 /home/atmatm6/devkitPro/devkitARM/bin/../lib/gcc/arm-none-eabi/6.3.0/../../../../arm-none-eabi/lib/armv6k/fpu/libsysbase.a(iosupport.o)
                0x000000000011f518                RemoveDevice
 .text.AddDevice
                0x000000000011f540       0x98 /home/atmatm6/devkitPro/devkitARM/bin/../lib/gcc/arm-none-eabi/6.3.0/../../../../arm-none-eabi/lib/armv6k/fpu/libsysbase.a(iosupport.o)
                0x000000000011f540                AddDevice
 .text._close_r
                0x000000000011f5d8       0x84 /home/atmatm6/devkitPro/devkitARM/bin/../lib/gcc/arm-none-eabi/6.3.0/../../../../arm-none-eabi/lib/armv6k/fpu/libsysbase.a(close.o)
                0x000000000011f5d8                _close_r
 .text._fstat_r
                0x000000000011f65c       0x7c /home/atmatm6/devkitPro/devkitARM/bin/../lib/gcc/arm-none-eabi/6.3.0/../../../../arm-none-eabi/lib/armv6k/fpu/libsysbase.a(fstat.o)
                0x000000000011f65c                _fstat_r
 .text._isatty_r
                0x000000000011f6d8        0x8 /home/atmatm6/devkitPro/devkitARM/bin/../lib/gcc/arm-none-eabi/6.3.0/../../../../arm-none-eabi/lib/armv6k/fpu/libsysbase.a(isatty.o)
                0x000000000011f6d8                _isatty_r
 .text._lseek_r
                0x000000000011f6e0       0x90 /home/atmatm6/devkitPro/devkitARM/bin/../lib/gcc/arm-none-eabi/6.3.0/../../../../arm-none-eabi/lib/armv6k/fpu/libsysbase.a(lseek.o)
                0x000000000011f6e0                _lseek_r
 .text._read_r  0x000000000011f770       0x88 /home/atmatm6/devkitPro/devkitARM/bin/../lib/gcc/arm-none-eabi/6.3.0/../../../../arm-none-eabi/lib/armv6k/fpu/libsysbase.a(read.o)
                0x000000000011f770                _read_r
 .text._sbrk_r  0x000000000011f7f8       0x70 /home/atmatm6/devkitPro/devkitARM/bin/../lib/gcc/arm-none-eabi/6.3.0/../../../../arm-none-eabi/lib/armv6k/fpu/libsysbase.a(sbrk.o)
                0x000000000011f7f8                _sbrk_r
 .text._write_r
                0x000000000011f868       0x88 /home/atmatm6/devkitPro/devkitARM/bin/../lib/gcc/arm-none-eabi/6.3.0/../../../../arm-none-eabi/lib/armv6k/fpu/libsysbase.a(write.o)
                0x000000000011f868                _write_r
 .text._concatenate_path
                0x000000000011f8f0      0x1d4 /home/atmatm6/devkitPro/devkitARM/bin/../lib/gcc/arm-none-eabi/6.3.0/../../../../arm-none-eabi/lib/armv6k/fpu/libsysbase.a(chdir.o)
                0x000000000011f8f0                _concatenate_path
 .text.chdir    0x000000000011fac4      0x15c /home/atmatm6/devkitPro/devkitARM/bin/../lib/gcc/arm-none-eabi/6.3.0/../../../../arm-none-eabi/lib/armv6k/fpu/libsysbase.a(chdir.o)
                0x000000000011fac4                chdir
 .text.__flockfile
                0x000000000011fc20        0x8 /home/atmatm6/devkitPro/devkitARM/bin/../lib/gcc/arm-none-eabi/6.3.0/../../../../arm-none-eabi/lib/armv6k/fpu/libsysbase.a(flock.o)
                0x000000000011fc20                __flockfile
 .text.__funlockfile
                0x000000000011fc28        0x8 /home/atmatm6/devkitPro/devkitARM/bin/../lib/gcc/arm-none-eabi/6.3.0/../../../../arm-none-eabi/lib/armv6k/fpu/libsysbase.a(flock.o)
                0x000000000011fc28                __funlockfile
 .text.__libc_lock_acquire
                0x000000000011fc30       0x18 /home/atmatm6/devkitPro/devkitARM/bin/../lib/gcc/arm-none-eabi/6.3.0/../../../../arm-none-eabi/lib/armv6k/fpu/libsysbase.a(syscall_support.o)
                0x000000000011fc30                __libc_lock_acquire
 .text.__libc_lock_release
                0x000000000011fc48       0x18 /home/atmatm6/devkitPro/devkitARM/bin/../lib/gcc/arm-none-eabi/6.3.0/../../../../arm-none-eabi/lib/armv6k/fpu/libsysbase.a(syscall_support.o)
                0x000000000011fc48                __libc_lock_release
 .text.__libc_lock_init_recursive
                0x000000000011fc60       0x18 /home/atmatm6/devkitPro/devkitARM/bin/../lib/gcc/arm-none-eabi/6.3.0/../../../../arm-none-eabi/lib/armv6k/fpu/libsysbase.a(syscall_support.o)
                0x000000000011fc60                __libc_lock_init_recursive
 .text.__libc_lock_acquire_recursive
                0x000000000011fc78       0x18 /home/atmatm6/devkitPro/devkitARM/bin/../lib/gcc/arm-none-eabi/6.3.0/../../../../arm-none-eabi/lib/armv6k/fpu/libsysbase.a(syscall_support.o)
                0x000000000011fc78                __libc_lock_acquire_recursive
 .text.__libc_lock_release_recursive
                0x000000000011fc90       0x18 /home/atmatm6/devkitPro/devkitARM/bin/../lib/gcc/arm-none-eabi/6.3.0/../../../../arm-none-eabi/lib/armv6k/fpu/libsysbase.a(syscall_support.o)
                0x000000000011fc90                __libc_lock_release_recursive
 .text.__libc_lock_close_recursive
                0x000000000011fca8       0x18 /home/atmatm6/devkitPro/devkitARM/bin/../lib/gcc/arm-none-eabi/6.3.0/../../../../arm-none-eabi/lib/armv6k/fpu/libsysbase.a(syscall_support.o)
                0x000000000011fca8                __libc_lock_close_recursive
 .text.__free_handle
                0x000000000011fcc0       0x4c /home/atmatm6/devkitPro/devkitARM/bin/../lib/gcc/arm-none-eabi/6.3.0/../../../../arm-none-eabi/lib/armv6k/fpu/libsysbase.a(handle_manager.o)
                0x000000000011fcc0                __free_handle
 .text.__release_handle
                0x000000000011fd0c       0x40 /home/atmatm6/devkitPro/devkitARM/bin/../lib/gcc/arm-none-eabi/6.3.0/../../../../arm-none-eabi/lib/armv6k/fpu/libsysbase.a(handle_manager.o)
                0x000000000011fd0c                __release_handle
 .text.__get_handle
                0x000000000011fd4c       0x18 /home/atmatm6/devkitPro/devkitARM/bin/../lib/gcc/arm-none-eabi/6.3.0/../../../../arm-none-eabi/lib/armv6k/fpu/libsysbase.a(handle_manager.o)
                0x000000000011fd4c                __get_handle
 .text.__getreent
                0x000000000011fd64       0x28 /home/atmatm6/devkitPro/devkitARM/bin/../lib/gcc/arm-none-eabi/6.3.0/../../../../arm-none-eabi/lib/armv6k/fpu/libsysbase.a(getreent.o)
                0x000000000011fd64                __getreent
 .text.strnlen  0x000000000011fd8c       0x5c /home/atmatm6/devkitPro/devkitARM/bin/../lib/gcc/arm-none-eabi/6.3.0/../../../../arm-none-eabi/lib/armv6k/fpu/libg.a(lib_a-strnlen.o)
                0x000000000011fd8c                strnlen
 .text.strrchr  0x000000000011fde8       0x44 /home/atmatm6/devkitPro/devkitARM/bin/../lib/gcc/arm-none-eabi/6.3.0/../../../../arm-none-eabi/lib/armv6k/fpu/libg.a(lib_a-strrchr.o)
                0x000000000011fde8                strrchr
 *(.glue_7)
 .glue_7        0x000000000011fe2c        0x0 linker stubs
 *(.glue_7t)
 .glue_7t       0x000000000011fe2c        0x0 linker stubs
 *(.stub)
 *(.gnu.warning)
 *(.gnu.linkonce.t*)
                0x000000000011fe2c                . = ALIGN (0x4)
 *(.fini)
 .fini          0x000000000011fe2c        0xc /home/atmatm6/devkitPro/devkitARM/bin/../lib/gcc/arm-none-eabi/6.3.0/armv6k/fpu/crti.o
                0x000000000011fe2c                _fini
 .fini          0x000000000011fe38        0xc /home/atmatm6/devkitPro/devkitARM/bin/../lib/gcc/arm-none-eabi/6.3.0/armv6k/fpu/crtn.o
                0x000000000011fe44                . = ALIGN (0x4)

.vfp11_veneer   0x000000000011fe44        0x0
 .vfp11_veneer  0x000000000011fe44        0x0 linker stubs

.v4_bx          0x000000000011fe44        0x0
 .v4_bx         0x000000000011fe44        0x0 linker stubs

.iplt           0x000000000011fe44        0x0
 .iplt          0x000000000011fe44        0x0 /home/atmatm6/devkitPro/devkitARM/bin/../lib/gcc/arm-none-eabi/6.3.0/../../../../arm-none-eabi/lib/armv6k/fpu/3dsx_crt0.o

.rodata         0x0000000000120000     0x4700
 *(.rodata)
 .rodata        0x0000000000120000       0x1c /home/atmatm6/devkitPro/libctru/lib/libctru.a(gfx.o)
 .rodata        0x000000000012001c      0x168 /home/atmatm6/devkitPro/libctru/lib/libctru.a(console.o)
 .rodata        0x0000000000120184        0xc /home/atmatm6/devkitPro/libctru/lib/libctru.a(apt.o)
 .rodata        0x0000000000120190      0x804 /home/atmatm6/devkitPro/libctru/lib/libctru.a(default_font.bin.o)
                0x0000000000120190                default_font_bin
                0x0000000000120990                default_font_bin_end
                0x0000000000120990                default_font_bin_size
 .rodata        0x0000000000120994       0x3c /home/atmatm6/devkitPro/libctru/lib/libctru.a(sdmc_dev.o)
 *(.roda)
 *(.rodata.*)
 .rodata.str1.4
                0x00000000001209d0       0xa4 main.o
 .rodata.str1.4
                0x0000000000120a74       0x70 /home/atmatm6/devkitPro/libctru/lib/libctru.a(console.o)
 .rodata.str1.4
                0x0000000000120ae4       0x15 /home/atmatm6/devkitPro/libctru/lib/libctru.a(hid.o)
 *fill*         0x0000000000120af9        0x3 
 .rodata.str1.4
                0x0000000000120afc       0x16 /home/atmatm6/devkitPro/libctru/lib/libctru.a(apt.o)
 *fill*         0x0000000000120b12        0x2 
 .rodata.str1.4
                0x0000000000120b14        0xf /home/atmatm6/devkitPro/libctru/lib/libctru.a(news.o)
 *fill*         0x0000000000120b23        0x1 
 .rodata.str1.4
                0x0000000000120b24        0x9 /home/atmatm6/devkitPro/libctru/lib/libctru.a(gspgpu.o)
 *fill*         0x0000000000120b2d        0x3 
 .rodata.str1.4
                0x0000000000120b30        0x7 /home/atmatm6/devkitPro/libctru/lib/libctru.a(irrst.o)
 *fill*         0x0000000000120b37        0x1 
 .rodata.str1.4
                0x0000000000120b38        0x5 /home/atmatm6/devkitPro/libctru/lib/libctru.a(srv.o)
 *fill*         0x0000000000120b3d        0x3 
 .rodata.str1.4
                0x0000000000120b40        0x9 /home/atmatm6/devkitPro/libctru/lib/libctru.a(ptmsysm.o)
 *fill*         0x0000000000120b49        0x3 
 .rodata.str1.4
                0x0000000000120b4c        0xd /home/atmatm6/devkitPro/libctru/lib/libctru.a(sdmc_dev.o)
                                         0x11 (size before relaxing)
 *fill*         0x0000000000120b59        0x3 
 .rodata.str1.4
                0x0000000000120b5c        0x8 /home/atmatm6/devkitPro/libctru/lib/libctru.a(fs.o)
                                          0x9 (size before relaxing)
 .rodata._puts_r.str1.4
                0x0000000000120b64        0x2 /home/atmatm6/devkitPro/devkitARM/bin/../lib/gcc/arm-none-eabi/6.3.0/../../../../arm-none-eabi/lib/armv6k/fpu/libg.a(lib_a-puts.o)
 *fill*         0x0000000000120b66        0x2 
 .rodata.__ssvfscanf_r.str1.4
                0x0000000000120b68        0x5 /home/atmatm6/devkitPro/devkitARM/bin/../lib/gcc/arm-none-eabi/6.3.0/../../../../arm-none-eabi/lib/armv6k/fpu/libg.a(lib_a-svfscanf.o)
 *fill*         0x0000000000120b6d        0x3 
 .rodata.basefix.8441
                0x0000000000120b70       0x22 /home/atmatm6/devkitPro/devkitARM/bin/../lib/gcc/arm-none-eabi/6.3.0/../../../../arm-none-eabi/lib/armv6k/fpu/libg.a(lib_a-svfscanf.o)
 *fill*         0x0000000000120b92        0x2 
 .rodata._vfprintf_r.str1.4
                0x0000000000120b94       0x42 /home/atmatm6/devkitPro/devkitARM/bin/../lib/gcc/arm-none-eabi/6.3.0/../../../../arm-none-eabi/lib/armv6k/fpu/libg.a(lib_a-vfprintf.o)
 *fill*         0x0000000000120bd6        0x2 
 .rodata.blanks.8415
                0x0000000000120bd8       0x10 /home/atmatm6/devkitPro/devkitARM/bin/../lib/gcc/arm-none-eabi/6.3.0/../../../../arm-none-eabi/lib/armv6k/fpu/libg.a(lib_a-vfprintf.o)
 .rodata.zeroes.8416
                0x0000000000120be8       0x10 /home/atmatm6/devkitPro/devkitARM/bin/../lib/gcc/arm-none-eabi/6.3.0/../../../../arm-none-eabi/lib/armv6k/fpu/libg.a(lib_a-vfprintf.o)
 .rodata._dtoa_r.str1.4
                0x0000000000120bf8       0x10 /home/atmatm6/devkitPro/devkitARM/bin/../lib/gcc/arm-none-eabi/6.3.0/../../../../arm-none-eabi/lib/armv6k/fpu/libg.a(lib_a-dtoa.o)
                                         0x12 (size before relaxing)
 .rodata._jp2uc.str1.4
                0x0000000000120c08       0x12 /home/atmatm6/devkitPro/devkitARM/bin/../lib/gcc/arm-none-eabi/6.3.0/../../../../arm-none-eabi/lib/armv6k/fpu/libg.a(lib_a-jp2uc.o)
 *fill*         0x0000000000120c1a        0x2 
 .rodata.a1     0x0000000000120c1c       0xbc /home/atmatm6/devkitPro/devkitARM/bin/../lib/gcc/arm-none-eabi/6.3.0/../../../../arm-none-eabi/lib/armv6k/fpu/libg.a(lib_a-jp2uc.o)
 .rodata.a2     0x0000000000120cd8       0xbc /home/atmatm6/devkitPro/devkitARM/bin/../lib/gcc/arm-none-eabi/6.3.0/../../../../arm-none-eabi/lib/armv6k/fpu/libg.a(lib_a-jp2uc.o)
 .rodata.a3     0x0000000000120d94       0x5b /home/atmatm6/devkitPro/devkitARM/bin/../lib/gcc/arm-none-eabi/6.3.0/../../../../arm-none-eabi/lib/armv6k/fpu/libg.a(lib_a-jp2uc.o)
 *fill*         0x0000000000120def        0x1 
 .rodata.a6     0x0000000000120df0       0x70 /home/atmatm6/devkitPro/devkitARM/bin/../lib/gcc/arm-none-eabi/6.3.0/../../../../arm-none-eabi/lib/armv6k/fpu/libg.a(lib_a-jp2uc.o)
 .rodata.a7     0x0000000000120e60       0xa2 /home/atmatm6/devkitPro/devkitARM/bin/../lib/gcc/arm-none-eabi/6.3.0/../../../../arm-none-eabi/lib/armv6k/fpu/libg.a(lib_a-jp2uc.o)
 *fill*         0x0000000000120f02        0x2 
 .rodata.a8     0x0000000000120f04       0x40 /home/atmatm6/devkitPro/devkitARM/bin/../lib/gcc/arm-none-eabi/6.3.0/../../../../arm-none-eabi/lib/armv6k/fpu/libg.a(lib_a-jp2uc.o)
 .rodata.b02cf  0x0000000000120f44     0x172a /home/atmatm6/devkitPro/devkitARM/bin/../lib/gcc/arm-none-eabi/6.3.0/../../../../arm-none-eabi/lib/armv6k/fpu/libg.a(lib_a-jp2uc.o)
 *fill*         0x000000000012266e        0x2 
 .rodata.d02f4  0x0000000000122670     0x1a7c /home/atmatm6/devkitPro/devkitARM/bin/../lib/gcc/arm-none-eabi/6.3.0/../../../../arm-none-eabi/lib/armv6k/fpu/libg.a(lib_a-jp2uc.o)
 .rodata.str1.4
                0x00000000001240ec       0x44 /home/atmatm6/devkitPro/devkitARM/bin/../lib/gcc/arm-none-eabi/6.3.0/../../../../arm-none-eabi/lib/armv6k/fpu/libg.a(lib_a-locale.o)
                                         0x4c (size before relaxing)
 .rodata._mbrtowc_r.str1.4
                0x0000000000124130        0x1 /home/atmatm6/devkitPro/devkitARM/bin/../lib/gcc/arm-none-eabi/6.3.0/../../../../arm-none-eabi/lib/armv6k/fpu/libg.a(lib_a-mbrtowc.o)
 .rodata.__mprec_bigtens
                0x0000000000124130       0x28 /home/atmatm6/devkitPro/devkitARM/bin/../lib/gcc/arm-none-eabi/6.3.0/../../../../arm-none-eabi/lib/armv6k/fpu/libg.a(lib_a-mprec.o)
                0x0000000000124130                __mprec_bigtens
 .rodata.__mprec_tens
                0x0000000000124158       0xc8 /home/atmatm6/devkitPro/devkitARM/bin/../lib/gcc/arm-none-eabi/6.3.0/../../../../arm-none-eabi/lib/armv6k/fpu/libg.a(lib_a-mprec.o)
                0x0000000000124158                __mprec_tens
 .rodata.p05.7191
                0x0000000000124220        0xc /home/atmatm6/devkitPro/devkitARM/bin/../lib/gcc/arm-none-eabi/6.3.0/../../../../arm-none-eabi/lib/armv6k/fpu/libg.a(lib_a-mprec.o)
 .rodata._strtod_l.str1.4
                0x000000000012422c        0xf /home/atmatm6/devkitPro/devkitARM/bin/../lib/gcc/arm-none-eabi/6.3.0/../../../../arm-none-eabi/lib/armv6k/fpu/libg.a(lib_a-strtod.o)
 *fill*         0x000000000012423b        0x1 
 .rodata.fpi.7277
                0x000000000012423c       0x14 /home/atmatm6/devkitPro/devkitARM/bin/../lib/gcc/arm-none-eabi/6.3.0/../../../../arm-none-eabi/lib/armv6k/fpu/libg.a(lib_a-strtod.o)
 .rodata.fpinan.7313
                0x0000000000124250       0x14 /home/atmatm6/devkitPro/devkitARM/bin/../lib/gcc/arm-none-eabi/6.3.0/../../../../arm-none-eabi/lib/armv6k/fpu/libg.a(lib_a-strtod.o)
 *fill*         0x0000000000124264        0x4 
 .rodata.tinytens
                0x0000000000124268       0x28 /home/atmatm6/devkitPro/devkitARM/bin/../lib/gcc/arm-none-eabi/6.3.0/../../../../arm-none-eabi/lib/armv6k/fpu/libg.a(lib_a-strtod.o)
 .rodata.__action_table
                0x0000000000124290       0x6c /home/atmatm6/devkitPro/devkitARM/bin/../lib/gcc/arm-none-eabi/6.3.0/../../../../arm-none-eabi/lib/armv6k/fpu/libg.a(lib_a-svfiprintf.o)
                0x0000000000124290                __action_table
 .rodata.__chclass
                0x00000000001242fc      0x100 /home/atmatm6/devkitPro/devkitARM/bin/../lib/gcc/arm-none-eabi/6.3.0/../../../../arm-none-eabi/lib/armv6k/fpu/libg.a(lib_a-svfiprintf.o)
                0x00000000001242fc                __chclass
 .rodata.__state_table
                0x00000000001243fc       0x6c /home/atmatm6/devkitPro/devkitARM/bin/../lib/gcc/arm-none-eabi/6.3.0/../../../../arm-none-eabi/lib/armv6k/fpu/libg.a(lib_a-svfiprintf.o)
                0x00000000001243fc                __state_table
 .rodata._svfprintf_r.str1.4
                0x0000000000124468       0x42 /home/atmatm6/devkitPro/devkitARM/bin/../lib/gcc/arm-none-eabi/6.3.0/../../../../arm-none-eabi/lib/armv6k/fpu/libg.a(lib_a-svfprintf.o)
 .rodata.blanks.8400
                0x0000000000124468       0x10 /home/atmatm6/devkitPro/devkitARM/bin/../lib/gcc/arm-none-eabi/6.3.0/../../../../arm-none-eabi/lib/armv6k/fpu/libg.a(lib_a-svfprintf.o)
 .rodata.zeroes.8401
                0x0000000000124478       0x10 /home/atmatm6/devkitPro/devkitARM/bin/../lib/gcc/arm-none-eabi/6.3.0/../../../../arm-none-eabi/lib/armv6k/fpu/libg.a(lib_a-svfprintf.o)
 .rodata._ctype_
                0x0000000000124488      0x101 /home/atmatm6/devkitPro/devkitARM/bin/../lib/gcc/arm-none-eabi/6.3.0/../../../../arm-none-eabi/lib/armv6k/fpu/libg.a(lib_a-ctype_.o)
                0x0000000000124488                _ctype_
 *fill*         0x0000000000124589        0x3 
 .rodata.__hexdig
                0x000000000012458c      0x100 /home/atmatm6/devkitPro/devkitARM/bin/../lib/gcc/arm-none-eabi/6.3.0/../../../../arm-none-eabi/lib/armv6k/fpu/libg.a(lib_a-gdtoa-gethex.o)
                0x000000000012458c                __hexdig
 .rodata.AddDevice.str1.4
                0x000000000012468c        0x8 /home/atmatm6/devkitPro/devkitARM/bin/../lib/gcc/arm-none-eabi/6.3.0/../../../../arm-none-eabi/lib/armv6k/fpu/libsysbase.a(iosupport.o)
 .rodata.dotab_stdnull
                0x0000000000124694       0x68 /home/atmatm6/devkitPro/devkitARM/bin/../lib/gcc/arm-none-eabi/6.3.0/../../../../arm-none-eabi/lib/armv6k/fpu/libsysbase.a(iosupport.o)
                0x0000000000124694                dotab_stdnull
 .rodata.DIRECTORY_PARENT
                0x00000000001246fc        0x3 /home/atmatm6/devkitPro/devkitARM/bin/../lib/gcc/arm-none-eabi/6.3.0/../../../../arm-none-eabi/lib/armv6k/fpu/libsysbase.a(chdir.o)
                0x00000000001246fc                DIRECTORY_PARENT
 *all.rodata*(*)
 *(.gnu.linkonce.r*)
                0x0000000000124700                . = ALIGN (0x4)
 *fill*         0x00000000001246ff        0x1 

.eh_frame       0x0000000000124700        0x0
 .eh_frame      0x0000000000124700        0x0 /home/atmatm6/devkitPro/devkitARM/bin/../lib/gcc/arm-none-eabi/6.3.0/armv6k/fpu/crtbegin.o

.rel.dyn        0x0000000000124700        0x0
 .rel.iplt      0x0000000000124700        0x0 /home/atmatm6/devkitPro/devkitARM/bin/../lib/gcc/arm-none-eabi/6.3.0/../../../../arm-none-eabi/lib/armv6k/fpu/3dsx_crt0.o

.ARM.extab
 *(.ARM.extab* .gnu.linkonce.armextab.*)
                0x0000000000124700                __exidx_start = .

ARM.exidx
 *(.ARM.exidx* .gnu.linkonce.armexidx.*)
                0x0000000000124700                __exidx_end = .

.data           0x0000000000125000     0x2f4c
 *(.data)
 .data          0x0000000000125000        0xc /home/atmatm6/devkitPro/libctru/lib/libctru.a(gfx.o)
 .data          0x000000000012500c       0x51 /home/atmatm6/devkitPro/libctru/lib/libctru.a(console.o)
                0x000000000012500c                defaultConsole
                0x0000000000125058                currentConsole
 *fill*         0x000000000012505d        0x3 
 .data          0x0000000000125060        0x4 /home/atmatm6/devkitPro/libctru/lib/libctru.a(apt.o)
 .data          0x0000000000125064        0x4 /home/atmatm6/devkitPro/libctru/lib/libctru.a(gspgpu.o)
 .data          0x0000000000125068        0x4 /home/atmatm6/devkitPro/libctru/lib/libctru.a(stack_adjust.o)
                0x0000000000125068                __stacksize__
 .data          0x000000000012506c        0x4 /home/atmatm6/devkitPro/libctru/lib/libctru.a(allocateHeaps.o)
                0x000000000012506c                __ctru_linear_heap_size
 .data          0x0000000000125070      0x46c /home/atmatm6/devkitPro/libctru/lib/libctru.a(sdmc_dev.o)
 *(.data.*)
 .data._impure_ptr
                0x00000000001254dc        0x4 /home/atmatm6/devkitPro/devkitARM/bin/../lib/gcc/arm-none-eabi/6.3.0/../../../../arm-none-eabi/lib/armv6k/fpu/libg.a(lib_a-impure.o)
                0x00000000001254dc                _impure_ptr
 .data.impure_data
                0x00000000001254e0      0x460 /home/atmatm6/devkitPro/devkitARM/bin/../lib/gcc/arm-none-eabi/6.3.0/../../../../arm-none-eabi/lib/armv6k/fpu/libg.a(lib_a-impure.o)
 .data.__malloc_av_
                0x0000000000125940      0x408 /home/atmatm6/devkitPro/devkitARM/bin/../lib/gcc/arm-none-eabi/6.3.0/../../../../arm-none-eabi/lib/armv6k/fpu/libg.a(lib_a-mallocr.o)
                0x0000000000125940                __malloc_av_
 .data.__malloc_sbrk_base
                0x0000000000125d48        0x4 /home/atmatm6/devkitPro/devkitARM/bin/../lib/gcc/arm-none-eabi/6.3.0/../../../../arm-none-eabi/lib/armv6k/fpu/libg.a(lib_a-mallocr.o)
                0x0000000000125d48                __malloc_sbrk_base
 .data.__malloc_trim_threshold
                0x0000000000125d4c        0x4 /home/atmatm6/devkitPro/devkitARM/bin/../lib/gcc/arm-none-eabi/6.3.0/../../../../arm-none-eabi/lib/armv6k/fpu/libg.a(lib_a-mallocr.o)
                0x0000000000125d4c                __malloc_trim_threshold
 .data.__malloc_lock_object
                0x0000000000125d50        0xc /home/atmatm6/devkitPro/devkitARM/bin/../lib/gcc/arm-none-eabi/6.3.0/../../../../arm-none-eabi/lib/armv6k/fpu/libg.a(lib_a-mlock.o)
 .data.__sfp_lock